
> tavernkeep@0.1.0 test
> jest

node.exe : FAIL __tests__/components/ai-campaign-generator.test.tsx
At C:\Program Files\nodejs\npm.ps1:29 char:3
+   & $NODE_EXE $NPM_CLI_JS $args
+   ~~~~~~~~~~~~~~~~~~~~~~~~~~~~~
    + CategoryInfo          : NotSpecified: (FAIL __tests__/...erator.test.tsx:String) [], RemoteException
    + FullyQualifiedErrorId : NativeCommandError
 
  ΓùÅ Console

    console.error
      Generation error: ReferenceError: TextDecoder is not defined
          at C:\Users\cscol\OneDrive\Desktop\Projects\ShopKeeper\components\dm\ai-campaign-generator.tsx:95:23

    [0m [90m 162 |[39m       }
     [90m 163 |[39m     } [36mcatch[39m (err) {
    [31m[1m>[22m[39m[90m 164 |[39m       console[33m.[39merror([32m'Generation error:'[39m[33m,[39m err)
     [90m     |[39m               [31m[1m^[22m[39m
     [90m 165 |[39m       setState(s [33m=>[39m ({ [33m...[39ms[33m,[39m status[33m:[39m [32m'error'[39m[33m,[39m message[33m:[39m (err [36mas[39m 
[33mError[39m)[33m.[39mmessage }))
     [90m 166 |[39m       setIsGenerating([36mfalse[39m)
     [90m 167 |[39m     }[0m

      at error (components/dm/ai-campaign-generator.tsx:164:15)

  ΓùÅ AICampaignGenerator - Streaming Progress UI ΓÇ║ shows colored progress boxes during generation

    ReferenceError: TextEncoder is not defined

    [0m [90m 43 |[39m         [33m.[39mmockResolvedValueOnce({
     [90m 44 |[39m           done[33m:[39m [36mfalse[39m[33m,[39m
    [31m[1m>[22m[39m[90m 45 |[39m           value[33m:[39m [36mnew[39m [33mTextEncoder[39m()[33m.[39mencode([32m'event: connected\ndata: {}\n\n'[39m)
     [90m    |[39m                      [31m[1m^[22m[39m
     [90m 46 |[39m         })
     [90m 47 |[39m         [33m.[39mmockResolvedValueOnce({
     [90m 48 |[39m           done[33m:[39m [36mfalse[39m[33m,[39m[0m

      at Object.TextEncoder (__tests__/components/ai-campaign-generator.test.tsx:45:22)

  ΓùÅ AICampaignGenerator - Streaming Progress UI ΓÇ║ displays notable people in blue chips when created

    ReferenceError: TextEncoder is not defined

    [0m [90m  98 |[39m         [33m.[39mmockResolvedValueOnce({
     [90m  99 |[39m           done[33m:[39m [36mfalse[39m[33m,[39m
    [31m[1m>[22m[39m[90m 100 |[39m           value[33m:[39m [36mnew[39m [33mTextEncoder[39m()[33m.[39mencode([32m'event: connected\ndata: {}\n\n'[39m)
     [90m     |[39m                      [31m[1m^[22m[39m
     [90m 101 |[39m         })
     [90m 102 |[39m         [33m.[39mmockResolvedValueOnce({
     [90m 103 |[39m           done[33m:[39m [36mfalse[39m[33m,[39m[0m

      at Object.TextEncoder (__tests__/components/ai-campaign-generator.test.tsx:100:22)

  ΓùÅ AICampaignGenerator - Streaming Progress UI ΓÇ║ shows progress bar with percentage

    ReferenceError: TextEncoder is not defined

    [0m [90m 176 |[39m         [33m.[39mmockResolvedValueOnce({
     [90m 177 |[39m           done[33m:[39m [36mfalse[39m[33m,[39m
    [31m[1m>[22m[39m[90m 178 |[39m           value[33m:[39m [36mnew[39m [33mTextEncoder[39m()[33m.[39mencode([32m'event: progress\ndata: 
{"current":5,"total":15,"message":"Creating towns..."}\n\n'[39m)
     [90m     |[39m                      [31m[1m^[22m[39m
     [90m 179 |[39m         })
     [90m 180 |[39m         [33m.[39mmockResolvedValueOnce({
     [90m 181 |[39m           done[33m:[39m [36mtrue[39m[33m,[39m[0m

      at Object.TextEncoder (__tests__/components/ai-campaign-generator.test.tsx:178:22)

FAIL __tests__/admin/security.test.ts
  ΓùÅ Admin Security - RLS Policy Tests ΓÇ║ admin_users Table Access ΓÇ║ should NOT allow regular users to read admin_users table

    supabaseUrl is required.

    [0m [90m 22 |[39m   beforeAll([36masync[39m () [33m=>[39m {
     [90m 23 |[39m     [90m// Create a client as a regular user (not admin)[39m
    [31m[1m>[22m[39m[90m 24 |[39m     regularUserClient [33m=[39m createClient(supabaseUrl[33m,[39m supabaseAnonKey)
     [90m    |[39m                                     [31m[1m^[22m[39m
     [90m 25 |[39m     
     [90m 26 |[39m     [90m// Note: In real tests, you'd create a test user or use a known non-admin user[39m
     [90m 27 |[39m     [90m// For now, we'll test with anon client[39m[0m

      at validateSupabaseUrl (node_modules/@supabase/supabase-js/src/lib/helpers.ts:86:11)
      at new SupabaseClient (node_modules/@supabase/supabase-js/src/SupabaseClient.ts:284:21)
      at createClient (node_modules/@supabase/supabase-js/src/index.ts:65:10)
      at Object.<anonymous> (__tests__/admin/security.test.ts:24:37)

  ΓùÅ Admin Security - RLS Policy Tests ΓÇ║ admin_users Table Access ΓÇ║ should NOT allow regular users to insert into admin_users

    supabaseUrl is required.

    [0m [90m 22 |[39m   beforeAll([36masync[39m () [33m=>[39m {
     [90m 23 |[39m     [90m// Create a client as a regular user (not admin)[39m
    [31m[1m>[22m[39m[90m 24 |[39m     regularUserClient [33m=[39m createClient(supabaseUrl[33m,[39m supabaseAnonKey)
     [90m    |[39m                                     [31m[1m^[22m[39m
     [90m 25 |[39m     
     [90m 26 |[39m     [90m// Note: In real tests, you'd create a test user or use a known non-admin user[39m
     [90m 27 |[39m     [90m// For now, we'll test with anon client[39m[0m

      at validateSupabaseUrl (node_modules/@supabase/supabase-js/src/lib/helpers.ts:86:11)
      at new SupabaseClient (node_modules/@supabase/supabase-js/src/SupabaseClient.ts:284:21)
      at createClient (node_modules/@supabase/supabase-js/src/index.ts:65:10)
      at Object.<anonymous> (__tests__/admin/security.test.ts:24:37)

  ΓùÅ Admin Security - RLS Policy Tests ΓÇ║ admin_users Table Access ΓÇ║ should NOT allow regular users to update admin_users

    supabaseUrl is required.

    [0m [90m 22 |[39m   beforeAll([36masync[39m () [33m=>[39m {
     [90m 23 |[39m     [90m// Create a client as a regular user (not admin)[39m
    [31m[1m>[22m[39m[90m 24 |[39m     regularUserClient [33m=[39m createClient(supabaseUrl[33m,[39m supabaseAnonKey)
     [90m    |[39m                                     [31m[1m^[22m[39m
     [90m 25 |[39m     
     [90m 26 |[39m     [90m// Note: In real tests, you'd create a test user or use a known non-admin user[39m
     [90m 27 |[39m     [90m// For now, we'll test with anon client[39m[0m

      at validateSupabaseUrl (node_modules/@supabase/supabase-js/src/lib/helpers.ts:86:11)
      at new SupabaseClient (node_modules/@supabase/supabase-js/src/SupabaseClient.ts:284:21)
      at createClient (node_modules/@supabase/supabase-js/src/index.ts:65:10)
      at Object.<anonymous> (__tests__/admin/security.test.ts:24:37)

  ΓùÅ Admin Security - RLS Policy Tests ΓÇ║ admin_users Table Access ΓÇ║ should NOT allow regular users to delete from admin_users

    supabaseUrl is required.

    [0m [90m 22 |[39m   beforeAll([36masync[39m () [33m=>[39m {
     [90m 23 |[39m     [90m// Create a client as a regular user (not admin)[39m
    [31m[1m>[22m[39m[90m 24 |[39m     regularUserClient [33m=[39m createClient(supabaseUrl[33m,[39m supabaseAnonKey)
     [90m    |[39m                                     [31m[1m^[22m[39m
     [90m 25 |[39m     
     [90m 26 |[39m     [90m// Note: In real tests, you'd create a test user or use a known non-admin user[39m
     [90m 27 |[39m     [90m// For now, we'll test with anon client[39m[0m

      at validateSupabaseUrl (node_modules/@supabase/supabase-js/src/lib/helpers.ts:86:11)
      at new SupabaseClient (node_modules/@supabase/supabase-js/src/SupabaseClient.ts:284:21)
      at createClient (node_modules/@supabase/supabase-js/src/index.ts:65:10)
      at Object.<anonymous> (__tests__/admin/security.test.ts:24:37)

  ΓùÅ Admin Security - RLS Policy Tests ΓÇ║ app_config Table Access ΓÇ║ should ALLOW regular users to read app_config (needed for app)

    supabaseUrl is required.

    [0m [90m 22 |[39m   beforeAll([36masync[39m () [33m=>[39m {
     [90m 23 |[39m     [90m// Create a client as a regular user (not admin)[39m
    [31m[1m>[22m[39m[90m 24 |[39m     regularUserClient [33m=[39m createClient(supabaseUrl[33m,[39m supabaseAnonKey)
     [90m    |[39m                                     [31m[1m^[22m[39m
     [90m 25 |[39m     
     [90m 26 |[39m     [90m// Note: In real tests, you'd create a test user or use a known non-admin user[39m
     [90m 27 |[39m     [90m// For now, we'll test with anon client[39m[0m

      at validateSupabaseUrl (node_modules/@supabase/supabase-js/src/lib/helpers.ts:86:11)
      at new SupabaseClient (node_modules/@supabase/supabase-js/src/SupabaseClient.ts:284:21)
      at createClient (node_modules/@supabase/supabase-js/src/index.ts:65:10)
      at Object.<anonymous> (__tests__/admin/security.test.ts:24:37)

  ΓùÅ Admin Security - RLS Policy Tests ΓÇ║ app_config Table Access ΓÇ║ should NOT allow regular users to insert into app_config

    supabaseUrl is required.

    [0m [90m 22 |[39m   beforeAll([36masync[39m () [33m=>[39m {
     [90m 23 |[39m     [90m// Create a client as a regular user (not admin)[39m
    [31m[1m>[22m[39m[90m 24 |[39m     regularUserClient [33m=[39m createClient(supabaseUrl[33m,[39m supabaseAnonKey)
     [90m    |[39m                                     [31m[1m^[22m[39m
     [90m 25 |[39m     
     [90m 26 |[39m     [90m// Note: In real tests, you'd create a test user or use a known non-admin user[39m
     [90m 27 |[39m     [90m// For now, we'll test with anon client[39m[0m

      at validateSupabaseUrl (node_modules/@supabase/supabase-js/src/lib/helpers.ts:86:11)
      at new SupabaseClient (node_modules/@supabase/supabase-js/src/SupabaseClient.ts:284:21)
      at createClient (node_modules/@supabase/supabase-js/src/index.ts:65:10)
      at Object.<anonymous> (__tests__/admin/security.test.ts:24:37)

  ΓùÅ Admin Security - RLS Policy Tests ΓÇ║ app_config Table Access ΓÇ║ should NOT allow regular users to update app_config

    supabaseUrl is required.

    [0m [90m 22 |[39m   beforeAll([36masync[39m () [33m=>[39m {
     [90m 23 |[39m     [90m// Create a client as a regular user (not admin)[39m
    [31m[1m>[22m[39m[90m 24 |[39m     regularUserClient [33m=[39m createClient(supabaseUrl[33m,[39m supabaseAnonKey)
     [90m    |[39m                                     [31m[1m^[22m[39m
     [90m 25 |[39m     
     [90m 26 |[39m     [90m// Note: In real tests, you'd create a test user or use a known non-admin user[39m
     [90m 27 |[39m     [90m// For now, we'll test with anon client[39m[0m

      at validateSupabaseUrl (node_modules/@supabase/supabase-js/src/lib/helpers.ts:86:11)
      at new SupabaseClient (node_modules/@supabase/supabase-js/src/SupabaseClient.ts:284:21)
      at createClient (node_modules/@supabase/supabase-js/src/index.ts:65:10)
      at Object.<anonymous> (__tests__/admin/security.test.ts:24:37)

  ΓùÅ Admin Security - RLS Policy Tests ΓÇ║ app_config Table Access ΓÇ║ should NOT allow regular users to delete from app_config

    supabaseUrl is required.

    [0m [90m 22 |[39m   beforeAll([36masync[39m () [33m=>[39m {
     [90m 23 |[39m     [90m// Create a client as a regular user (not admin)[39m
    [31m[1m>[22m[39m[90m 24 |[39m     regularUserClient [33m=[39m createClient(supabaseUrl[33m,[39m supabaseAnonKey)
     [90m    |[39m                                     [31m[1m^[22m[39m
     [90m 25 |[39m     
     [90m 26 |[39m     [90m// Note: In real tests, you'd create a test user or use a known non-admin user[39m
     [90m 27 |[39m     [90m// For now, we'll test with anon client[39m[0m

      at validateSupabaseUrl (node_modules/@supabase/supabase-js/src/lib/helpers.ts:86:11)
      at new SupabaseClient (node_modules/@supabase/supabase-js/src/SupabaseClient.ts:284:21)
      at createClient (node_modules/@supabase/supabase-js/src/index.ts:65:10)
      at Object.<anonymous> (__tests__/admin/security.test.ts:24:37)

  ΓùÅ Admin Security - RLS Policy Tests ΓÇ║ admin_audit_log Table Access ΓÇ║ should NOT allow regular users to read admin_audit_log

    supabaseUrl is required.

    [0m [90m 22 |[39m   beforeAll([36masync[39m () [33m=>[39m {
     [90m 23 |[39m     [90m// Create a client as a regular user (not admin)[39m
    [31m[1m>[22m[39m[90m 24 |[39m     regularUserClient [33m=[39m createClient(supabaseUrl[33m,[39m supabaseAnonKey)
     [90m    |[39m                                     [31m[1m^[22m[39m
     [90m 25 |[39m     
     [90m 26 |[39m     [90m// Note: In real tests, you'd create a test user or use a known non-admin user[39m
     [90m 27 |[39m     [90m// For now, we'll test with anon client[39m[0m

      at validateSupabaseUrl (node_modules/@supabase/supabase-js/src/lib/helpers.ts:86:11)
      at new SupabaseClient (node_modules/@supabase/supabase-js/src/SupabaseClient.ts:284:21)
      at createClient (node_modules/@supabase/supabase-js/src/index.ts:65:10)
      at Object.<anonymous> (__tests__/admin/security.test.ts:24:37)

  ΓùÅ Admin Security - RLS Policy Tests ΓÇ║ admin_audit_log Table Access ΓÇ║ should NOT allow regular users to insert into admin_audit_log directly

    supabaseUrl is required.

    [0m [90m 22 |[39m   beforeAll([36masync[39m () [33m=>[39m {
     [90m 23 |[39m     [90m// Create a client as a regular user (not admin)[39m
    [31m[1m>[22m[39m[90m 24 |[39m     regularUserClient [33m=[39m createClient(supabaseUrl[33m,[39m supabaseAnonKey)
     [90m    |[39m                                     [31m[1m^[22m[39m
     [90m 25 |[39m     
     [90m 26 |[39m     [90m// Note: In real tests, you'd create a test user or use a known non-admin user[39m
     [90m 27 |[39m     [90m// For now, we'll test with anon client[39m[0m

      at validateSupabaseUrl (node_modules/@supabase/supabase-js/src/lib/helpers.ts:86:11)
      at new SupabaseClient (node_modules/@supabase/supabase-js/src/SupabaseClient.ts:284:21)
      at createClient (node_modules/@supabase/supabase-js/src/index.ts:65:10)
      at Object.<anonymous> (__tests__/admin/security.test.ts:24:37)

  ΓùÅ Admin Security - RLS Policy Tests ΓÇ║ admin_audit_log Table Access ΓÇ║ should NOT allow regular users to update admin_audit_log

    supabaseUrl is required.

    [0m [90m 22 |[39m   beforeAll([36masync[39m () [33m=>[39m {
     [90m 23 |[39m     [90m// Create a client as a regular user (not admin)[39m
    [31m[1m>[22m[39m[90m 24 |[39m     regularUserClient [33m=[39m createClient(supabaseUrl[33m,[39m supabaseAnonKey)
     [90m    |[39m                                     [31m[1m^[22m[39m
     [90m 25 |[39m     
     [90m 26 |[39m     [90m// Note: In real tests, you'd create a test user or use a known non-admin user[39m
     [90m 27 |[39m     [90m// For now, we'll test with anon client[39m[0m

      at validateSupabaseUrl (node_modules/@supabase/supabase-js/src/lib/helpers.ts:86:11)
      at new SupabaseClient (node_modules/@supabase/supabase-js/src/SupabaseClient.ts:284:21)
      at createClient (node_modules/@supabase/supabase-js/src/index.ts:65:10)
      at Object.<anonymous> (__tests__/admin/security.test.ts:24:37)

  ΓùÅ Admin Security - RLS Policy Tests ΓÇ║ admin_audit_log Table Access ΓÇ║ should NOT allow regular users to delete from admin_audit_log

    supabaseUrl is required.

    [0m [90m 22 |[39m   beforeAll([36masync[39m () [33m=>[39m {
     [90m 23 |[39m     [90m// Create a client as a regular user (not admin)[39m
    [31m[1m>[22m[39m[90m 24 |[39m     regularUserClient [33m=[39m createClient(supabaseUrl[33m,[39m supabaseAnonKey)
     [90m    |[39m                                     [31m[1m^[22m[39m
     [90m 25 |[39m     
     [90m 26 |[39m     [90m// Note: In real tests, you'd create a test user or use a known non-admin user[39m
     [90m 27 |[39m     [90m// For now, we'll test with anon client[39m[0m

      at validateSupabaseUrl (node_modules/@supabase/supabase-js/src/lib/helpers.ts:86:11)
      at new SupabaseClient (node_modules/@supabase/supabase-js/src/SupabaseClient.ts:284:21)
      at createClient (node_modules/@supabase/supabase-js/src/index.ts:65:10)
      at Object.<anonymous> (__tests__/admin/security.test.ts:24:37)

  ΓùÅ Admin Security - RLS Policy Tests ΓÇ║ app_config_history Table Access ΓÇ║ should NOT allow regular users to read app_config_history

    supabaseUrl is required.

    [0m [90m 22 |[39m   beforeAll([36masync[39m () [33m=>[39m {
     [90m 23 |[39m     [90m// Create a client as a regular user (not admin)[39m
    [31m[1m>[22m[39m[90m 24 |[39m     regularUserClient [33m=[39m createClient(supabaseUrl[33m,[39m supabaseAnonKey)
     [90m    |[39m                                     [31m[1m^[22m[39m
     [90m 25 |[39m     
     [90m 26 |[39m     [90m// Note: In real tests, you'd create a test user or use a known non-admin user[39m
     [90m 27 |[39m     [90m// For now, we'll test with anon client[39m[0m

      at validateSupabaseUrl (node_modules/@supabase/supabase-js/src/lib/helpers.ts:86:11)
      at new SupabaseClient (node_modules/@supabase/supabase-js/src/SupabaseClient.ts:284:21)
      at createClient (node_modules/@supabase/supabase-js/src/index.ts:65:10)
      at Object.<anonymous> (__tests__/admin/security.test.ts:24:37)

  ΓùÅ Admin Security - RLS Policy Tests ΓÇ║ app_config_history Table Access ΓÇ║ should NOT allow regular users to modify app_config_history

    supabaseUrl is required.

    [0m [90m 22 |[39m   beforeAll([36masync[39m () [33m=>[39m {
     [90m 23 |[39m     [90m// Create a client as a regular user (not admin)[39m
    [31m[1m>[22m[39m[90m 24 |[39m     regularUserClient [33m=[39m createClient(supabaseUrl[33m,[39m supabaseAnonKey)
     [90m    |[39m                                     [31m[1m^[22m[39m
     [90m 25 |[39m     
     [90m 26 |[39m     [90m// Note: In real tests, you'd create a test user or use a known non-admin user[39m
     [90m 27 |[39m     [90m// For now, we'll test with anon client[39m[0m

      at validateSupabaseUrl (node_modules/@supabase/supabase-js/src/lib/helpers.ts:86:11)
      at new SupabaseClient (node_modules/@supabase/supabase-js/src/SupabaseClient.ts:284:21)
      at createClient (node_modules/@supabase/supabase-js/src/index.ts:65:10)
      at Object.<anonymous> (__tests__/admin/security.test.ts:24:37)

  ΓùÅ Admin API Route Security ΓÇ║ /api/admin/config ΓÇ║ should reject PATCH requests without admin auth

    TypeError: Only absolute URLs are supported

    [0m [90m 186 |[39m   describe([32m'/api/admin/config'[39m[33m,[39m () [33m=>[39m {
     [90m 187 |[39m     it([32m'should reject PATCH requests without admin auth'[39m[33m,[39m [36masync[39m () [33m=>[39m {
    [31m[1m>[22m[39m[90m 188 |[39m       [36mconst[39m response [33m=[39m [36mawait[39m fetch([32m'/api/admin/config'[39m[33m,[39m {
     [90m     |[39m                              [31m[1m^[22m[39m
     [90m 189 |[39m         method[33m:[39m [32m'PATCH'[39m[33m,[39m
     [90m 190 |[39m         headers[33m:[39m { [32m'Content-Type'[39m[33m:[39m [32m'application/json'[39m }[33m,[39m
     [90m 191 |[39m         body[33m:[39m [33mJSON[39m[33m.[39mstringify({[0m

      at getNodeRequestOptions (node_modules/node-fetch/lib/index.js:1327:9)
      at node_modules/node-fetch/lib/index.js:1450:19
      at fetch (node_modules/node-fetch/lib/index.js:1447:9)
      at Object.fetch (__tests__/admin/security.test.ts:188:30)

  ΓùÅ Admin API Route Security ΓÇ║ /api/admin/users/grant ΓÇ║ should reject POST requests without super admin auth

    TypeError: Only absolute URLs are supported

    [0m [90m 203 |[39m   describe([32m'/api/admin/users/grant'[39m[33m,[39m () [33m=>[39m {
     [90m 204 |[39m     it([32m'should reject POST requests without super admin auth'[39m[33m,[39m [36masync[39m () [33m=>[39m {
    [31m[1m>[22m[39m[90m 205 |[39m       [36mconst[39m response [33m=[39m [36mawait[39m fetch([32m'/api/admin/users/grant'[39m[33m,[39m {
     [90m     |[39m                              [31m[1m^[22m[39m
     [90m 206 |[39m         method[33m:[39m [32m'POST'[39m[33m,[39m
     [90m 207 |[39m         headers[33m:[39m { [32m'Content-Type'[39m[33m:[39m [32m'application/json'[39m }[33m,[39m
     [90m 208 |[39m         body[33m:[39m [33mJSON[39m[33m.[39mstringify({[0m

      at getNodeRequestOptions (node_modules/node-fetch/lib/index.js:1327:9)
      at node_modules/node-fetch/lib/index.js:1450:19
      at fetch (node_modules/node-fetch/lib/index.js:1447:9)
      at Object.fetch (__tests__/admin/security.test.ts:205:30)

  ΓùÅ Admin API Route Security ΓÇ║ /api/admin/users/revoke ΓÇ║ should reject POST requests without super admin auth

    TypeError: Only absolute URLs are supported

    [0m [90m 220 |[39m   describe([32m'/api/admin/users/revoke'[39m[33m,[39m () [33m=>[39m {
     [90m 221 |[39m     it([32m'should reject POST requests without super admin auth'[39m[33m,[39m [36masync[39m () [33m=>[39m {
    [31m[1m>[22m[39m[90m 222 |[39m       [36mconst[39m response [33m=[39m [36mawait[39m fetch([32m'/api/admin/users/revoke'[39m[33m,[39m {
     [90m     |[39m                              [31m[1m^[22m[39m
     [90m 223 |[39m         method[33m:[39m [32m'POST'[39m[33m,[39m
     [90m 224 |[39m         headers[33m:[39m { [32m'Content-Type'[39m[33m:[39m [32m'application/json'[39m }[33m,[39m
     [90m 225 |[39m         body[33m:[39m [33mJSON[39m[33m.[39mstringify({[0m

      at getNodeRequestOptions (node_modules/node-fetch/lib/index.js:1327:9)
      at node_modules/node-fetch/lib/index.js:1450:19
      at fetch (node_modules/node-fetch/lib/index.js:1447:9)
      at Object.fetch (__tests__/admin/security.test.ts:222:30)

  ΓùÅ Admin API Route Security ΓÇ║ /api/admin/data/[table] ΓÇ║ should reject GET requests without admin auth

    TypeError: Only absolute URLs are supported

    [0m [90m 237 |[39m   describe([32m'/api/admin/data/[table]'[39m[33m,[39m () [33m=>[39m {
     [90m 238 |[39m     it([32m'should reject GET requests without admin auth'[39m[33m,[39m [36masync[39m () [33m=>[39m {
    [31m[1m>[22m[39m[90m 239 |[39m       [36mconst[39m response [33m=[39m [36mawait[39m fetch([32m'/api/admin/data/campaigns'[39m)
     [90m     |[39m                              [31m[1m^[22m[39m
     [90m 240 |[39m
     [90m 241 |[39m       expect(response[33m.[39mstatus)[33m.[39mtoBe([35m403[39m)
     [90m 242 |[39m       [36mconst[39m data [33m=[39m [36mawait[39m response[33m.[39mjson()[0m

      at getNodeRequestOptions (node_modules/node-fetch/lib/index.js:1327:9)
      at node_modules/node-fetch/lib/index.js:1450:19
      at fetch (node_modules/node-fetch/lib/index.js:1447:9)
      at Object.fetch (__tests__/admin/security.test.ts:239:30)

  ΓùÅ Admin API Route Security ΓÇ║ /api/admin/data/[table] ΓÇ║ should reject requests for non-allowed tables

    TypeError: Only absolute URLs are supported

    [0m [90m 246 |[39m     it([32m'should reject requests for non-allowed tables'[39m[33m,[39m [36masync[39m () [33m=>[39m {
     [90m 247 |[39m       [90m// Even with admin auth, should reject invalid table names[39m
    [31m[1m>[22m[39m[90m 248 |[39m       [36mconst[39m response [33m=[39m [36mawait[39m fetch([32m'/api/admin/data/auth.users'[39m)
     [90m     |[39m                              [31m[1m^[22m[39m
     [90m 249 |[39m
     [90m 250 |[39m       expect(response[33m.[39mstatus)[33m.[39mtoBe([35m400[39m)
     [90m 251 |[39m       [36mconst[39m data [33m=[39m [36mawait[39m response[33m.[39mjson()[0m

      at getNodeRequestOptions (node_modules/node-fetch/lib/index.js:1327:9)
      at node_modules/node-fetch/lib/index.js:1450:19
      at fetch (node_modules/node-fetch/lib/index.js:1447:9)
      at Object.fetch (__tests__/admin/security.test.ts:248:30)

  ΓùÅ Admin Helper Function Security ΓÇ║ is_admin() function ΓÇ║ should return false for non-admin users

    supabaseUrl is required.

    [0m [90m 259 |[39m
     [90m 260 |[39m   beforeAll(() [33m=>[39m {
    [31m[1m>[22m[39m[90m 261 |[39m     regularUserClient [33m=[39m createClient(supabaseUrl[33m,[39m supabaseAnonKey)
     [90m     |[39m                                     [31m[1m^[22m[39m
     [90m 262 |[39m   })
     [90m 263 |[39m
     [90m 264 |[39m   describe([32m'is_admin() function'[39m[33m,[39m () [33m=>[39m {[0m

      at validateSupabaseUrl (node_modules/@supabase/supabase-js/src/lib/helpers.ts:86:11)
      at new SupabaseClient (node_modules/@supabase/supabase-js/src/SupabaseClient.ts:284:21)
      at createClient (node_modules/@supabase/supabase-js/src/index.ts:65:10)
      at Object.<anonymous> (__tests__/admin/security.test.ts:261:37)

  ΓùÅ Admin Helper Function Security ΓÇ║ is_admin() function ΓÇ║ should not leak admin status of other users

    supabaseUrl is required.

    [0m [90m 259 |[39m
     [90m 260 |[39m   beforeAll(() [33m=>[39m {
    [31m[1m>[22m[39m[90m 261 |[39m     regularUserClient [33m=[39m createClient(supabaseUrl[33m,[39m supabaseAnonKey)
     [90m     |[39m                                     [31m[1m^[22m[39m
     [90m 262 |[39m   })
     [90m 263 |[39m
     [90m 264 |[39m   describe([32m'is_admin() function'[39m[33m,[39m () [33m=>[39m {[0m

      at validateSupabaseUrl (node_modules/@supabase/supabase-js/src/lib/helpers.ts:86:11)
      at new SupabaseClient (node_modules/@supabase/supabase-js/src/SupabaseClient.ts:284:21)
      at createClient (node_modules/@supabase/supabase-js/src/index.ts:65:10)
      at Object.<anonymous> (__tests__/admin/security.test.ts:261:37)

  ΓùÅ Admin Helper Function Security ΓÇ║ get_config() function ΓÇ║ should allow regular users to get config (needed for app)

    supabaseUrl is required.

    [0m [90m 259 |[39m
     [90m 260 |[39m   beforeAll(() [33m=>[39m {
    [31m[1m>[22m[39m[90m 261 |[39m     regularUserClient [33m=[39m createClient(supabaseUrl[33m,[39m supabaseAnonKey)
     [90m     |[39m                                     [31m[1m^[22m[39m
     [90m 262 |[39m   })
     [90m 263 |[39m
     [90m 264 |[39m   describe([32m'is_admin() function'[39m[33m,[39m () [33m=>[39m {[0m

      at validateSupabaseUrl (node_modules/@supabase/supabase-js/src/lib/helpers.ts:86:11)
      at new SupabaseClient (node_modules/@supabase/supabase-js/src/SupabaseClient.ts:284:21)
      at createClient (node_modules/@supabase/supabase-js/src/index.ts:65:10)
      at Object.<anonymous> (__tests__/admin/security.test.ts:261:37)

  ΓùÅ Admin Helper Function Security ΓÇ║ get_config() function ΓÇ║ should return fallback for non-existent config

    supabaseUrl is required.

    [0m [90m 259 |[39m
     [90m 260 |[39m   beforeAll(() [33m=>[39m {
    [31m[1m>[22m[39m[90m 261 |[39m     regularUserClient [33m=[39m createClient(supabaseUrl[33m,[39m supabaseAnonKey)
     [90m     |[39m                                     [31m[1m^[22m[39m
     [90m 262 |[39m   })
     [90m 263 |[39m
     [90m 264 |[39m   describe([32m'is_admin() function'[39m[33m,[39m () [33m=>[39m {[0m

      at validateSupabaseUrl (node_modules/@supabase/supabase-js/src/lib/helpers.ts:86:11)
      at new SupabaseClient (node_modules/@supabase/supabase-js/src/SupabaseClient.ts:284:21)
      at createClient (node_modules/@supabase/supabase-js/src/index.ts:65:10)
      at Object.<anonymous> (__tests__/admin/security.test.ts:261:37)

  ΓùÅ Admin Route Protection ΓÇ║ /admin routes ΓÇ║ should redirect non-admin users to /unauthorized

    TypeError: Only absolute URLs are supported

    [0m [90m 318 |[39m
     [90m 319 |[39m       [36mfor[39m ([36mconst[39m route [36mof[39m routes) {
    [31m[1m>[22m[39m[90m 320 |[39m         [36mconst[39m response [33m=[39m [36mawait[39m fetch(route[33m,[39m {
     [90m     |[39m                                [31m[1m^[22m[39m
     [90m 321 |[39m           redirect[33m:[39m [32m'manual'[39m[33m,[39m
     [90m 322 |[39m         })
     [90m 323 |[39m[0m

      at getNodeRequestOptions (node_modules/node-fetch/lib/index.js:1327:9)
      at node_modules/node-fetch/lib/index.js:1450:19
      at fetch (node_modules/node-fetch/lib/index.js:1447:9)
      at Object.fetch (__tests__/admin/security.test.ts:320:32)

  ΓùÅ Admin Route Protection ΓÇ║ /unauthorized route ΓÇ║ should be accessible to all users

    TypeError: Only absolute URLs are supported

    [0m [90m 330 |[39m   describe([32m'/unauthorized route'[39m[33m,[39m () [33m=>[39m {
     [90m 331 |[39m     it([32m'should be accessible to all users'[39m[33m,[39m [36masync[39m () [33m=>[39m {
    [31m[1m>[22m[39m[90m 332 |[39m       [36mconst[39m response [33m=[39m [36mawait[39m fetch([32m'/unauthorized'[39m)
     [90m     |[39m                              [31m[1m^[22m[39m
     [90m 333 |[39m
     [90m 334 |[39m       expect(response[33m.[39mstatus)[33m.[39mtoBe([35m200[39m)
     [90m 335 |[39m     })[0m

      at getNodeRequestOptions (node_modules/node-fetch/lib/index.js:1327:9)
      at node_modules/node-fetch/lib/index.js:1450:19
      at fetch (node_modules/node-fetch/lib/index.js:1447:9)
      at Object.fetch (__tests__/admin/security.test.ts:332:30)

  ΓùÅ Data Isolation ΓÇ║ Config Cache ΓÇ║ should not expose admin-only config to regular users

    supabaseUrl is required.

    [0m [90m 343 |[39m       [90m// Admin-specific settings should not be accessible[39m
     [90m 344 |[39m       
    [31m[1m>[22m[39m[90m 345 |[39m       [36mconst[39m regularUserClient [33m=[39m createClient(supabaseUrl[33m,[39m supabaseAnonKey)
     [90m     |[39m                                             [31m[1m^[22m[39m
     [90m 346 |[39m       
     [90m 347 |[39m       [36mconst[39m { data } [33m=[39m [36mawait[39m regularUserClient
     [90m 348 |[39m         [33m.[39m[36mfrom[39m([32m'app_config'[39m)[0m

      at validateSupabaseUrl (node_modules/@supabase/supabase-js/src/lib/helpers.ts:86:11)
      at new SupabaseClient (node_modules/@supabase/supabase-js/src/SupabaseClient.ts:284:21)
      at createClient (node_modules/@supabase/supabase-js/src/index.ts:65:10)
      at Object.<anonymous> (__tests__/admin/security.test.ts:345:45)

  ΓùÅ Data Isolation ΓÇ║ Audit Log Isolation ΓÇ║ should not expose audit logs to regular users

    supabaseUrl is required.

    [0m [90m 357 |[39m   describe([32m'Audit Log Isolation'[39m[33m,[39m () [33m=>[39m {
     [90m 358 |[39m     it([32m'should not expose audit logs to regular users'[39m[33m,[39m [36masync[39m () [33m=>[39m {
    [31m[1m>[22m[39m[90m 359 |[39m       [36mconst[39m regularUserClient [33m=[39m createClient(supabaseUrl[33m,[39m supabaseAnonKey)
     [90m     |[39m                                             [31m[1m^[22m[39m
     [90m 360 |[39m       
     [90m 361 |[39m       [36mconst[39m { data } [33m=[39m [36mawait[39m regularUserClient
     [90m 362 |[39m         [33m.[39m[36mfrom[39m([32m'admin_audit_log'[39m)[0m

      at validateSupabaseUrl (node_modules/@supabase/supabase-js/src/lib/helpers.ts:86:11)
      at new SupabaseClient (node_modules/@supabase/supabase-js/src/SupabaseClient.ts:284:21)
      at createClient (node_modules/@supabase/supabase-js/src/index.ts:65:10)
      at Object.<anonymous> (__tests__/admin/security.test.ts:359:45)

FAIL __tests__/components/visibility-toggle.test.tsx
  ΓùÅ VisibilityToggle ΓÇ║ should toggle visibility when clicked

    TestingLibraryElementError: Unable to find an accessible element with the role "switch"

    Here are the accessible roles:

      button:

      Name "Hidden from Players":
      [36m<button[39m
        [33mclass[39m=[32m"inline-flex items-center justify-center whitespace-nowrap font-medium transition-colors focus-visible:outline-none focus-visible:ring-1 focus-visible:ring-ring 
disabled:pointer-events-none disabled:opacity-50 [&_svg]:pointer-events-none [&_svg]:size-4 [&_svg]:shrink-0 ghost-border bg-transparent text-gold shadow-sm hover:bg-surface-container-low h-8 
rounded-md px-3 text-xs gap-2"[39m
      [36m/>[39m

      --------------------------------------------------

    Ignored nodes: comments, script, style
    [36m<body>[39m
      [36m<div>[39m
        [36m<button[39m
          [33mclass[39m=[32m"inline-flex items-center justify-center whitespace-nowrap font-medium transition-colors focus-visible:outline-none focus-visible:ring-1 focus-visible:ring-ring 
disabled:pointer-events-none disabled:opacity-50 [&_svg]:pointer-events-none [&_svg]:size-4 [&_svg]:shrink-0 ghost-border bg-transparent text-gold shadow-sm hover:bg-surface-container-low h-8 
rounded-md px-3 text-xs gap-2"[39m
        [36m>[39m
          [36m<svg[39m
            [33mclass[39m=[32m"lucide lucide-eye-off w-4 h-4"[39m
            [33mfill[39m=[32m"none"[39m
            [33mheight[39m=[32m"24"[39m
            [33mstroke[39m=[32m"currentColor"[39m
            [33mstroke-linecap[39m=[32m"round"[39m
            [33mstroke-linejoin[39m=[32m"round"[39m
            [33mstroke-width[39m=[32m"2"[39m
            [33mviewBox[39m=[32m"0 0 24 24"[39m
            [33mwidth[39m=[32m"24"[39m
            [33mxmlns[39m=[32m"http://www.w3.org/2000/svg"[39m
          [36m>[39m
            [36m<path[39m
              [33md[39m=[32m"M10.733 5.076a10.744 10.744 0 0 1 11.205 6.575 1 1 0 0 1 0 .696 10.747 10.747 0 0 1-1.444 2.49"[39m
            [36m/>[39m
            [36m<path[39m
              [33md[39m=[32m"M14.084 14.158a3 3 0 0 1-4.242-4.242"[39m
            [36m/>[39m
            [36m<path[39m
              [33md[39m=[32m"M17.479 17.499a10.75 10.75 0 0 1-15.417-5.151 1 1 0 0 1 0-.696 10.75 10.75 0 0 1 4.446-5.143"[39m
            [36m/>[39m
            [36m<path[39m
              [33md[39m=[32m"m2 2 20 20"[39m
            [36m/>[39m
          [36m</svg>[39m
          [0mHidden from Players[0m
        [36m</button>[39m
      [36m</div>[39m
    [36m</body>[39m

    [0m [90m 33 |[39m     )
     [90m 34 |[39m     
    [31m[1m>[22m[39m[90m 35 |[39m     [36mconst[39m toggle [33m=[39m screen[33m.[39mgetByRole([32m'switch'[39m)
     [90m    |[39m                           [31m[1m^[22m[39m
     [90m 36 |[39m     [36mawait[39m user[33m.[39mclick(toggle)
     [90m 37 |[39m     
     [90m 38 |[39m     [36mawait[39m waitFor(() [33m=>[39m {[0m

      at Object.getElementError (node_modules/@testing-library/dom/dist/config.js:37:19)
      at node_modules/@testing-library/dom/dist/query-helpers.js:76:38
      at node_modules/@testing-library/dom/dist/query-helpers.js:52:17
      at node_modules/@testing-library/dom/dist/query-helpers.js:95:19
      at Object.getByRole (__tests__/components/visibility-toggle.test.tsx:35:27)

  ΓùÅ VisibilityToggle ΓÇ║ should show correct initial state based on isRevealed prop

    TestingLibraryElementError: Unable to find an accessible element with the role "switch"

    Here are the accessible roles:

      button:

      Name "Hidden from Players":
      [36m<button[39m
        [33mclass[39m=[32m"inline-flex items-center justify-center whitespace-nowrap font-medium transition-colors focus-visible:outline-none focus-visible:ring-1 focus-visible:ring-ring 
disabled:pointer-events-none disabled:opacity-50 [&_svg]:pointer-events-none [&_svg]:size-4 [&_svg]:shrink-0 ghost-border bg-transparent text-gold shadow-sm hover:bg-surface-container-low h-8 
rounded-md px-3 text-xs gap-2"[39m
      [36m/>[39m

      --------------------------------------------------

    Ignored nodes: comments, script, style
    [36m<body>[39m
      [36m<div>[39m
        [36m<button[39m
          [33mclass[39m=[32m"inline-flex items-center justify-center whitespace-nowrap font-medium transition-colors focus-visible:outline-none focus-visible:ring-1 focus-visible:ring-ring 
disabled:pointer-events-none disabled:opacity-50 [&_svg]:pointer-events-none [&_svg]:size-4 [&_svg]:shrink-0 ghost-border bg-transparent text-gold shadow-sm hover:bg-surface-container-low h-8 
rounded-md px-3 text-xs gap-2"[39m
        [36m>[39m
          [36m<svg[39m
            [33mclass[39m=[32m"lucide lucide-eye-off w-4 h-4"[39m
            [33mfill[39m=[32m"none"[39m
            [33mheight[39m=[32m"24"[39m
            [33mstroke[39m=[32m"currentColor"[39m
            [33mstroke-linecap[39m=[32m"round"[39m
            [33mstroke-linejoin[39m=[32m"round"[39m
            [33mstroke-width[39m=[32m"2"[39m
            [33mviewBox[39m=[32m"0 0 24 24"[39m
            [33mwidth[39m=[32m"24"[39m
            [33mxmlns[39m=[32m"http://www.w3.org/2000/svg"[39m
          [36m>[39m
            [36m<path[39m
              [33md[39m=[32m"M10.733 5.076a10.744 10.744 0 0 1 11.205 6.575 1 1 0 0 1 0 .696 10.747 10.747 0 0 1-1.444 2.49"[39m
            [36m/>[39m
            [36m<path[39m
              [33md[39m=[32m"M14.084 14.158a3 3 0 0 1-4.242-4.242"[39m
            [36m/>[39m
            [36m<path[39m
              [33md[39m=[32m"M17.479 17.499a10.75 10.75 0 0 1-15.417-5.151 1 1 0 0 1 0-.696 10.75 10.75 0 0 1 4.446-5.143"[39m
            [36m/>[39m
            [36m<path[39m
              [33md[39m=[32m"m2 2 20 20"[39m
            [36m/>[39m
          [36m</svg>[39m
          [0mHidden from Players[0m
        [36m</button>[39m
      [36m</div>[39m
    [36m</body>[39m

    [0m [90m 51 |[39m     )
     [90m 52 |[39m     
    [31m[1m>[22m[39m[90m 53 |[39m     [36mconst[39m toggle [33m=[39m screen[33m.[39mgetByRole([32m'switch'[39m)
     [90m    |[39m                           [31m[1m^[22m[39m
     [90m 54 |[39m     expect(toggle)[33m.[39mtoHaveAttribute([32m'aria-checked'[39m[33m,[39m [32m'false'[39m)
     [90m 55 |[39m     
     [90m 56 |[39m     rerender([0m

      at Object.getElementError (node_modules/@testing-library/dom/dist/config.js:37:19)
      at node_modules/@testing-library/dom/dist/query-helpers.js:76:38
      at node_modules/@testing-library/dom/dist/query-helpers.js:52:17
      at node_modules/@testing-library/dom/dist/query-helpers.js:95:19
      at Object.getByRole (__tests__/components/visibility-toggle.test.tsx:53:27)

  ΓùÅ VisibilityToggle ΓÇ║ should handle multiple toggle clicks correctly

    TestingLibraryElementError: Unable to find an accessible element with the role "switch"

    Here are the accessible roles:

      button:

      Name "Hidden from Players":
      [36m<button[39m
        [33mclass[39m=[32m"inline-flex items-center justify-center whitespace-nowrap font-medium transition-colors focus-visible:outline-none focus-visible:ring-1 focus-visible:ring-ring 
disabled:pointer-events-none disabled:opacity-50 [&_svg]:pointer-events-none [&_svg]:size-4 [&_svg]:shrink-0 ghost-border bg-transparent text-gold shadow-sm hover:bg-surface-container-low h-8 
rounded-md px-3 text-xs gap-2"[39m
      [36m/>[39m

      --------------------------------------------------

    Ignored nodes: comments, script, style
    [36m<body>[39m
      [36m<div>[39m
        [36m<button[39m
          [33mclass[39m=[32m"inline-flex items-center justify-center whitespace-nowrap font-medium transition-colors focus-visible:outline-none focus-visible:ring-1 focus-visible:ring-ring 
disabled:pointer-events-none disabled:opacity-50 [&_svg]:pointer-events-none [&_svg]:size-4 [&_svg]:shrink-0 ghost-border bg-transparent text-gold shadow-sm hover:bg-surface-container-low h-8 
rounded-md px-3 text-xs gap-2"[39m
        [36m>[39m
          [36m<svg[39m
            [33mclass[39m=[32m"lucide lucide-eye-off w-4 h-4"[39m
            [33mfill[39m=[32m"none"[39m
            [33mheight[39m=[32m"24"[39m
            [33mstroke[39m=[32m"currentColor"[39m
            [33mstroke-linecap[39m=[32m"round"[39m
            [33mstroke-linejoin[39m=[32m"round"[39m
            [33mstroke-width[39m=[32m"2"[39m
            [33mviewBox[39m=[32m"0 0 24 24"[39m
            [33mwidth[39m=[32m"24"[39m
            [33mxmlns[39m=[32m"http://www.w3.org/2000/svg"[39m
          [36m>[39m
            [36m<path[39m
              [33md[39m=[32m"M10.733 5.076a10.744 10.744 0 0 1 11.205 6.575 1 1 0 0 1 0 .696 10.747 10.747 0 0 1-1.444 2.49"[39m
            [36m/>[39m
            [36m<path[39m
              [33md[39m=[32m"M14.084 14.158a3 3 0 0 1-4.242-4.242"[39m
            [36m/>[39m
            [36m<path[39m
              [33md[39m=[32m"M17.479 17.499a10.75 10.75 0 0 1-15.417-5.151 1 1 0 0 1 0-.696 10.75 10.75 0 0 1 4.446-5.143"[39m
            [36m/>[39m
            [36m<path[39m
              [33md[39m=[32m"m2 2 20 20"[39m
            [36m/>[39m
          [36m</svg>[39m
          [0mHidden from Players[0m
        [36m</button>[39m
      [36m</div>[39m
    [36m</body>[39m

    [0m [90m 79 |[39m     )
     [90m 80 |[39m     
    [31m[1m>[22m[39m[90m 81 |[39m     [36mconst[39m toggle [33m=[39m screen[33m.[39mgetByRole([32m'switch'[39m)
     [90m    |[39m                           [31m[1m^[22m[39m
     [90m 82 |[39m     
     [90m 83 |[39m     [90m// Click to reveal[39m
     [90m 84 |[39m     [36mawait[39m user[33m.[39mclick(toggle)[0m

      at Object.getElementError (node_modules/@testing-library/dom/dist/config.js:37:19)
      at node_modules/@testing-library/dom/dist/query-helpers.js:76:38
      at node_modules/@testing-library/dom/dist/query-helpers.js:52:17
      at node_modules/@testing-library/dom/dist/query-helpers.js:95:19
      at Object.getByRole (__tests__/components/visibility-toggle.test.tsx:81:27)

  ΓùÅ VisibilityToggle ΓÇ║ should pass correct entity type to onToggle callback

    TestingLibraryElementError: Unable to find an accessible element with the role "switch"

    Here are the accessible roles:

      button:

      Name "Hidden from Players":
      [36m<button[39m
        [33mclass[39m=[32m"inline-flex items-center justify-center whitespace-nowrap font-medium transition-colors focus-visible:outline-none focus-visible:ring-1 focus-visible:ring-ring 
disabled:pointer-events-none disabled:opacity-50 [&_svg]:pointer-events-none [&_svg]:size-4 [&_svg]:shrink-0 ghost-border bg-transparent text-gold shadow-sm hover:bg-surface-container-low h-8 
rounded-md px-3 text-xs gap-2"[39m
      [36m/>[39m

      --------------------------------------------------

    Ignored nodes: comments, script, style
    [36m<body>[39m
      [36m<div>[39m
        [36m<button[39m
          [33mclass[39m=[32m"inline-flex items-center justify-center whitespace-nowrap font-medium transition-colors focus-visible:outline-none focus-visible:ring-1 focus-visible:ring-ring 
disabled:pointer-events-none disabled:opacity-50 [&_svg]:pointer-events-none [&_svg]:size-4 [&_svg]:shrink-0 ghost-border bg-transparent text-gold shadow-sm hover:bg-surface-container-low h-8 
rounded-md px-3 text-xs gap-2"[39m
        [36m>[39m
          [36m<svg[39m
            [33mclass[39m=[32m"lucide lucide-eye-off w-4 h-4"[39m
            [33mfill[39m=[32m"none"[39m
            [33mheight[39m=[32m"24"[39m
            [33mstroke[39m=[32m"currentColor"[39m
            [33mstroke-linecap[39m=[32m"round"[39m
            [33mstroke-linejoin[39m=[32m"round"[39m
            [33mstroke-width[39m=[32m"2"[39m
            [33mviewBox[39m=[32m"0 0 24 24"[39m
            [33mwidth[39m=[32m"24"[39m
            [33mxmlns[39m=[32m"http://www.w3.org/2000/svg"[39m
          [36m>[39m
            [36m<path[39m
              [33md[39m=[32m"M10.733 5.076a10.744 10.744 0 0 1 11.205 6.575 1 1 0 0 1 0 .696 10.747 10.747 0 0 1-1.444 2.49"[39m
            [36m/>[39m
            [36m<path[39m
              [33md[39m=[32m"M14.084 14.158a3 3 0 0 1-4.242-4.242"[39m
            [36m/>[39m
            [36m<path[39m
              [33md[39m=[32m"M17.479 17.499a10.75 10.75 0 0 1-15.417-5.151 1 1 0 0 1 0-.696 10.75 10.75 0 0 1 4.446-5.143"[39m
            [36m/>[39m
            [36m<path[39m
              [33md[39m=[32m"m2 2 20 20"[39m
            [36m/>[39m
          [36m</svg>[39m
          [0mHidden from Players[0m
        [36m</button>[39m
      [36m</div>[39m
    [36m</body>[39m

    [0m [90m 105 |[39m     )
     [90m 106 |[39m     
    [31m[1m>[22m[39m[90m 107 |[39m     [36mconst[39m toggle [33m=[39m screen[33m.[39mgetByRole([32m'switch'[39m)
     [90m     |[39m                           [31m[1m^[22m[39m
     [90m 108 |[39m     [36mawait[39m user[33m.[39mclick(toggle)
     [90m 109 |[39m     
     [90m 110 |[39m     [36mawait[39m waitFor(() [33m=>[39m {[0m

      at Object.getElementError (node_modules/@testing-library/dom/dist/config.js:37:19)
      at node_modules/@testing-library/dom/dist/query-helpers.js:76:38
      at node_modules/@testing-library/dom/dist/query-helpers.js:52:17
      at node_modules/@testing-library/dom/dist/query-helpers.js:95:19
      at Object.getByRole (__tests__/components/visibility-toggle.test.tsx:107:27)

FAIL __tests__/components/navigation-dropdowns.test.tsx
  ΓùÅ Console

    console.error
      Error: Uncaught [TypeError: (0 , _navigation.useSearchParams) is not a function]
          at reportException (C:\Users\cscol\OneDrive\Desktop\Projects\ShopKeeper\node_modules\jsdom\lib\jsdom\living\helpers\runtime-script-errors.js:66:24)
          at innerInvokeEventListeners (C:\Users\cscol\OneDrive\Desktop\Projects\ShopKeeper\node_modules\jsdom\lib\jsdom\living\events\EventTarget-impl.js:353:9)
          at invokeEventListeners (C:\Users\cscol\OneDrive\Desktop\Projects\ShopKeeper\node_modules\jsdom\lib\jsdom\living\events\EventTarget-impl.js:286:3)
          at HTMLUnknownElementImpl._dispatch (C:\Users\cscol\OneDrive\Desktop\Projects\ShopKeeper\node_modules\jsdom\lib\jsdom\living\events\EventTarget-impl.js:233:9)
          at HTMLUnknownElementImpl.dispatchEvent (C:\Users\cscol\OneDrive\Desktop\Projects\ShopKeeper\node_modules\jsdom\lib\jsdom\living\events\EventTarget-impl.js:104:17)
          at HTMLUnknownElement.dispatchEvent (C:\Users\cscol\OneDrive\Desktop\Projects\ShopKeeper\node_modules\jsdom\lib\jsdom\living\generated\EventTarget.js:241:34)
          at Object.invokeGuardedCallbackDev (C:\Users\cscol\OneDrive\Desktop\Projects\ShopKeeper\node_modules\react-dom\cjs\react-dom.development.js:4213:16)
          at invokeGuardedCallback (C:\Users\cscol\OneDrive\Desktop\Projects\ShopKeeper\node_modules\react-dom\cjs\react-dom.development.js:4277:31)
          at beginWork$1 (C:\Users\cscol\OneDrive\Desktop\Projects\ShopKeeper\node_modules\react-dom\cjs\react-dom.development.js:27490:7)
          at performUnitOfWork (C:\Users\cscol\OneDrive\Desktop\Projects\ShopKeeper\node_modules\react-dom\cjs\react-dom.development.js:26599:12)
          at workLoopSync (C:\Users\cscol\OneDrive\Desktop\Projects\ShopKeeper\node_modules\react-dom\cjs\react-dom.development.js:26505:5)
          at renderRootSync (C:\Users\cscol\OneDrive\Desktop\Projects\ShopKeeper\node_modules\react-dom\cjs\react-dom.development.js:26473:7)
          at performConcurrentWorkOnRoot (C:\Users\cscol\OneDrive\Desktop\Projects\ShopKeeper\node_modules\react-dom\cjs\react-dom.development.js:25777:74)
          at flushActQueue (C:\Users\cscol\OneDrive\Desktop\Projects\ShopKeeper\node_modules\react\cjs\react.development.js:2667:24)
          at act (C:\Users\cscol\OneDrive\Desktop\Projects\ShopKeeper\node_modules\react\cjs\react.development.js:2582:11)
          at C:\Users\cscol\OneDrive\Desktop\Projects\ShopKeeper\node_modules\@testing-library\react\dist\act-compat.js:46:25
          at renderRoot (C:\Users\cscol\OneDrive\Desktop\Projects\ShopKeeper\node_modules\@testing-library\react\dist\pure.js:189:26)
          at render (C:\Users\cscol\OneDrive\Desktop\Projects\ShopKeeper\node_modules\@testing-library\react\dist\pure.js:291:10)
          at Object.<anonymous> (C:\Users\cscol\OneDrive\Desktop\Projects\ShopKeeper\__tests__\components\navigation-dropdowns.test.tsx:92:34)
          at Promise.finally.completed (C:\Users\cscol\OneDrive\Desktop\Projects\ShopKeeper\node_modules\jest-circus\build\jestAdapterInit.js:1557:28)
          at new Promise (<anonymous>)
          at callAsyncCircusFn (C:\Users\cscol\OneDrive\Desktop\Projects\ShopKeeper\node_modules\jest-circus\build\jestAdapterInit.js:1497:10)
          at _callCircusTest (C:\Users\cscol\OneDrive\Desktop\Projects\ShopKeeper\node_modules\jest-circus\build\jestAdapterInit.js:1007:40)
          at _runTest (C:\Users\cscol\OneDrive\Desktop\Projects\ShopKeeper\node_modules\jest-circus\build\jestAdapterInit.js:947:3)
          at C:\Users\cscol\OneDrive\Desktop\Projects\ShopKeeper\node_modules\jest-circus\build\jestAdapterInit.js:849:7
          at _runTestsForDescribeBlock (C:\Users\cscol\OneDrive\Desktop\Projects\ShopKeeper\node_modules\jest-circus\build\jestAdapterInit.js:862:11)
          at _runTestsForDescribeBlock (C:\Users\cscol\OneDrive\Desktop\Projects\ShopKeeper\node_modules\jest-circus\build\jestAdapterInit.js:857:11)
          at _runTestsForDescribeBlock (C:\Users\cscol\OneDrive\Desktop\Projects\ShopKeeper\node_modules\jest-circus\build\jestAdapterInit.js:857:11)
          at run (C:\Users\cscol\OneDrive\Desktop\Projects\ShopKeeper\node_modules\jest-circus\build\jestAdapterInit.js:761:3)
          at runAndTransformResultsToJestFormat (C:\Users\cscol\OneDrive\Desktop\Projects\ShopKeeper\node_modules\jest-circus\build\jestAdapterInit.js:1918:21)
          at jestAdapter (C:\Users\cscol\OneDrive\Desktop\Projects\ShopKeeper\node_modules\jest-circus\build\runner.js:101:19)
          at runTestInternal (C:\Users\cscol\OneDrive\Desktop\Projects\ShopKeeper\node_modules\jest-runner\build\index.js:275:16)
          at runTest (C:\Users\cscol\OneDrive\Desktop\Projects\ShopKeeper\node_modules\jest-runner\build\index.js:343:7) {
        detail: TypeError: (0 , _navigation.useSearchParams) is not a function
            at NavigationDropdowns (C:\Users\cscol\OneDrive\Desktop\Projects\ShopKeeper\components\shared\navigation-dropdowns.tsx:27:39)
            at renderWithHooks (C:\Users\cscol\OneDrive\Desktop\Projects\ShopKeeper\node_modules\react-dom\cjs\react-dom.development.js:15486:18)
            at mountIndeterminateComponent (C:\Users\cscol\OneDrive\Desktop\Projects\ShopKeeper\node_modules\react-dom\cjs\react-dom.development.js:20103:13)
            at beginWork (C:\Users\cscol\OneDrive\Desktop\Projects\ShopKeeper\node_modules\react-dom\cjs\react-dom.development.js:21626:16)
            at HTMLUnknownElement.callCallback (C:\Users\cscol\OneDrive\Desktop\Projects\ShopKeeper\node_modules\react-dom\cjs\react-dom.development.js:4164:14)
            at HTMLUnknownElement.callTheUserObjectsOperation (C:\Users\cscol\OneDrive\Desktop\Projects\ShopKeeper\node_modules\jsdom\lib\jsdom\living\generated\EventListener.js:26:30)
            at innerInvokeEventListeners (C:\Users\cscol\OneDrive\Desktop\Projects\ShopKeeper\node_modules\jsdom\lib\jsdom\living\events\EventTarget-impl.js:350:25)
            at invokeEventListeners (C:\Users\cscol\OneDrive\Desktop\Projects\ShopKeeper\node_modules\jsdom\lib\jsdom\living\events\EventTarget-impl.js:286:3)
            at HTMLUnknownElementImpl._dispatch (C:\Users\cscol\OneDrive\Desktop\Projects\ShopKeeper\node_modules\jsdom\lib\jsdom\living\events\EventTarget-impl.js:233:9)
            at HTMLUnknownElementImpl.dispatchEvent (C:\Users\cscol\OneDrive\Desktop\Projects\ShopKeeper\node_modules\jsdom\lib\jsdom\living\events\EventTarget-impl.js:104:17)
            at HTMLUnknownElement.dispatchEvent (C:\Users\cscol\OneDrive\Desktop\Projects\ShopKeeper\node_modules\jsdom\lib\jsdom\living\generated\EventTarget.js:241:34)
            at Object.invokeGuardedCallbackDev (C:\Users\cscol\OneDrive\Desktop\Projects\ShopKeeper\node_modules\react-dom\cjs\react-dom.development.js:4213:16)
            at invokeGuardedCallback (C:\Users\cscol\OneDrive\Desktop\Projects\ShopKeeper\node_modules\react-dom\cjs\react-dom.development.js:4277:31)
            at beginWork$1 (C:\Users\cscol\OneDrive\Desktop\Projects\ShopKeeper\node_modules\react-dom\cjs\react-dom.development.js:27490:7)
            at performUnitOfWork (C:\Users\cscol\OneDrive\Desktop\Projects\ShopKeeper\node_modules\react-dom\cjs\react-dom.development.js:26599:12)
            at workLoopSync (C:\Users\cscol\OneDrive\Desktop\Projects\ShopKeeper\node_modules\react-dom\cjs\react-dom.development.js:26505:5)
            at renderRootSync (C:\Users\cscol\OneDrive\Desktop\Projects\ShopKeeper\node_modules\react-dom\cjs\react-dom.development.js:26473:7)
            at performConcurrentWorkOnRoot (C:\Users\cscol\OneDrive\Desktop\Projects\ShopKeeper\node_modules\react-dom\cjs\react-dom.development.js:25777:74)
            at flushActQueue (C:\Users\cscol\OneDrive\Desktop\Projects\ShopKeeper\node_modules\react\cjs\react.development.js:2667:24)
            at act (C:\Users\cscol\OneDrive\Desktop\Projects\ShopKeeper\node_modules\react\cjs\react.development.js:2582:11)
            at C:\Users\cscol\OneDrive\Desktop\Projects\ShopKeeper\node_modules\@testing-library\react\dist\act-compat.js:46:25
            at renderRoot (C:\Users\cscol\OneDrive\Desktop\Projects\ShopKeeper\node_modules\@testing-library\react\dist\pure.js:189:26)
            at render (C:\Users\cscol\OneDrive\Desktop\Projects\ShopKeeper\node_modules\@testing-library\react\dist\pure.js:291:10)
            at Object.<anonymous> (C:\Users\cscol\OneDrive\Desktop\Projects\ShopKeeper\__tests__\components\navigation-dropdowns.test.tsx:92:34)
            at Promise.finally.completed (C:\Users\cscol\OneDrive\Desktop\Projects\ShopKeeper\node_modules\jest-circus\build\jestAdapterInit.js:1557:28)
            at new Promise (<anonymous>)
            at callAsyncCircusFn (C:\Users\cscol\OneDrive\Desktop\Projects\ShopKeeper\node_modules\jest-circus\build\jestAdapterInit.js:1497:10)
            at _callCircusTest (C:\Users\cscol\OneDrive\Desktop\Projects\ShopKeeper\node_modules\jest-circus\build\jestAdapterInit.js:1007:40)
            at _runTest (C:\Users\cscol\OneDrive\Desktop\Projects\ShopKeeper\node_modules\jest-circus\build\jestAdapterInit.js:947:3)
            at C:\Users\cscol\OneDrive\Desktop\Projects\ShopKeeper\node_modules\jest-circus\build\jestAdapterInit.js:849:7
            at _runTestsForDescribeBlock (C:\Users\cscol\OneDrive\Desktop\Projects\ShopKeeper\node_modules\jest-circus\build\jestAdapterInit.js:862:11)
            at _runTestsForDescribeBlock (C:\Users\cscol\OneDrive\Desktop\Projects\ShopKeeper\node_modules\jest-circus\build\jestAdapterInit.js:857:11)
            at _runTestsForDescribeBlock (C:\Users\cscol\OneDrive\Desktop\Projects\ShopKeeper\node_modules\jest-circus\build\jestAdapterInit.js:857:11)
            at run (C:\Users\cscol\OneDrive\Desktop\Projects\ShopKeeper\node_modules\jest-circus\build\jestAdapterInit.js:761:3)
            at runAndTransformResultsToJestFormat (C:\Users\cscol\OneDrive\Desktop\Projects\ShopKeeper\node_modules\jest-circus\build\jestAdapterInit.js:1918:21)
            at jestAdapter (C:\Users\cscol\OneDrive\Desktop\Projects\ShopKeeper\node_modules\jest-circus\build\runner.js:101:19)
            at runTestInternal (C:\Users\cscol\OneDrive\Desktop\Projects\ShopKeeper\node_modules\jest-runner\build\index.js:275:16)
            at runTest (C:\Users\cscol\OneDrive\Desktop\Projects\ShopKeeper\node_modules\jest-runner\build\index.js:343:7),
        type: 'unhandled exception'
      }

    [0m [90m 90 |[39m       [33m;[39m(usePathname [36mas[39m jest[33m.[39m[33mMock[39m)[33m.[39mmockReturnValue([32m'/dm/campaigns/campaign-2'[39m)
     [90m 91 |[39m
    [31m[1m>[22m[39m[90m 92 |[39m       [36mconst[39m { rerender } [33m=[39m render([33m<[39m[33mNavigationDropdowns[39m [33m/[39m[33m>[39m)
     [90m    |[39m                                  [31m[1m^[22m[39m
     [90m 93 |[39m
     [90m 94 |[39m       [36mawait[39m waitFor(() [33m=>[39m {
     [90m 95 |[39m         expect(mockSupabase[33m.[39m[36mfrom[39m)[33m.[39mtoHaveBeenCalledWith([32m'campaigns'[39m)[0m

      at VirtualConsole.<anonymous> (node_modules/@jest/environment-jsdom-abstract/build/index.js:87:23)
      at reportException (node_modules/jsdom/lib/jsdom/living/helpers/runtime-script-errors.js:70:28)
      at innerInvokeEventListeners (node_modules/jsdom/lib/jsdom/living/events/EventTarget-impl.js:353:9)
      at invokeEventListeners (node_modules/jsdom/lib/jsdom/living/events/EventTarget-impl.js:286:3)
      at HTMLUnknownElementImpl._dispatch (node_modules/jsdom/lib/jsdom/living/events/EventTarget-impl.js:233:9)
      at HTMLUnknownElementImpl.dispatchEvent (node_modules/jsdom/lib/jsdom/living/events/EventTarget-impl.js:104:17)
      at HTMLUnknownElement.dispatchEvent (node_modules/jsdom/lib/jsdom/living/generated/EventTarget.js:241:34)
      at Object.invokeGuardedCallbackDev (node_modules/react-dom/cjs/react-dom.development.js:4213:16)
      at invokeGuardedCallback (node_modules/react-dom/cjs/react-dom.development.js:4277:31)
      at beginWork$1 (node_modules/react-dom/cjs/react-dom.development.js:27490:7)
      at performUnitOfWork (node_modules/react-dom/cjs/react-dom.development.js:26599:12)
      at workLoopSync (node_modules/react-dom/cjs/react-dom.development.js:26505:5)
      at renderRootSync (node_modules/react-dom/cjs/react-dom.development.js:26473:7)
      at performConcurrentWorkOnRoot (node_modules/react-dom/cjs/react-dom.development.js:25777:74)
      at flushActQueue (node_modules/react/cjs/react.development.js:2667:24)
      at act (node_modules/react/cjs/react.development.js:2582:11)
      at node_modules/@testing-library/react/dist/act-compat.js:46:25
      at renderRoot (node_modules/@testing-library/react/dist/pure.js:189:26)
      at render (node_modules/@testing-library/react/dist/pure.js:291:10)
      at Object.<anonymous> (__tests__/components/navigation-dropdowns.test.tsx:92:34)

    console.error
      Error: Uncaught [TypeError: (0 , _navigation.useSearchParams) is not a function]
          at reportException (C:\Users\cscol\OneDrive\Desktop\Projects\ShopKeeper\node_modules\jsdom\lib\jsdom\living\helpers\runtime-script-errors.js:66:24)
          at innerInvokeEventListeners (C:\Users\cscol\OneDrive\Desktop\Projects\ShopKeeper\node_modules\jsdom\lib\jsdom\living\events\EventTarget-impl.js:353:9)
          at invokeEventListeners (C:\Users\cscol\OneDrive\Desktop\Projects\ShopKeeper\node_modules\jsdom\lib\jsdom\living\events\EventTarget-impl.js:286:3)
          at HTMLUnknownElementImpl._dispatch (C:\Users\cscol\OneDrive\Desktop\Projects\ShopKeeper\node_modules\jsdom\lib\jsdom\living\events\EventTarget-impl.js:233:9)
          at HTMLUnknownElementImpl.dispatchEvent (C:\Users\cscol\OneDrive\Desktop\Projects\ShopKeeper\node_modules\jsdom\lib\jsdom\living\events\EventTarget-impl.js:104:17)
          at HTMLUnknownElement.dispatchEvent (C:\Users\cscol\OneDrive\Desktop\Projects\ShopKeeper\node_modules\jsdom\lib\jsdom\living\generated\EventTarget.js:241:34)
          at Object.invokeGuardedCallbackDev (C:\Users\cscol\OneDrive\Desktop\Projects\ShopKeeper\node_modules\react-dom\cjs\react-dom.development.js:4213:16)
          at invokeGuardedCallback (C:\Users\cscol\OneDrive\Desktop\Projects\ShopKeeper\node_modules\react-dom\cjs\react-dom.development.js:4277:31)
          at beginWork$1 (C:\Users\cscol\OneDrive\Desktop\Projects\ShopKeeper\node_modules\react-dom\cjs\react-dom.development.js:27490:7)
          at performUnitOfWork (C:\Users\cscol\OneDrive\Desktop\Projects\ShopKeeper\node_modules\react-dom\cjs\react-dom.development.js:26599:12)
          at workLoopSync (C:\Users\cscol\OneDrive\Desktop\Projects\ShopKeeper\node_modules\react-dom\cjs\react-dom.development.js:26505:5)
          at renderRootSync (C:\Users\cscol\OneDrive\Desktop\Projects\ShopKeeper\node_modules\react-dom\cjs\react-dom.development.js:26473:7)
          at recoverFromConcurrentError (C:\Users\cscol\OneDrive\Desktop\Projects\ShopKeeper\node_modules\react-dom\cjs\react-dom.development.js:25889:20)
          at performConcurrentWorkOnRoot (C:\Users\cscol\OneDrive\Desktop\Projects\ShopKeeper\node_modules\react-dom\cjs\react-dom.development.js:25789:22)
          at flushActQueue (C:\Users\cscol\OneDrive\Desktop\Projects\ShopKeeper\node_modules\react\cjs\react.development.js:2667:24)
          at act (C:\Users\cscol\OneDrive\Desktop\Projects\ShopKeeper\node_modules\react\cjs\react.development.js:2582:11)
          at C:\Users\cscol\OneDrive\Desktop\Projects\ShopKeeper\node_modules\@testing-library\react\dist\act-compat.js:46:25
          at renderRoot (C:\Users\cscol\OneDrive\Desktop\Projects\ShopKeeper\node_modules\@testing-library\react\dist\pure.js:189:26)
          at render (C:\Users\cscol\OneDrive\Desktop\Projects\ShopKeeper\node_modules\@testing-library\react\dist\pure.js:291:10)
          at Object.<anonymous> (C:\Users\cscol\OneDrive\Desktop\Projects\ShopKeeper\__tests__\components\navigation-dropdowns.test.tsx:92:34)
          at Promise.finally.completed (C:\Users\cscol\OneDrive\Desktop\Projects\ShopKeeper\node_modules\jest-circus\build\jestAdapterInit.js:1557:28)
          at new Promise (<anonymous>)
          at callAsyncCircusFn (C:\Users\cscol\OneDrive\Desktop\Projects\ShopKeeper\node_modules\jest-circus\build\jestAdapterInit.js:1497:10)
          at _callCircusTest (C:\Users\cscol\OneDrive\Desktop\Projects\ShopKeeper\node_modules\jest-circus\build\jestAdapterInit.js:1007:40)
          at _runTest (C:\Users\cscol\OneDrive\Desktop\Projects\ShopKeeper\node_modules\jest-circus\build\jestAdapterInit.js:947:3)
          at C:\Users\cscol\OneDrive\Desktop\Projects\ShopKeeper\node_modules\jest-circus\build\jestAdapterInit.js:849:7
          at _runTestsForDescribeBlock (C:\Users\cscol\OneDrive\Desktop\Projects\ShopKeeper\node_modules\jest-circus\build\jestAdapterInit.js:862:11)
          at _runTestsForDescribeBlock (C:\Users\cscol\OneDrive\Desktop\Projects\ShopKeeper\node_modules\jest-circus\build\jestAdapterInit.js:857:11)
          at _runTestsForDescribeBlock (C:\Users\cscol\OneDrive\Desktop\Projects\ShopKeeper\node_modules\jest-circus\build\jestAdapterInit.js:857:11)
          at run (C:\Users\cscol\OneDrive\Desktop\Projects\ShopKeeper\node_modules\jest-circus\build\jestAdapterInit.js:761:3)
          at runAndTransformResultsToJestFormat (C:\Users\cscol\OneDrive\Desktop\Projects\ShopKeeper\node_modules\jest-circus\build\jestAdapterInit.js:1918:21)
          at jestAdapter (C:\Users\cscol\OneDrive\Desktop\Projects\ShopKeeper\node_modules\jest-circus\build\runner.js:101:19)
          at runTestInternal (C:\Users\cscol\OneDrive\Desktop\Projects\ShopKeeper\node_modules\jest-runner\build\index.js:275:16)
          at runTest (C:\Users\cscol\OneDrive\Desktop\Projects\ShopKeeper\node_modules\jest-runner\build\index.js:343:7) {
        detail: TypeError: (0 , _navigation.useSearchParams) is not a function
            at NavigationDropdowns (C:\Users\cscol\OneDrive\Desktop\Projects\ShopKeeper\components\shared\navigation-dropdowns.tsx:27:39)
            at renderWithHooks (C:\Users\cscol\OneDrive\Desktop\Projects\ShopKeeper\node_modules\react-dom\cjs\react-dom.development.js:15486:18)
            at mountIndeterminateComponent (C:\Users\cscol\OneDrive\Desktop\Projects\ShopKeeper\node_modules\react-dom\cjs\react-dom.development.js:20103:13)
            at beginWork (C:\Users\cscol\OneDrive\Desktop\Projects\ShopKeeper\node_modules\react-dom\cjs\react-dom.development.js:21626:16)
            at HTMLUnknownElement.callCallback (C:\Users\cscol\OneDrive\Desktop\Projects\ShopKeeper\node_modules\react-dom\cjs\react-dom.development.js:4164:14)
            at HTMLUnknownElement.callTheUserObjectsOperation (C:\Users\cscol\OneDrive\Desktop\Projects\ShopKeeper\node_modules\jsdom\lib\jsdom\living\generated\EventListener.js:26:30)
            at innerInvokeEventListeners (C:\Users\cscol\OneDrive\Desktop\Projects\ShopKeeper\node_modules\jsdom\lib\jsdom\living\events\EventTarget-impl.js:350:25)
            at invokeEventListeners (C:\Users\cscol\OneDrive\Desktop\Projects\ShopKeeper\node_modules\jsdom\lib\jsdom\living\events\EventTarget-impl.js:286:3)
            at HTMLUnknownElementImpl._dispatch (C:\Users\cscol\OneDrive\Desktop\Projects\ShopKeeper\node_modules\jsdom\lib\jsdom\living\events\EventTarget-impl.js:233:9)
            at HTMLUnknownElementImpl.dispatchEvent (C:\Users\cscol\OneDrive\Desktop\Projects\ShopKeeper\node_modules\jsdom\lib\jsdom\living\events\EventTarget-impl.js:104:17)
            at HTMLUnknownElement.dispatchEvent (C:\Users\cscol\OneDrive\Desktop\Projects\ShopKeeper\node_modules\jsdom\lib\jsdom\living\generated\EventTarget.js:241:34)
            at Object.invokeGuardedCallbackDev (C:\Users\cscol\OneDrive\Desktop\Projects\ShopKeeper\node_modules\react-dom\cjs\react-dom.development.js:4213:16)
            at invokeGuardedCallback (C:\Users\cscol\OneDrive\Desktop\Projects\ShopKeeper\node_modules\react-dom\cjs\react-dom.development.js:4277:31)
            at beginWork$1 (C:\Users\cscol\OneDrive\Desktop\Projects\ShopKeeper\node_modules\react-dom\cjs\react-dom.development.js:27490:7)
            at performUnitOfWork (C:\Users\cscol\OneDrive\Desktop\Projects\ShopKeeper\node_modules\react-dom\cjs\react-dom.development.js:26599:12)
            at workLoopSync (C:\Users\cscol\OneDrive\Desktop\Projects\ShopKeeper\node_modules\react-dom\cjs\react-dom.development.js:26505:5)
            at renderRootSync (C:\Users\cscol\OneDrive\Desktop\Projects\ShopKeeper\node_modules\react-dom\cjs\react-dom.development.js:26473:7)
            at recoverFromConcurrentError (C:\Users\cscol\OneDrive\Desktop\Projects\ShopKeeper\node_modules\react-dom\cjs\react-dom.development.js:25889:20)
            at performConcurrentWorkOnRoot (C:\Users\cscol\OneDrive\Desktop\Projects\ShopKeeper\node_modules\react-dom\cjs\react-dom.development.js:25789:22)
            at flushActQueue (C:\Users\cscol\OneDrive\Desktop\Projects\ShopKeeper\node_modules\react\cjs\react.development.js:2667:24)
            at act (C:\Users\cscol\OneDrive\Desktop\Projects\ShopKeeper\node_modules\react\cjs\react.development.js:2582:11)
            at C:\Users\cscol\OneDrive\Desktop\Projects\ShopKeeper\node_modules\@testing-library\react\dist\act-compat.js:46:25
            at renderRoot (C:\Users\cscol\OneDrive\Desktop\Projects\ShopKeeper\node_modules\@testing-library\react\dist\pure.js:189:26)
            at render (C:\Users\cscol\OneDrive\Desktop\Projects\ShopKeeper\node_modules\@testing-library\react\dist\pure.js:291:10)
            at Object.<anonymous> (C:\Users\cscol\OneDrive\Desktop\Projects\ShopKeeper\__tests__\components\navigation-dropdowns.test.tsx:92:34)
            at Promise.finally.completed (C:\Users\cscol\OneDrive\Desktop\Projects\ShopKeeper\node_modules\jest-circus\build\jestAdapterInit.js:1557:28)
            at new Promise (<anonymous>)
            at callAsyncCircusFn (C:\Users\cscol\OneDrive\Desktop\Projects\ShopKeeper\node_modules\jest-circus\build\jestAdapterInit.js:1497:10)
            at _callCircusTest (C:\Users\cscol\OneDrive\Desktop\Projects\ShopKeeper\node_modules\jest-circus\build\jestAdapterInit.js:1007:40)
            at _runTest (C:\Users\cscol\OneDrive\Desktop\Projects\ShopKeeper\node_modules\jest-circus\build\jestAdapterInit.js:947:3)
            at C:\Users\cscol\OneDrive\Desktop\Projects\ShopKeeper\node_modules\jest-circus\build\jestAdapterInit.js:849:7
            at _runTestsForDescribeBlock (C:\Users\cscol\OneDrive\Desktop\Projects\ShopKeeper\node_modules\jest-circus\build\jestAdapterInit.js:862:11)
            at _runTestsForDescribeBlock (C:\Users\cscol\OneDrive\Desktop\Projects\ShopKeeper\node_modules\jest-circus\build\jestAdapterInit.js:857:11)
            at _runTestsForDescribeBlock (C:\Users\cscol\OneDrive\Desktop\Projects\ShopKeeper\node_modules\jest-circus\build\jestAdapterInit.js:857:11)
            at run (C:\Users\cscol\OneDrive\Desktop\Projects\ShopKeeper\node_modules\jest-circus\build\jestAdapterInit.js:761:3)
            at runAndTransformResultsToJestFormat (C:\Users\cscol\OneDrive\Desktop\Projects\ShopKeeper\node_modules\jest-circus\build\jestAdapterInit.js:1918:21)
            at jestAdapter (C:\Users\cscol\OneDrive\Desktop\Projects\ShopKeeper\node_modules\jest-circus\build\runner.js:101:19)
            at runTestInternal (C:\Users\cscol\OneDrive\Desktop\Projects\ShopKeeper\node_modules\jest-runner\build\index.js:275:16)
            at runTest (C:\Users\cscol\OneDrive\Desktop\Projects\ShopKeeper\node_modules\jest-runner\build\index.js:343:7),
        type: 'unhandled exception'
      }

    [0m [90m 90 |[39m       [33m;[39m(usePathname [36mas[39m jest[33m.[39m[33mMock[39m)[33m.[39mmockReturnValue([32m'/dm/campaigns/campaign-2'[39m)
     [90m 91 |[39m
    [31m[1m>[22m[39m[90m 92 |[39m       [36mconst[39m { rerender } [33m=[39m render([33m<[39m[33mNavigationDropdowns[39m [33m/[39m[33m>[39m)
     [90m    |[39m                                  [31m[1m^[22m[39m
     [90m 93 |[39m
     [90m 94 |[39m       [36mawait[39m waitFor(() [33m=>[39m {
     [90m 95 |[39m         expect(mockSupabase[33m.[39m[36mfrom[39m)[33m.[39mtoHaveBeenCalledWith([32m'campaigns'[39m)[0m

      at VirtualConsole.<anonymous> (node_modules/@jest/environment-jsdom-abstract/build/index.js:87:23)
      at reportException (node_modules/jsdom/lib/jsdom/living/helpers/runtime-script-errors.js:70:28)
      at innerInvokeEventListeners (node_modules/jsdom/lib/jsdom/living/events/EventTarget-impl.js:353:9)
      at invokeEventListeners (node_modules/jsdom/lib/jsdom/living/events/EventTarget-impl.js:286:3)
      at HTMLUnknownElementImpl._dispatch (node_modules/jsdom/lib/jsdom/living/events/EventTarget-impl.js:233:9)
      at HTMLUnknownElementImpl.dispatchEvent (node_modules/jsdom/lib/jsdom/living/events/EventTarget-impl.js:104:17)
      at HTMLUnknownElement.dispatchEvent (node_modules/jsdom/lib/jsdom/living/generated/EventTarget.js:241:34)
      at Object.invokeGuardedCallbackDev (node_modules/react-dom/cjs/react-dom.development.js:4213:16)
      at invokeGuardedCallback (node_modules/react-dom/cjs/react-dom.development.js:4277:31)
      at beginWork$1 (node_modules/react-dom/cjs/react-dom.development.js:27490:7)
      at performUnitOfWork (node_modules/react-dom/cjs/react-dom.development.js:26599:12)
      at workLoopSync (node_modules/react-dom/cjs/react-dom.development.js:26505:5)
      at renderRootSync (node_modules/react-dom/cjs/react-dom.development.js:26473:7)
      at recoverFromConcurrentError (node_modules/react-dom/cjs/react-dom.development.js:25889:20)
      at performConcurrentWorkOnRoot (node_modules/react-dom/cjs/react-dom.development.js:25789:22)
      at flushActQueue (node_modules/react/cjs/react.development.js:2667:24)
      at act (node_modules/react/cjs/react.development.js:2582:11)
      at node_modules/@testing-library/react/dist/act-compat.js:46:25
      at renderRoot (node_modules/@testing-library/react/dist/pure.js:189:26)
      at render (node_modules/@testing-library/react/dist/pure.js:291:10)
      at Object.<anonymous> (__tests__/components/navigation-dropdowns.test.tsx:92:34)

    console.error
      The above error occurred in the <NavigationDropdowns> component:
      
          at NavigationDropdowns (C:\Users\cscol\OneDrive\Desktop\Projects\ShopKeeper\components\shared\navigation-dropdowns.tsx:27:39)
      
      Consider adding an error boundary to your tree to customize error handling behavior.
      Visit https://reactjs.org/link/error-boundaries to learn more about error boundaries.

    [0m [90m 90 |[39m       [33m;[39m(usePathname [36mas[39m jest[33m.[39m[33mMock[39m)[33m.[39mmockReturnValue([32m'/dm/campaigns/campaign-2'[39m)
     [90m 91 |[39m
    [31m[1m>[22m[39m[90m 92 |[39m       [36mconst[39m { rerender } [33m=[39m render([33m<[39m[33mNavigationDropdowns[39m [33m/[39m[33m>[39m)
     [90m    |[39m                                  [31m[1m^[22m[39m
     [90m 93 |[39m
     [90m 94 |[39m       [36mawait[39m waitFor(() [33m=>[39m {
     [90m 95 |[39m         expect(mockSupabase[33m.[39m[36mfrom[39m)[33m.[39mtoHaveBeenCalledWith([32m'campaigns'[39m)[0m

      at logCapturedError (node_modules/react-dom/cjs/react-dom.development.js:18704:23)
      at update.callback (node_modules/react-dom/cjs/react-dom.development.js:18737:5)
      at callCallback (node_modules/react-dom/cjs/react-dom.development.js:15036:12)
      at commitUpdateQueue (node_modules/react-dom/cjs/react-dom.development.js:15057:9)
      at commitLayoutEffectOnFiber (node_modules/react-dom/cjs/react-dom.development.js:23430:13)
      at commitLayoutMountEffects_complete (node_modules/react-dom/cjs/react-dom.development.js:24727:9)
      at commitLayoutEffects_begin (node_modules/react-dom/cjs/react-dom.development.js:24713:7)
      at commitLayoutEffects (node_modules/react-dom/cjs/react-dom.development.js:24651:3)
      at commitRootImpl (node_modules/react-dom/cjs/react-dom.development.js:26862:5)
      at commitRoot (node_modules/react-dom/cjs/react-dom.development.js:26721:5)
      at finishConcurrentRender (node_modules/react-dom/cjs/react-dom.development.js:25931:9)
      at performConcurrentWorkOnRoot (node_modules/react-dom/cjs/react-dom.development.js:25848:7)
      at flushActQueue (node_modules/react/cjs/react.development.js:2667:24)
      at act (node_modules/react/cjs/react.development.js:2582:11)
      at node_modules/@testing-library/react/dist/act-compat.js:46:25
      at renderRoot (node_modules/@testing-library/react/dist/pure.js:189:26)
      at render (node_modules/@testing-library/react/dist/pure.js:291:10)
      at Object.<anonymous> (__tests__/components/navigation-dropdowns.test.tsx:92:34)

    console.error
      Error: Uncaught [TypeError: (0 , _navigation.useSearchParams) is not a function]
          at reportException (C:\Users\cscol\OneDrive\Desktop\Projects\ShopKeeper\node_modules\jsdom\lib\jsdom\living\helpers\runtime-script-errors.js:66:24)
          at innerInvokeEventListeners (C:\Users\cscol\OneDrive\Desktop\Projects\ShopKeeper\node_modules\jsdom\lib\jsdom\living\events\EventTarget-impl.js:353:9)
          at invokeEventListeners (C:\Users\cscol\OneDrive\Desktop\Projects\ShopKeeper\node_modules\jsdom\lib\jsdom\living\events\EventTarget-impl.js:286:3)
          at HTMLUnknownElementImpl._dispatch (C:\Users\cscol\OneDrive\Desktop\Projects\ShopKeeper\node_modules\jsdom\lib\jsdom\living\events\EventTarget-impl.js:233:9)
          at HTMLUnknownElementImpl.dispatchEvent (C:\Users\cscol\OneDrive\Desktop\Projects\ShopKeeper\node_modules\jsdom\lib\jsdom\living\events\EventTarget-impl.js:104:17)
          at HTMLUnknownElement.dispatchEvent (C:\Users\cscol\OneDrive\Desktop\Projects\ShopKeeper\node_modules\jsdom\lib\jsdom\living\generated\EventTarget.js:241:34)
          at Object.invokeGuardedCallbackDev (C:\Users\cscol\OneDrive\Desktop\Projects\ShopKeeper\node_modules\react-dom\cjs\react-dom.development.js:4213:16)
          at invokeGuardedCallback (C:\Users\cscol\OneDrive\Desktop\Projects\ShopKeeper\node_modules\react-dom\cjs\react-dom.development.js:4277:31)
          at beginWork$1 (C:\Users\cscol\OneDrive\Desktop\Projects\ShopKeeper\node_modules\react-dom\cjs\react-dom.development.js:27490:7)
          at performUnitOfWork (C:\Users\cscol\OneDrive\Desktop\Projects\ShopKeeper\node_modules\react-dom\cjs\react-dom.development.js:26599:12)
          at workLoopSync (C:\Users\cscol\OneDrive\Desktop\Projects\ShopKeeper\node_modules\react-dom\cjs\react-dom.development.js:26505:5)
          at renderRootSync (C:\Users\cscol\OneDrive\Desktop\Projects\ShopKeeper\node_modules\react-dom\cjs\react-dom.development.js:26473:7)
          at performConcurrentWorkOnRoot (C:\Users\cscol\OneDrive\Desktop\Projects\ShopKeeper\node_modules\react-dom\cjs\react-dom.development.js:25777:74)
          at flushActQueue (C:\Users\cscol\OneDrive\Desktop\Projects\ShopKeeper\node_modules\react\cjs\react.development.js:2667:24)
          at act (C:\Users\cscol\OneDrive\Desktop\Projects\ShopKeeper\node_modules\react\cjs\react.development.js:2582:11)
          at C:\Users\cscol\OneDrive\Desktop\Projects\ShopKeeper\node_modules\@testing-library\react\dist\act-compat.js:46:25
          at renderRoot (C:\Users\cscol\OneDrive\Desktop\Projects\ShopKeeper\node_modules\@testing-library\react\dist\pure.js:189:26)
          at render (C:\Users\cscol\OneDrive\Desktop\Projects\ShopKeeper\node_modules\@testing-library\react\dist\pure.js:291:10)
          at Object.<anonymous> (C:\Users\cscol\OneDrive\Desktop\Projects\ShopKeeper\__tests__\components\navigation-dropdowns.test.tsx:164:34)
          at Promise.finally.completed (C:\Users\cscol\OneDrive\Desktop\Projects\ShopKeeper\node_modules\jest-circus\build\jestAdapterInit.js:1557:28)
          at new Promise (<anonymous>)
          at callAsyncCircusFn (C:\Users\cscol\OneDrive\Desktop\Projects\ShopKeeper\node_modules\jest-circus\build\jestAdapterInit.js:1497:10)
          at _callCircusTest (C:\Users\cscol\OneDrive\Desktop\Projects\ShopKeeper\node_modules\jest-circus\build\jestAdapterInit.js:1007:40)
          at _runTest (C:\Users\cscol\OneDrive\Desktop\Projects\ShopKeeper\node_modules\jest-circus\build\jestAdapterInit.js:947:3)
          at C:\Users\cscol\OneDrive\Desktop\Projects\ShopKeeper\node_modules\jest-circus\build\jestAdapterInit.js:849:7
          at _runTestsForDescribeBlock (C:\Users\cscol\OneDrive\Desktop\Projects\ShopKeeper\node_modules\jest-circus\build\jestAdapterInit.js:862:11)
          at _runTestsForDescribeBlock (C:\Users\cscol\OneDrive\Desktop\Projects\ShopKeeper\node_modules\jest-circus\build\jestAdapterInit.js:857:11)
          at _runTestsForDescribeBlock (C:\Users\cscol\OneDrive\Desktop\Projects\ShopKeeper\node_modules\jest-circus\build\jestAdapterInit.js:857:11)
          at run (C:\Users\cscol\OneDrive\Desktop\Projects\ShopKeeper\node_modules\jest-circus\build\jestAdapterInit.js:761:3)
          at runAndTransformResultsToJestFormat (C:\Users\cscol\OneDrive\Desktop\Projects\ShopKeeper\node_modules\jest-circus\build\jestAdapterInit.js:1918:21)
          at jestAdapter (C:\Users\cscol\OneDrive\Desktop\Projects\ShopKeeper\node_modules\jest-circus\build\runner.js:101:19)
          at runTestInternal (C:\Users\cscol\OneDrive\Desktop\Projects\ShopKeeper\node_modules\jest-runner\build\index.js:275:16)
          at runTest (C:\Users\cscol\OneDrive\Desktop\Projects\ShopKeeper\node_modules\jest-runner\build\index.js:343:7) {
        detail: TypeError: (0 , _navigation.useSearchParams) is not a function
            at NavigationDropdowns (C:\Users\cscol\OneDrive\Desktop\Projects\ShopKeeper\components\shared\navigation-dropdowns.tsx:27:39)
            at renderWithHooks (C:\Users\cscol\OneDrive\Desktop\Projects\ShopKeeper\node_modules\react-dom\cjs\react-dom.development.js:15486:18)
            at mountIndeterminateComponent (C:\Users\cscol\OneDrive\Desktop\Projects\ShopKeeper\node_modules\react-dom\cjs\react-dom.development.js:20103:13)
            at beginWork (C:\Users\cscol\OneDrive\Desktop\Projects\ShopKeeper\node_modules\react-dom\cjs\react-dom.development.js:21626:16)
            at HTMLUnknownElement.callCallback (C:\Users\cscol\OneDrive\Desktop\Projects\ShopKeeper\node_modules\react-dom\cjs\react-dom.development.js:4164:14)
            at HTMLUnknownElement.callTheUserObjectsOperation (C:\Users\cscol\OneDrive\Desktop\Projects\ShopKeeper\node_modules\jsdom\lib\jsdom\living\generated\EventListener.js:26:30)
            at innerInvokeEventListeners (C:\Users\cscol\OneDrive\Desktop\Projects\ShopKeeper\node_modules\jsdom\lib\jsdom\living\events\EventTarget-impl.js:350:25)
            at invokeEventListeners (C:\Users\cscol\OneDrive\Desktop\Projects\ShopKeeper\node_modules\jsdom\lib\jsdom\living\events\EventTarget-impl.js:286:3)
            at HTMLUnknownElementImpl._dispatch (C:\Users\cscol\OneDrive\Desktop\Projects\ShopKeeper\node_modules\jsdom\lib\jsdom\living\events\EventTarget-impl.js:233:9)
            at HTMLUnknownElementImpl.dispatchEvent (C:\Users\cscol\OneDrive\Desktop\Projects\ShopKeeper\node_modules\jsdom\lib\jsdom\living\events\EventTarget-impl.js:104:17)
            at HTMLUnknownElement.dispatchEvent (C:\Users\cscol\OneDrive\Desktop\Projects\ShopKeeper\node_modules\jsdom\lib\jsdom\living\generated\EventTarget.js:241:34)
            at Object.invokeGuardedCallbackDev (C:\Users\cscol\OneDrive\Desktop\Projects\ShopKeeper\node_modules\react-dom\cjs\react-dom.development.js:4213:16)
            at invokeGuardedCallback (C:\Users\cscol\OneDrive\Desktop\Projects\ShopKeeper\node_modules\react-dom\cjs\react-dom.development.js:4277:31)
            at beginWork$1 (C:\Users\cscol\OneDrive\Desktop\Projects\ShopKeeper\node_modules\react-dom\cjs\react-dom.development.js:27490:7)
            at performUnitOfWork (C:\Users\cscol\OneDrive\Desktop\Projects\ShopKeeper\node_modules\react-dom\cjs\react-dom.development.js:26599:12)
            at workLoopSync (C:\Users\cscol\OneDrive\Desktop\Projects\ShopKeeper\node_modules\react-dom\cjs\react-dom.development.js:26505:5)
            at renderRootSync (C:\Users\cscol\OneDrive\Desktop\Projects\ShopKeeper\node_modules\react-dom\cjs\react-dom.development.js:26473:7)
            at performConcurrentWorkOnRoot (C:\Users\cscol\OneDrive\Desktop\Projects\ShopKeeper\node_modules\react-dom\cjs\react-dom.development.js:25777:74)
            at flushActQueue (C:\Users\cscol\OneDrive\Desktop\Projects\ShopKeeper\node_modules\react\cjs\react.development.js:2667:24)
            at act (C:\Users\cscol\OneDrive\Desktop\Projects\ShopKeeper\node_modules\react\cjs\react.development.js:2582:11)
            at C:\Users\cscol\OneDrive\Desktop\Projects\ShopKeeper\node_modules\@testing-library\react\dist\act-compat.js:46:25
            at renderRoot (C:\Users\cscol\OneDrive\Desktop\Projects\ShopKeeper\node_modules\@testing-library\react\dist\pure.js:189:26)
            at render (C:\Users\cscol\OneDrive\Desktop\Projects\ShopKeeper\node_modules\@testing-library\react\dist\pure.js:291:10)
            at Object.<anonymous> (C:\Users\cscol\OneDrive\Desktop\Projects\ShopKeeper\__tests__\components\navigation-dropdowns.test.tsx:164:34)
            at Promise.finally.completed (C:\Users\cscol\OneDrive\Desktop\Projects\ShopKeeper\node_modules\jest-circus\build\jestAdapterInit.js:1557:28)
            at new Promise (<anonymous>)
            at callAsyncCircusFn (C:\Users\cscol\OneDrive\Desktop\Projects\ShopKeeper\node_modules\jest-circus\build\jestAdapterInit.js:1497:10)
            at _callCircusTest (C:\Users\cscol\OneDrive\Desktop\Projects\ShopKeeper\node_modules\jest-circus\build\jestAdapterInit.js:1007:40)
            at _runTest (C:\Users\cscol\OneDrive\Desktop\Projects\ShopKeeper\node_modules\jest-circus\build\jestAdapterInit.js:947:3)
            at C:\Users\cscol\OneDrive\Desktop\Projects\ShopKeeper\node_modules\jest-circus\build\jestAdapterInit.js:849:7
            at _runTestsForDescribeBlock (C:\Users\cscol\OneDrive\Desktop\Projects\ShopKeeper\node_modules\jest-circus\build\jestAdapterInit.js:862:11)
            at _runTestsForDescribeBlock (C:\Users\cscol\OneDrive\Desktop\Projects\ShopKeeper\node_modules\jest-circus\build\jestAdapterInit.js:857:11)
            at _runTestsForDescribeBlock (C:\Users\cscol\OneDrive\Desktop\Projects\ShopKeeper\node_modules\jest-circus\build\jestAdapterInit.js:857:11)
            at run (C:\Users\cscol\OneDrive\Desktop\Projects\ShopKeeper\node_modules\jest-circus\build\jestAdapterInit.js:761:3)
            at runAndTransformResultsToJestFormat (C:\Users\cscol\OneDrive\Desktop\Projects\ShopKeeper\node_modules\jest-circus\build\jestAdapterInit.js:1918:21)
            at jestAdapter (C:\Users\cscol\OneDrive\Desktop\Projects\ShopKeeper\node_modules\jest-circus\build\runner.js:101:19)
            at runTestInternal (C:\Users\cscol\OneDrive\Desktop\Projects\ShopKeeper\node_modules\jest-runner\build\index.js:275:16)
            at runTest (C:\Users\cscol\OneDrive\Desktop\Projects\ShopKeeper\node_modules\jest-runner\build\index.js:343:7),
        type: 'unhandled exception'
      }

    [0m [90m 162 |[39m       })
     [90m 163 |[39m
    [31m[1m>[22m[39m[90m 164 |[39m       [36mconst[39m { rerender } [33m=[39m render([33m<[39m[33mNavigationDropdowns[39m [33m/[39m[33m>[39m)
     [90m     |[39m                                  [31m[1m^[22m[39m
     [90m 165 |[39m
     [90m 166 |[39m       [36mawait[39m waitFor(() [33m=>[39m {
     [90m 167 |[39m         expect(mockSupabase[33m.[39m[36mfrom[39m)[33m.[39mtoHaveBeenCalledWith([32m'campaigns'[39m)[0m

      at VirtualConsole.<anonymous> (node_modules/@jest/environment-jsdom-abstract/build/index.js:87:23)
      at reportException (node_modules/jsdom/lib/jsdom/living/helpers/runtime-script-errors.js:70:28)
      at innerInvokeEventListeners (node_modules/jsdom/lib/jsdom/living/events/EventTarget-impl.js:353:9)
      at invokeEventListeners (node_modules/jsdom/lib/jsdom/living/events/EventTarget-impl.js:286:3)
      at HTMLUnknownElementImpl._dispatch (node_modules/jsdom/lib/jsdom/living/events/EventTarget-impl.js:233:9)
      at HTMLUnknownElementImpl.dispatchEvent (node_modules/jsdom/lib/jsdom/living/events/EventTarget-impl.js:104:17)
      at HTMLUnknownElement.dispatchEvent (node_modules/jsdom/lib/jsdom/living/generated/EventTarget.js:241:34)
      at Object.invokeGuardedCallbackDev (node_modules/react-dom/cjs/react-dom.development.js:4213:16)
      at invokeGuardedCallback (node_modules/react-dom/cjs/react-dom.development.js:4277:31)
      at beginWork$1 (node_modules/react-dom/cjs/react-dom.development.js:27490:7)
      at performUnitOfWork (node_modules/react-dom/cjs/react-dom.development.js:26599:12)
      at workLoopSync (node_modules/react-dom/cjs/react-dom.development.js:26505:5)
      at renderRootSync (node_modules/react-dom/cjs/react-dom.development.js:26473:7)
      at performConcurrentWorkOnRoot (node_modules/react-dom/cjs/react-dom.development.js:25777:74)
      at flushActQueue (node_modules/react/cjs/react.development.js:2667:24)
      at act (node_modules/react/cjs/react.development.js:2582:11)
      at node_modules/@testing-library/react/dist/act-compat.js:46:25
      at renderRoot (node_modules/@testing-library/react/dist/pure.js:189:26)
      at render (node_modules/@testing-library/react/dist/pure.js:291:10)
      at Object.<anonymous> (__tests__/components/navigation-dropdowns.test.tsx:164:34)

    console.error
      Error: Uncaught [TypeError: (0 , _navigation.useSearchParams) is not a function]
          at reportException (C:\Users\cscol\OneDrive\Desktop\Projects\ShopKeeper\node_modules\jsdom\lib\jsdom\living\helpers\runtime-script-errors.js:66:24)
          at innerInvokeEventListeners (C:\Users\cscol\OneDrive\Desktop\Projects\ShopKeeper\node_modules\jsdom\lib\jsdom\living\events\EventTarget-impl.js:353:9)
          at invokeEventListeners (C:\Users\cscol\OneDrive\Desktop\Projects\ShopKeeper\node_modules\jsdom\lib\jsdom\living\events\EventTarget-impl.js:286:3)
          at HTMLUnknownElementImpl._dispatch (C:\Users\cscol\OneDrive\Desktop\Projects\ShopKeeper\node_modules\jsdom\lib\jsdom\living\events\EventTarget-impl.js:233:9)
          at HTMLUnknownElementImpl.dispatchEvent (C:\Users\cscol\OneDrive\Desktop\Projects\ShopKeeper\node_modules\jsdom\lib\jsdom\living\events\EventTarget-impl.js:104:17)
          at HTMLUnknownElement.dispatchEvent (C:\Users\cscol\OneDrive\Desktop\Projects\ShopKeeper\node_modules\jsdom\lib\jsdom\living\generated\EventTarget.js:241:34)
          at Object.invokeGuardedCallbackDev (C:\Users\cscol\OneDrive\Desktop\Projects\ShopKeeper\node_modules\react-dom\cjs\react-dom.development.js:4213:16)
          at invokeGuardedCallback (C:\Users\cscol\OneDrive\Desktop\Projects\ShopKeeper\node_modules\react-dom\cjs\react-dom.development.js:4277:31)
          at beginWork$1 (C:\Users\cscol\OneDrive\Desktop\Projects\ShopKeeper\node_modules\react-dom\cjs\react-dom.development.js:27490:7)
          at performUnitOfWork (C:\Users\cscol\OneDrive\Desktop\Projects\ShopKeeper\node_modules\react-dom\cjs\react-dom.development.js:26599:12)
          at workLoopSync (C:\Users\cscol\OneDrive\Desktop\Projects\ShopKeeper\node_modules\react-dom\cjs\react-dom.development.js:26505:5)
          at renderRootSync (C:\Users\cscol\OneDrive\Desktop\Projects\ShopKeeper\node_modules\react-dom\cjs\react-dom.development.js:26473:7)
          at recoverFromConcurrentError (C:\Users\cscol\OneDrive\Desktop\Projects\ShopKeeper\node_modules\react-dom\cjs\react-dom.development.js:25889:20)
          at performConcurrentWorkOnRoot (C:\Users\cscol\OneDrive\Desktop\Projects\ShopKeeper\node_modules\react-dom\cjs\react-dom.development.js:25789:22)
          at flushActQueue (C:\Users\cscol\OneDrive\Desktop\Projects\ShopKeeper\node_modules\react\cjs\react.development.js:2667:24)
          at act (C:\Users\cscol\OneDrive\Desktop\Projects\ShopKeeper\node_modules\react\cjs\react.development.js:2582:11)
          at C:\Users\cscol\OneDrive\Desktop\Projects\ShopKeeper\node_modules\@testing-library\react\dist\act-compat.js:46:25
          at renderRoot (C:\Users\cscol\OneDrive\Desktop\Projects\ShopKeeper\node_modules\@testing-library\react\dist\pure.js:189:26)
          at render (C:\Users\cscol\OneDrive\Desktop\Projects\ShopKeeper\node_modules\@testing-library\react\dist\pure.js:291:10)
          at Object.<anonymous> (C:\Users\cscol\OneDrive\Desktop\Projects\ShopKeeper\__tests__\components\navigation-dropdowns.test.tsx:164:34)
          at Promise.finally.completed (C:\Users\cscol\OneDrive\Desktop\Projects\ShopKeeper\node_modules\jest-circus\build\jestAdapterInit.js:1557:28)
          at new Promise (<anonymous>)
          at callAsyncCircusFn (C:\Users\cscol\OneDrive\Desktop\Projects\ShopKeeper\node_modules\jest-circus\build\jestAdapterInit.js:1497:10)
          at _callCircusTest (C:\Users\cscol\OneDrive\Desktop\Projects\ShopKeeper\node_modules\jest-circus\build\jestAdapterInit.js:1007:40)
          at _runTest (C:\Users\cscol\OneDrive\Desktop\Projects\ShopKeeper\node_modules\jest-circus\build\jestAdapterInit.js:947:3)
          at C:\Users\cscol\OneDrive\Desktop\Projects\ShopKeeper\node_modules\jest-circus\build\jestAdapterInit.js:849:7
          at _runTestsForDescribeBlock (C:\Users\cscol\OneDrive\Desktop\Projects\ShopKeeper\node_modules\jest-circus\build\jestAdapterInit.js:862:11)
          at _runTestsForDescribeBlock (C:\Users\cscol\OneDrive\Desktop\Projects\ShopKeeper\node_modules\jest-circus\build\jestAdapterInit.js:857:11)
          at _runTestsForDescribeBlock (C:\Users\cscol\OneDrive\Desktop\Projects\ShopKeeper\node_modules\jest-circus\build\jestAdapterInit.js:857:11)
          at run (C:\Users\cscol\OneDrive\Desktop\Projects\ShopKeeper\node_modules\jest-circus\build\jestAdapterInit.js:761:3)
          at runAndTransformResultsToJestFormat (C:\Users\cscol\OneDrive\Desktop\Projects\ShopKeeper\node_modules\jest-circus\build\jestAdapterInit.js:1918:21)
          at jestAdapter (C:\Users\cscol\OneDrive\Desktop\Projects\ShopKeeper\node_modules\jest-circus\build\runner.js:101:19)
          at runTestInternal (C:\Users\cscol\OneDrive\Desktop\Projects\ShopKeeper\node_modules\jest-runner\build\index.js:275:16)
          at runTest (C:\Users\cscol\OneDrive\Desktop\Projects\ShopKeeper\node_modules\jest-runner\build\index.js:343:7) {
        detail: TypeError: (0 , _navigation.useSearchParams) is not a function
            at NavigationDropdowns (C:\Users\cscol\OneDrive\Desktop\Projects\ShopKeeper\components\shared\navigation-dropdowns.tsx:27:39)
            at renderWithHooks (C:\Users\cscol\OneDrive\Desktop\Projects\ShopKeeper\node_modules\react-dom\cjs\react-dom.development.js:15486:18)
            at mountIndeterminateComponent (C:\Users\cscol\OneDrive\Desktop\Projects\ShopKeeper\node_modules\react-dom\cjs\react-dom.development.js:20103:13)
            at beginWork (C:\Users\cscol\OneDrive\Desktop\Projects\ShopKeeper\node_modules\react-dom\cjs\react-dom.development.js:21626:16)
            at HTMLUnknownElement.callCallback (C:\Users\cscol\OneDrive\Desktop\Projects\ShopKeeper\node_modules\react-dom\cjs\react-dom.development.js:4164:14)
            at HTMLUnknownElement.callTheUserObjectsOperation (C:\Users\cscol\OneDrive\Desktop\Projects\ShopKeeper\node_modules\jsdom\lib\jsdom\living\generated\EventListener.js:26:30)
            at innerInvokeEventListeners (C:\Users\cscol\OneDrive\Desktop\Projects\ShopKeeper\node_modules\jsdom\lib\jsdom\living\events\EventTarget-impl.js:350:25)
            at invokeEventListeners (C:\Users\cscol\OneDrive\Desktop\Projects\ShopKeeper\node_modules\jsdom\lib\jsdom\living\events\EventTarget-impl.js:286:3)
            at HTMLUnknownElementImpl._dispatch (C:\Users\cscol\OneDrive\Desktop\Projects\ShopKeeper\node_modules\jsdom\lib\jsdom\living\events\EventTarget-impl.js:233:9)
            at HTMLUnknownElementImpl.dispatchEvent (C:\Users\cscol\OneDrive\Desktop\Projects\ShopKeeper\node_modules\jsdom\lib\jsdom\living\events\EventTarget-impl.js:104:17)
            at HTMLUnknownElement.dispatchEvent (C:\Users\cscol\OneDrive\Desktop\Projects\ShopKeeper\node_modules\jsdom\lib\jsdom\living\generated\EventTarget.js:241:34)
            at Object.invokeGuardedCallbackDev (C:\Users\cscol\OneDrive\Desktop\Projects\ShopKeeper\node_modules\react-dom\cjs\react-dom.development.js:4213:16)
            at invokeGuardedCallback (C:\Users\cscol\OneDrive\Desktop\Projects\ShopKeeper\node_modules\react-dom\cjs\react-dom.development.js:4277:31)
            at beginWork$1 (C:\Users\cscol\OneDrive\Desktop\Projects\ShopKeeper\node_modules\react-dom\cjs\react-dom.development.js:27490:7)
            at performUnitOfWork (C:\Users\cscol\OneDrive\Desktop\Projects\ShopKeeper\node_modules\react-dom\cjs\react-dom.development.js:26599:12)
            at workLoopSync (C:\Users\cscol\OneDrive\Desktop\Projects\ShopKeeper\node_modules\react-dom\cjs\react-dom.development.js:26505:5)
            at renderRootSync (C:\Users\cscol\OneDrive\Desktop\Projects\ShopKeeper\node_modules\react-dom\cjs\react-dom.development.js:26473:7)
            at recoverFromConcurrentError (C:\Users\cscol\OneDrive\Desktop\Projects\ShopKeeper\node_modules\react-dom\cjs\react-dom.development.js:25889:20)
            at performConcurrentWorkOnRoot (C:\Users\cscol\OneDrive\Desktop\Projects\ShopKeeper\node_modules\react-dom\cjs\react-dom.development.js:25789:22)
            at flushActQueue (C:\Users\cscol\OneDrive\Desktop\Projects\ShopKeeper\node_modules\react\cjs\react.development.js:2667:24)
            at act (C:\Users\cscol\OneDrive\Desktop\Projects\ShopKeeper\node_modules\react\cjs\react.development.js:2582:11)
            at C:\Users\cscol\OneDrive\Desktop\Projects\ShopKeeper\node_modules\@testing-library\react\dist\act-compat.js:46:25
            at renderRoot (C:\Users\cscol\OneDrive\Desktop\Projects\ShopKeeper\node_modules\@testing-library\react\dist\pure.js:189:26)
            at render (C:\Users\cscol\OneDrive\Desktop\Projects\ShopKeeper\node_modules\@testing-library\react\dist\pure.js:291:10)
            at Object.<anonymous> (C:\Users\cscol\OneDrive\Desktop\Projects\ShopKeeper\__tests__\components\navigation-dropdowns.test.tsx:164:34)
            at Promise.finally.completed (C:\Users\cscol\OneDrive\Desktop\Projects\ShopKeeper\node_modules\jest-circus\build\jestAdapterInit.js:1557:28)
            at new Promise (<anonymous>)
            at callAsyncCircusFn (C:\Users\cscol\OneDrive\Desktop\Projects\ShopKeeper\node_modules\jest-circus\build\jestAdapterInit.js:1497:10)
            at _callCircusTest (C:\Users\cscol\OneDrive\Desktop\Projects\ShopKeeper\node_modules\jest-circus\build\jestAdapterInit.js:1007:40)
            at _runTest (C:\Users\cscol\OneDrive\Desktop\Projects\ShopKeeper\node_modules\jest-circus\build\jestAdapterInit.js:947:3)
            at C:\Users\cscol\OneDrive\Desktop\Projects\ShopKeeper\node_modules\jest-circus\build\jestAdapterInit.js:849:7
            at _runTestsForDescribeBlock (C:\Users\cscol\OneDrive\Desktop\Projects\ShopKeeper\node_modules\jest-circus\build\jestAdapterInit.js:862:11)
            at _runTestsForDescribeBlock (C:\Users\cscol\OneDrive\Desktop\Projects\ShopKeeper\node_modules\jest-circus\build\jestAdapterInit.js:857:11)
            at _runTestsForDescribeBlock (C:\Users\cscol\OneDrive\Desktop\Projects\ShopKeeper\node_modules\jest-circus\build\jestAdapterInit.js:857:11)
            at run (C:\Users\cscol\OneDrive\Desktop\Projects\ShopKeeper\node_modules\jest-circus\build\jestAdapterInit.js:761:3)
            at runAndTransformResultsToJestFormat (C:\Users\cscol\OneDrive\Desktop\Projects\ShopKeeper\node_modules\jest-circus\build\jestAdapterInit.js:1918:21)
            at jestAdapter (C:\Users\cscol\OneDrive\Desktop\Projects\ShopKeeper\node_modules\jest-circus\build\runner.js:101:19)
            at runTestInternal (C:\Users\cscol\OneDrive\Desktop\Projects\ShopKeeper\node_modules\jest-runner\build\index.js:275:16)
            at runTest (C:\Users\cscol\OneDrive\Desktop\Projects\ShopKeeper\node_modules\jest-runner\build\index.js:343:7),
        type: 'unhandled exception'
      }

    [0m [90m 162 |[39m       })
     [90m 163 |[39m
    [31m[1m>[22m[39m[90m 164 |[39m       [36mconst[39m { rerender } [33m=[39m render([33m<[39m[33mNavigationDropdowns[39m [33m/[39m[33m>[39m)
     [90m     |[39m                                  [31m[1m^[22m[39m
     [90m 165 |[39m
     [90m 166 |[39m       [36mawait[39m waitFor(() [33m=>[39m {
     [90m 167 |[39m         expect(mockSupabase[33m.[39m[36mfrom[39m)[33m.[39mtoHaveBeenCalledWith([32m'campaigns'[39m)[0m

      at VirtualConsole.<anonymous> (node_modules/@jest/environment-jsdom-abstract/build/index.js:87:23)
      at reportException (node_modules/jsdom/lib/jsdom/living/helpers/runtime-script-errors.js:70:28)
      at innerInvokeEventListeners (node_modules/jsdom/lib/jsdom/living/events/EventTarget-impl.js:353:9)
      at invokeEventListeners (node_modules/jsdom/lib/jsdom/living/events/EventTarget-impl.js:286:3)
      at HTMLUnknownElementImpl._dispatch (node_modules/jsdom/lib/jsdom/living/events/EventTarget-impl.js:233:9)
      at HTMLUnknownElementImpl.dispatchEvent (node_modules/jsdom/lib/jsdom/living/events/EventTarget-impl.js:104:17)
      at HTMLUnknownElement.dispatchEvent (node_modules/jsdom/lib/jsdom/living/generated/EventTarget.js:241:34)
      at Object.invokeGuardedCallbackDev (node_modules/react-dom/cjs/react-dom.development.js:4213:16)
      at invokeGuardedCallback (node_modules/react-dom/cjs/react-dom.development.js:4277:31)
      at beginWork$1 (node_modules/react-dom/cjs/react-dom.development.js:27490:7)
      at performUnitOfWork (node_modules/react-dom/cjs/react-dom.development.js:26599:12)
      at workLoopSync (node_modules/react-dom/cjs/react-dom.development.js:26505:5)
      at renderRootSync (node_modules/react-dom/cjs/react-dom.development.js:26473:7)
      at recoverFromConcurrentError (node_modules/react-dom/cjs/react-dom.development.js:25889:20)
      at performConcurrentWorkOnRoot (node_modules/react-dom/cjs/react-dom.development.js:25789:22)
      at flushActQueue (node_modules/react/cjs/react.development.js:2667:24)
      at act (node_modules/react/cjs/react.development.js:2582:11)
      at node_modules/@testing-library/react/dist/act-compat.js:46:25
      at renderRoot (node_modules/@testing-library/react/dist/pure.js:189:26)
      at render (node_modules/@testing-library/react/dist/pure.js:291:10)
      at Object.<anonymous> (__tests__/components/navigation-dropdowns.test.tsx:164:34)

    console.error
      The above error occurred in the <NavigationDropdowns> component:
      
          at NavigationDropdowns (C:\Users\cscol\OneDrive\Desktop\Projects\ShopKeeper\components\shared\navigation-dropdowns.tsx:27:39)
      
      Consider adding an error boundary to your tree to customize error handling behavior.
      Visit https://reactjs.org/link/error-boundaries to learn more about error boundaries.

    [0m [90m 162 |[39m       })
     [90m 163 |[39m
    [31m[1m>[22m[39m[90m 164 |[39m       [36mconst[39m { rerender } [33m=[39m render([33m<[39m[33mNavigationDropdowns[39m [33m/[39m[33m>[39m)
     [90m     |[39m                                  [31m[1m^[22m[39m
     [90m 165 |[39m
     [90m 166 |[39m       [36mawait[39m waitFor(() [33m=>[39m {
     [90m 167 |[39m         expect(mockSupabase[33m.[39m[36mfrom[39m)[33m.[39mtoHaveBeenCalledWith([32m'campaigns'[39m)[0m

      at logCapturedError (node_modules/react-dom/cjs/react-dom.development.js:18704:23)
      at update.callback (node_modules/react-dom/cjs/react-dom.development.js:18737:5)
      at callCallback (node_modules/react-dom/cjs/react-dom.development.js:15036:12)
      at commitUpdateQueue (node_modules/react-dom/cjs/react-dom.development.js:15057:9)
      at commitLayoutEffectOnFiber (node_modules/react-dom/cjs/react-dom.development.js:23430:13)
      at commitLayoutMountEffects_complete (node_modules/react-dom/cjs/react-dom.development.js:24727:9)
      at commitLayoutEffects_begin (node_modules/react-dom/cjs/react-dom.development.js:24713:7)
      at commitLayoutEffects (node_modules/react-dom/cjs/react-dom.development.js:24651:3)
      at commitRootImpl (node_modules/react-dom/cjs/react-dom.development.js:26862:5)
      at commitRoot (node_modules/react-dom/cjs/react-dom.development.js:26721:5)
      at finishConcurrentRender (node_modules/react-dom/cjs/react-dom.development.js:25931:9)
      at performConcurrentWorkOnRoot (node_modules/react-dom/cjs/react-dom.development.js:25848:7)
      at flushActQueue (node_modules/react/cjs/react.development.js:2667:24)
      at act (node_modules/react/cjs/react.development.js:2582:11)
      at node_modules/@testing-library/react/dist/act-compat.js:46:25
      at renderRoot (node_modules/@testing-library/react/dist/pure.js:189:26)
      at render (node_modules/@testing-library/react/dist/pure.js:291:10)
      at Object.<anonymous> (__tests__/components/navigation-dropdowns.test.tsx:164:34)

    console.error
      Error: Uncaught [TypeError: (0 , _navigation.useSearchParams) is not a function]
          at reportException (C:\Users\cscol\OneDrive\Desktop\Projects\ShopKeeper\node_modules\jsdom\lib\jsdom\living\helpers\runtime-script-errors.js:66:24)
          at innerInvokeEventListeners (C:\Users\cscol\OneDrive\Desktop\Projects\ShopKeeper\node_modules\jsdom\lib\jsdom\living\events\EventTarget-impl.js:353:9)
          at invokeEventListeners (C:\Users\cscol\OneDrive\Desktop\Projects\ShopKeeper\node_modules\jsdom\lib\jsdom\living\events\EventTarget-impl.js:286:3)
          at HTMLUnknownElementImpl._dispatch (C:\Users\cscol\OneDrive\Desktop\Projects\ShopKeeper\node_modules\jsdom\lib\jsdom\living\events\EventTarget-impl.js:233:9)
          at HTMLUnknownElementImpl.dispatchEvent (C:\Users\cscol\OneDrive\Desktop\Projects\ShopKeeper\node_modules\jsdom\lib\jsdom\living\events\EventTarget-impl.js:104:17)
          at HTMLUnknownElement.dispatchEvent (C:\Users\cscol\OneDrive\Desktop\Projects\ShopKeeper\node_modules\jsdom\lib\jsdom\living\generated\EventTarget.js:241:34)
          at Object.invokeGuardedCallbackDev (C:\Users\cscol\OneDrive\Desktop\Projects\ShopKeeper\node_modules\react-dom\cjs\react-dom.development.js:4213:16)
          at invokeGuardedCallback (C:\Users\cscol\OneDrive\Desktop\Projects\ShopKeeper\node_modules\react-dom\cjs\react-dom.development.js:4277:31)
          at beginWork$1 (C:\Users\cscol\OneDrive\Desktop\Projects\ShopKeeper\node_modules\react-dom\cjs\react-dom.development.js:27490:7)
          at performUnitOfWork (C:\Users\cscol\OneDrive\Desktop\Projects\ShopKeeper\node_modules\react-dom\cjs\react-dom.development.js:26599:12)
          at workLoopSync (C:\Users\cscol\OneDrive\Desktop\Projects\ShopKeeper\node_modules\react-dom\cjs\react-dom.development.js:26505:5)
          at renderRootSync (C:\Users\cscol\OneDrive\Desktop\Projects\ShopKeeper\node_modules\react-dom\cjs\react-dom.development.js:26473:7)
          at performConcurrentWorkOnRoot (C:\Users\cscol\OneDrive\Desktop\Projects\ShopKeeper\node_modules\react-dom\cjs\react-dom.development.js:25777:74)
          at flushActQueue (C:\Users\cscol\OneDrive\Desktop\Projects\ShopKeeper\node_modules\react\cjs\react.development.js:2667:24)
          at act (C:\Users\cscol\OneDrive\Desktop\Projects\ShopKeeper\node_modules\react\cjs\react.development.js:2582:11)
          at C:\Users\cscol\OneDrive\Desktop\Projects\ShopKeeper\node_modules\@testing-library\react\dist\act-compat.js:46:25
          at renderRoot (C:\Users\cscol\OneDrive\Desktop\Projects\ShopKeeper\node_modules\@testing-library\react\dist\pure.js:189:26)
          at render (C:\Users\cscol\OneDrive\Desktop\Projects\ShopKeeper\node_modules\@testing-library\react\dist\pure.js:291:10)
          at Object.<anonymous> (C:\Users\cscol\OneDrive\Desktop\Projects\ShopKeeper\__tests__\components\navigation-dropdowns.test.tsx:213:13)
          at Promise.finally.completed (C:\Users\cscol\OneDrive\Desktop\Projects\ShopKeeper\node_modules\jest-circus\build\jestAdapterInit.js:1557:28)
          at new Promise (<anonymous>)
          at callAsyncCircusFn (C:\Users\cscol\OneDrive\Desktop\Projects\ShopKeeper\node_modules\jest-circus\build\jestAdapterInit.js:1497:10)
          at _callCircusTest (C:\Users\cscol\OneDrive\Desktop\Projects\ShopKeeper\node_modules\jest-circus\build\jestAdapterInit.js:1007:40)
          at _runTest (C:\Users\cscol\OneDrive\Desktop\Projects\ShopKeeper\node_modules\jest-circus\build\jestAdapterInit.js:947:3)
          at C:\Users\cscol\OneDrive\Desktop\Projects\ShopKeeper\node_modules\jest-circus\build\jestAdapterInit.js:849:7
          at _runTestsForDescribeBlock (C:\Users\cscol\OneDrive\Desktop\Projects\ShopKeeper\node_modules\jest-circus\build\jestAdapterInit.js:862:11)
          at _runTestsForDescribeBlock (C:\Users\cscol\OneDrive\Desktop\Projects\ShopKeeper\node_modules\jest-circus\build\jestAdapterInit.js:857:11)
          at _runTestsForDescribeBlock (C:\Users\cscol\OneDrive\Desktop\Projects\ShopKeeper\node_modules\jest-circus\build\jestAdapterInit.js:857:11)
          at run (C:\Users\cscol\OneDrive\Desktop\Projects\ShopKeeper\node_modules\jest-circus\build\jestAdapterInit.js:761:3)
          at runAndTransformResultsToJestFormat (C:\Users\cscol\OneDrive\Desktop\Projects\ShopKeeper\node_modules\jest-circus\build\jestAdapterInit.js:1918:21)
          at jestAdapter (C:\Users\cscol\OneDrive\Desktop\Projects\ShopKeeper\node_modules\jest-circus\build\runner.js:101:19)
          at runTestInternal (C:\Users\cscol\OneDrive\Desktop\Projects\ShopKeeper\node_modules\jest-runner\build\index.js:275:16)
          at runTest (C:\Users\cscol\OneDrive\Desktop\Projects\ShopKeeper\node_modules\jest-runner\build\index.js:343:7) {
        detail: TypeError: (0 , _navigation.useSearchParams) is not a function
            at NavigationDropdowns (C:\Users\cscol\OneDrive\Desktop\Projects\ShopKeeper\components\shared\navigation-dropdowns.tsx:27:39)
            at renderWithHooks (C:\Users\cscol\OneDrive\Desktop\Projects\ShopKeeper\node_modules\react-dom\cjs\react-dom.development.js:15486:18)
            at mountIndeterminateComponent (C:\Users\cscol\OneDrive\Desktop\Projects\ShopKeeper\node_modules\react-dom\cjs\react-dom.development.js:20103:13)
            at beginWork (C:\Users\cscol\OneDrive\Desktop\Projects\ShopKeeper\node_modules\react-dom\cjs\react-dom.development.js:21626:16)
            at HTMLUnknownElement.callCallback (C:\Users\cscol\OneDrive\Desktop\Projects\ShopKeeper\node_modules\react-dom\cjs\react-dom.development.js:4164:14)
            at HTMLUnknownElement.callTheUserObjectsOperation (C:\Users\cscol\OneDrive\Desktop\Projects\ShopKeeper\node_modules\jsdom\lib\jsdom\living\generated\EventListener.js:26:30)
            at innerInvokeEventListeners (C:\Users\cscol\OneDrive\Desktop\Projects\ShopKeeper\node_modules\jsdom\lib\jsdom\living\events\EventTarget-impl.js:350:25)
            at invokeEventListeners (C:\Users\cscol\OneDrive\Desktop\Projects\ShopKeeper\node_modules\jsdom\lib\jsdom\living\events\EventTarget-impl.js:286:3)
            at HTMLUnknownElementImpl._dispatch (C:\Users\cscol\OneDrive\Desktop\Projects\ShopKeeper\node_modules\jsdom\lib\jsdom\living\events\EventTarget-impl.js:233:9)
            at HTMLUnknownElementImpl.dispatchEvent (C:\Users\cscol\OneDrive\Desktop\Projects\ShopKeeper\node_modules\jsdom\lib\jsdom\living\events\EventTarget-impl.js:104:17)
            at HTMLUnknownElement.dispatchEvent (C:\Users\cscol\OneDrive\Desktop\Projects\ShopKeeper\node_modules\jsdom\lib\jsdom\living\generated\EventTarget.js:241:34)
            at Object.invokeGuardedCallbackDev (C:\Users\cscol\OneDrive\Desktop\Projects\ShopKeeper\node_modules\react-dom\cjs\react-dom.development.js:4213:16)
            at invokeGuardedCallback (C:\Users\cscol\OneDrive\Desktop\Projects\ShopKeeper\node_modules\react-dom\cjs\react-dom.development.js:4277:31)
            at beginWork$1 (C:\Users\cscol\OneDrive\Desktop\Projects\ShopKeeper\node_modules\react-dom\cjs\react-dom.development.js:27490:7)
            at performUnitOfWork (C:\Users\cscol\OneDrive\Desktop\Projects\ShopKeeper\node_modules\react-dom\cjs\react-dom.development.js:26599:12)
            at workLoopSync (C:\Users\cscol\OneDrive\Desktop\Projects\ShopKeeper\node_modules\react-dom\cjs\react-dom.development.js:26505:5)
            at renderRootSync (C:\Users\cscol\OneDrive\Desktop\Projects\ShopKeeper\node_modules\react-dom\cjs\react-dom.development.js:26473:7)
            at performConcurrentWorkOnRoot (C:\Users\cscol\OneDrive\Desktop\Projects\ShopKeeper\node_modules\react-dom\cjs\react-dom.development.js:25777:74)
            at flushActQueue (C:\Users\cscol\OneDrive\Desktop\Projects\ShopKeeper\node_modules\react\cjs\react.development.js:2667:24)
            at act (C:\Users\cscol\OneDrive\Desktop\Projects\ShopKeeper\node_modules\react\cjs\react.development.js:2582:11)
            at C:\Users\cscol\OneDrive\Desktop\Projects\ShopKeeper\node_modules\@testing-library\react\dist\act-compat.js:46:25
            at renderRoot (C:\Users\cscol\OneDrive\Desktop\Projects\ShopKeeper\node_modules\@testing-library\react\dist\pure.js:189:26)
            at render (C:\Users\cscol\OneDrive\Desktop\Projects\ShopKeeper\node_modules\@testing-library\react\dist\pure.js:291:10)
            at Object.<anonymous> (C:\Users\cscol\OneDrive\Desktop\Projects\ShopKeeper\__tests__\components\navigation-dropdowns.test.tsx:213:13)
            at Promise.finally.completed (C:\Users\cscol\OneDrive\Desktop\Projects\ShopKeeper\node_modules\jest-circus\build\jestAdapterInit.js:1557:28)
            at new Promise (<anonymous>)
            at callAsyncCircusFn (C:\Users\cscol\OneDrive\Desktop\Projects\ShopKeeper\node_modules\jest-circus\build\jestAdapterInit.js:1497:10)
            at _callCircusTest (C:\Users\cscol\OneDrive\Desktop\Projects\ShopKeeper\node_modules\jest-circus\build\jestAdapterInit.js:1007:40)
            at _runTest (C:\Users\cscol\OneDrive\Desktop\Projects\ShopKeeper\node_modules\jest-circus\build\jestAdapterInit.js:947:3)
            at C:\Users\cscol\OneDrive\Desktop\Projects\ShopKeeper\node_modules\jest-circus\build\jestAdapterInit.js:849:7
            at _runTestsForDescribeBlock (C:\Users\cscol\OneDrive\Desktop\Projects\ShopKeeper\node_modules\jest-circus\build\jestAdapterInit.js:862:11)
            at _runTestsForDescribeBlock (C:\Users\cscol\OneDrive\Desktop\Projects\ShopKeeper\node_modules\jest-circus\build\jestAdapterInit.js:857:11)
            at _runTestsForDescribeBlock (C:\Users\cscol\OneDrive\Desktop\Projects\ShopKeeper\node_modules\jest-circus\build\jestAdapterInit.js:857:11)
            at run (C:\Users\cscol\OneDrive\Desktop\Projects\ShopKeeper\node_modules\jest-circus\build\jestAdapterInit.js:761:3)
            at runAndTransformResultsToJestFormat (C:\Users\cscol\OneDrive\Desktop\Projects\ShopKeeper\node_modules\jest-circus\build\jestAdapterInit.js:1918:21)
            at jestAdapter (C:\Users\cscol\OneDrive\Desktop\Projects\ShopKeeper\node_modules\jest-circus\build\runner.js:101:19)
            at runTestInternal (C:\Users\cscol\OneDrive\Desktop\Projects\ShopKeeper\node_modules\jest-runner\build\index.js:275:16)
            at runTest (C:\Users\cscol\OneDrive\Desktop\Projects\ShopKeeper\node_modules\jest-runner\build\index.js:343:7),
        type: 'unhandled exception'
      }

    [0m [90m 211 |[39m       }))
     [90m 212 |[39m
    [31m[1m>[22m[39m[90m 213 |[39m       render([33m<[39m[33mNavigationDropdowns[39m [33m/[39m[33m>[39m)
     [90m     |[39m             [31m[1m^[22m[39m
     [90m 214 |[39m
     [90m 215 |[39m       [36mawait[39m waitFor(() [33m=>[39m {
     [90m 216 |[39m         expect(mockSupabase[33m.[39mchannel)[33m.[39mtoHaveBeenCalledWith([32m'navigation-campaigns'[39m)[0m

      at VirtualConsole.<anonymous> (node_modules/@jest/environment-jsdom-abstract/build/index.js:87:23)
      at reportException (node_modules/jsdom/lib/jsdom/living/helpers/runtime-script-errors.js:70:28)
      at innerInvokeEventListeners (node_modules/jsdom/lib/jsdom/living/events/EventTarget-impl.js:353:9)
      at invokeEventListeners (node_modules/jsdom/lib/jsdom/living/events/EventTarget-impl.js:286:3)
      at HTMLUnknownElementImpl._dispatch (node_modules/jsdom/lib/jsdom/living/events/EventTarget-impl.js:233:9)
      at HTMLUnknownElementImpl.dispatchEvent (node_modules/jsdom/lib/jsdom/living/events/EventTarget-impl.js:104:17)
      at HTMLUnknownElement.dispatchEvent (node_modules/jsdom/lib/jsdom/living/generated/EventTarget.js:241:34)
      at Object.invokeGuardedCallbackDev (node_modules/react-dom/cjs/react-dom.development.js:4213:16)
      at invokeGuardedCallback (node_modules/react-dom/cjs/react-dom.development.js:4277:31)
      at beginWork$1 (node_modules/react-dom/cjs/react-dom.development.js:27490:7)
      at performUnitOfWork (node_modules/react-dom/cjs/react-dom.development.js:26599:12)
      at workLoopSync (node_modules/react-dom/cjs/react-dom.development.js:26505:5)
      at renderRootSync (node_modules/react-dom/cjs/react-dom.development.js:26473:7)
      at performConcurrentWorkOnRoot (node_modules/react-dom/cjs/react-dom.development.js:25777:74)
      at flushActQueue (node_modules/react/cjs/react.development.js:2667:24)
      at act (node_modules/react/cjs/react.development.js:2582:11)
      at node_modules/@testing-library/react/dist/act-compat.js:46:25
      at renderRoot (node_modules/@testing-library/react/dist/pure.js:189:26)
      at render (node_modules/@testing-library/react/dist/pure.js:291:10)
      at Object.<anonymous> (__tests__/components/navigation-dropdowns.test.tsx:213:13)

    console.error
      Error: Uncaught [TypeError: (0 , _navigation.useSearchParams) is not a function]
          at reportException (C:\Users\cscol\OneDrive\Desktop\Projects\ShopKeeper\node_modules\jsdom\lib\jsdom\living\helpers\runtime-script-errors.js:66:24)
          at innerInvokeEventListeners (C:\Users\cscol\OneDrive\Desktop\Projects\ShopKeeper\node_modules\jsdom\lib\jsdom\living\events\EventTarget-impl.js:353:9)
          at invokeEventListeners (C:\Users\cscol\OneDrive\Desktop\Projects\ShopKeeper\node_modules\jsdom\lib\jsdom\living\events\EventTarget-impl.js:286:3)
          at HTMLUnknownElementImpl._dispatch (C:\Users\cscol\OneDrive\Desktop\Projects\ShopKeeper\node_modules\jsdom\lib\jsdom\living\events\EventTarget-impl.js:233:9)
          at HTMLUnknownElementImpl.dispatchEvent (C:\Users\cscol\OneDrive\Desktop\Projects\ShopKeeper\node_modules\jsdom\lib\jsdom\living\events\EventTarget-impl.js:104:17)
          at HTMLUnknownElement.dispatchEvent (C:\Users\cscol\OneDrive\Desktop\Projects\ShopKeeper\node_modules\jsdom\lib\jsdom\living\generated\EventTarget.js:241:34)
          at Object.invokeGuardedCallbackDev (C:\Users\cscol\OneDrive\Desktop\Projects\ShopKeeper\node_modules\react-dom\cjs\react-dom.development.js:4213:16)
          at invokeGuardedCallback (C:\Users\cscol\OneDrive\Desktop\Projects\ShopKeeper\node_modules\react-dom\cjs\react-dom.development.js:4277:31)
          at beginWork$1 (C:\Users\cscol\OneDrive\Desktop\Projects\ShopKeeper\node_modules\react-dom\cjs\react-dom.development.js:27490:7)
          at performUnitOfWork (C:\Users\cscol\OneDrive\Desktop\Projects\ShopKeeper\node_modules\react-dom\cjs\react-dom.development.js:26599:12)
          at workLoopSync (C:\Users\cscol\OneDrive\Desktop\Projects\ShopKeeper\node_modules\react-dom\cjs\react-dom.development.js:26505:5)
          at renderRootSync (C:\Users\cscol\OneDrive\Desktop\Projects\ShopKeeper\node_modules\react-dom\cjs\react-dom.development.js:26473:7)
          at recoverFromConcurrentError (C:\Users\cscol\OneDrive\Desktop\Projects\ShopKeeper\node_modules\react-dom\cjs\react-dom.development.js:25889:20)
          at performConcurrentWorkOnRoot (C:\Users\cscol\OneDrive\Desktop\Projects\ShopKeeper\node_modules\react-dom\cjs\react-dom.development.js:25789:22)
          at flushActQueue (C:\Users\cscol\OneDrive\Desktop\Projects\ShopKeeper\node_modules\react\cjs\react.development.js:2667:24)
          at act (C:\Users\cscol\OneDrive\Desktop\Projects\ShopKeeper\node_modules\react\cjs\react.development.js:2582:11)
          at C:\Users\cscol\OneDrive\Desktop\Projects\ShopKeeper\node_modules\@testing-library\react\dist\act-compat.js:46:25
          at renderRoot (C:\Users\cscol\OneDrive\Desktop\Projects\ShopKeeper\node_modules\@testing-library\react\dist\pure.js:189:26)
          at render (C:\Users\cscol\OneDrive\Desktop\Projects\ShopKeeper\node_modules\@testing-library\react\dist\pure.js:291:10)
          at Object.<anonymous> (C:\Users\cscol\OneDrive\Desktop\Projects\ShopKeeper\__tests__\components\navigation-dropdowns.test.tsx:213:13)
          at Promise.finally.completed (C:\Users\cscol\OneDrive\Desktop\Projects\ShopKeeper\node_modules\jest-circus\build\jestAdapterInit.js:1557:28)
          at new Promise (<anonymous>)
          at callAsyncCircusFn (C:\Users\cscol\OneDrive\Desktop\Projects\ShopKeeper\node_modules\jest-circus\build\jestAdapterInit.js:1497:10)
          at _callCircusTest (C:\Users\cscol\OneDrive\Desktop\Projects\ShopKeeper\node_modules\jest-circus\build\jestAdapterInit.js:1007:40)
          at _runTest (C:\Users\cscol\OneDrive\Desktop\Projects\ShopKeeper\node_modules\jest-circus\build\jestAdapterInit.js:947:3)
          at C:\Users\cscol\OneDrive\Desktop\Projects\ShopKeeper\node_modules\jest-circus\build\jestAdapterInit.js:849:7
          at _runTestsForDescribeBlock (C:\Users\cscol\OneDrive\Desktop\Projects\ShopKeeper\node_modules\jest-circus\build\jestAdapterInit.js:862:11)
          at _runTestsForDescribeBlock (C:\Users\cscol\OneDrive\Desktop\Projects\ShopKeeper\node_modules\jest-circus\build\jestAdapterInit.js:857:11)
          at _runTestsForDescribeBlock (C:\Users\cscol\OneDrive\Desktop\Projects\ShopKeeper\node_modules\jest-circus\build\jestAdapterInit.js:857:11)
          at run (C:\Users\cscol\OneDrive\Desktop\Projects\ShopKeeper\node_modules\jest-circus\build\jestAdapterInit.js:761:3)
          at runAndTransformResultsToJestFormat (C:\Users\cscol\OneDrive\Desktop\Projects\ShopKeeper\node_modules\jest-circus\build\jestAdapterInit.js:1918:21)
          at jestAdapter (C:\Users\cscol\OneDrive\Desktop\Projects\ShopKeeper\node_modules\jest-circus\build\runner.js:101:19)
          at runTestInternal (C:\Users\cscol\OneDrive\Desktop\Projects\ShopKeeper\node_modules\jest-runner\build\index.js:275:16)
          at runTest (C:\Users\cscol\OneDrive\Desktop\Projects\ShopKeeper\node_modules\jest-runner\build\index.js:343:7) {
        detail: TypeError: (0 , _navigation.useSearchParams) is not a function
            at NavigationDropdowns (C:\Users\cscol\OneDrive\Desktop\Projects\ShopKeeper\components\shared\navigation-dropdowns.tsx:27:39)
            at renderWithHooks (C:\Users\cscol\OneDrive\Desktop\Projects\ShopKeeper\node_modules\react-dom\cjs\react-dom.development.js:15486:18)
            at mountIndeterminateComponent (C:\Users\cscol\OneDrive\Desktop\Projects\ShopKeeper\node_modules\react-dom\cjs\react-dom.development.js:20103:13)
            at beginWork (C:\Users\cscol\OneDrive\Desktop\Projects\ShopKeeper\node_modules\react-dom\cjs\react-dom.development.js:21626:16)
            at HTMLUnknownElement.callCallback (C:\Users\cscol\OneDrive\Desktop\Projects\ShopKeeper\node_modules\react-dom\cjs\react-dom.development.js:4164:14)
            at HTMLUnknownElement.callTheUserObjectsOperation (C:\Users\cscol\OneDrive\Desktop\Projects\ShopKeeper\node_modules\jsdom\lib\jsdom\living\generated\EventListener.js:26:30)
            at innerInvokeEventListeners (C:\Users\cscol\OneDrive\Desktop\Projects\ShopKeeper\node_modules\jsdom\lib\jsdom\living\events\EventTarget-impl.js:350:25)
            at invokeEventListeners (C:\Users\cscol\OneDrive\Desktop\Projects\ShopKeeper\node_modules\jsdom\lib\jsdom\living\events\EventTarget-impl.js:286:3)
            at HTMLUnknownElementImpl._dispatch (C:\Users\cscol\OneDrive\Desktop\Projects\ShopKeeper\node_modules\jsdom\lib\jsdom\living\events\EventTarget-impl.js:233:9)
            at HTMLUnknownElementImpl.dispatchEvent (C:\Users\cscol\OneDrive\Desktop\Projects\ShopKeeper\node_modules\jsdom\lib\jsdom\living\events\EventTarget-impl.js:104:17)
            at HTMLUnknownElement.dispatchEvent (C:\Users\cscol\OneDrive\Desktop\Projects\ShopKeeper\node_modules\jsdom\lib\jsdom\living\generated\EventTarget.js:241:34)
            at Object.invokeGuardedCallbackDev (C:\Users\cscol\OneDrive\Desktop\Projects\ShopKeeper\node_modules\react-dom\cjs\react-dom.development.js:4213:16)
            at invokeGuardedCallback (C:\Users\cscol\OneDrive\Desktop\Projects\ShopKeeper\node_modules\react-dom\cjs\react-dom.development.js:4277:31)
            at beginWork$1 (C:\Users\cscol\OneDrive\Desktop\Projects\ShopKeeper\node_modules\react-dom\cjs\react-dom.development.js:27490:7)
            at performUnitOfWork (C:\Users\cscol\OneDrive\Desktop\Projects\ShopKeeper\node_modules\react-dom\cjs\react-dom.development.js:26599:12)
            at workLoopSync (C:\Users\cscol\OneDrive\Desktop\Projects\ShopKeeper\node_modules\react-dom\cjs\react-dom.development.js:26505:5)
            at renderRootSync (C:\Users\cscol\OneDrive\Desktop\Projects\ShopKeeper\node_modules\react-dom\cjs\react-dom.development.js:26473:7)
            at recoverFromConcurrentError (C:\Users\cscol\OneDrive\Desktop\Projects\ShopKeeper\node_modules\react-dom\cjs\react-dom.development.js:25889:20)
            at performConcurrentWorkOnRoot (C:\Users\cscol\OneDrive\Desktop\Projects\ShopKeeper\node_modules\react-dom\cjs\react-dom.development.js:25789:22)
            at flushActQueue (C:\Users\cscol\OneDrive\Desktop\Projects\ShopKeeper\node_modules\react\cjs\react.development.js:2667:24)
            at act (C:\Users\cscol\OneDrive\Desktop\Projects\ShopKeeper\node_modules\react\cjs\react.development.js:2582:11)
            at C:\Users\cscol\OneDrive\Desktop\Projects\ShopKeeper\node_modules\@testing-library\react\dist\act-compat.js:46:25
            at renderRoot (C:\Users\cscol\OneDrive\Desktop\Projects\ShopKeeper\node_modules\@testing-library\react\dist\pure.js:189:26)
            at render (C:\Users\cscol\OneDrive\Desktop\Projects\ShopKeeper\node_modules\@testing-library\react\dist\pure.js:291:10)
            at Object.<anonymous> (C:\Users\cscol\OneDrive\Desktop\Projects\ShopKeeper\__tests__\components\navigation-dropdowns.test.tsx:213:13)
            at Promise.finally.completed (C:\Users\cscol\OneDrive\Desktop\Projects\ShopKeeper\node_modules\jest-circus\build\jestAdapterInit.js:1557:28)
            at new Promise (<anonymous>)
            at callAsyncCircusFn (C:\Users\cscol\OneDrive\Desktop\Projects\ShopKeeper\node_modules\jest-circus\build\jestAdapterInit.js:1497:10)
            at _callCircusTest (C:\Users\cscol\OneDrive\Desktop\Projects\ShopKeeper\node_modules\jest-circus\build\jestAdapterInit.js:1007:40)
            at _runTest (C:\Users\cscol\OneDrive\Desktop\Projects\ShopKeeper\node_modules\jest-circus\build\jestAdapterInit.js:947:3)
            at C:\Users\cscol\OneDrive\Desktop\Projects\ShopKeeper\node_modules\jest-circus\build\jestAdapterInit.js:849:7
            at _runTestsForDescribeBlock (C:\Users\cscol\OneDrive\Desktop\Projects\ShopKeeper\node_modules\jest-circus\build\jestAdapterInit.js:862:11)
            at _runTestsForDescribeBlock (C:\Users\cscol\OneDrive\Desktop\Projects\ShopKeeper\node_modules\jest-circus\build\jestAdapterInit.js:857:11)
            at _runTestsForDescribeBlock (C:\Users\cscol\OneDrive\Desktop\Projects\ShopKeeper\node_modules\jest-circus\build\jestAdapterInit.js:857:11)
            at run (C:\Users\cscol\OneDrive\Desktop\Projects\ShopKeeper\node_modules\jest-circus\build\jestAdapterInit.js:761:3)
            at runAndTransformResultsToJestFormat (C:\Users\cscol\OneDrive\Desktop\Projects\ShopKeeper\node_modules\jest-circus\build\jestAdapterInit.js:1918:21)
            at jestAdapter (C:\Users\cscol\OneDrive\Desktop\Projects\ShopKeeper\node_modules\jest-circus\build\runner.js:101:19)
            at runTestInternal (C:\Users\cscol\OneDrive\Desktop\Projects\ShopKeeper\node_modules\jest-runner\build\index.js:275:16)
            at runTest (C:\Users\cscol\OneDrive\Desktop\Projects\ShopKeeper\node_modules\jest-runner\build\index.js:343:7),
        type: 'unhandled exception'
      }

    [0m [90m 211 |[39m       }))
     [90m 212 |[39m
    [31m[1m>[22m[39m[90m 213 |[39m       render([33m<[39m[33mNavigationDropdowns[39m [33m/[39m[33m>[39m)
     [90m     |[39m             [31m[1m^[22m[39m
     [90m 214 |[39m
     [90m 215 |[39m       [36mawait[39m waitFor(() [33m=>[39m {
     [90m 216 |[39m         expect(mockSupabase[33m.[39mchannel)[33m.[39mtoHaveBeenCalledWith([32m'navigation-campaigns'[39m)[0m

      at VirtualConsole.<anonymous> (node_modules/@jest/environment-jsdom-abstract/build/index.js:87:23)
      at reportException (node_modules/jsdom/lib/jsdom/living/helpers/runtime-script-errors.js:70:28)
      at innerInvokeEventListeners (node_modules/jsdom/lib/jsdom/living/events/EventTarget-impl.js:353:9)
      at invokeEventListeners (node_modules/jsdom/lib/jsdom/living/events/EventTarget-impl.js:286:3)
      at HTMLUnknownElementImpl._dispatch (node_modules/jsdom/lib/jsdom/living/events/EventTarget-impl.js:233:9)
      at HTMLUnknownElementImpl.dispatchEvent (node_modules/jsdom/lib/jsdom/living/events/EventTarget-impl.js:104:17)
      at HTMLUnknownElement.dispatchEvent (node_modules/jsdom/lib/jsdom/living/generated/EventTarget.js:241:34)
      at Object.invokeGuardedCallbackDev (node_modules/react-dom/cjs/react-dom.development.js:4213:16)
      at invokeGuardedCallback (node_modules/react-dom/cjs/react-dom.development.js:4277:31)
      at beginWork$1 (node_modules/react-dom/cjs/react-dom.development.js:27490:7)
      at performUnitOfWork (node_modules/react-dom/cjs/react-dom.development.js:26599:12)
      at workLoopSync (node_modules/react-dom/cjs/react-dom.development.js:26505:5)
      at renderRootSync (node_modules/react-dom/cjs/react-dom.development.js:26473:7)
      at recoverFromConcurrentError (node_modules/react-dom/cjs/react-dom.development.js:25889:20)
      at performConcurrentWorkOnRoot (node_modules/react-dom/cjs/react-dom.development.js:25789:22)
      at flushActQueue (node_modules/react/cjs/react.development.js:2667:24)
      at act (node_modules/react/cjs/react.development.js:2582:11)
      at node_modules/@testing-library/react/dist/act-compat.js:46:25
      at renderRoot (node_modules/@testing-library/react/dist/pure.js:189:26)
      at render (node_modules/@testing-library/react/dist/pure.js:291:10)
      at Object.<anonymous> (__tests__/components/navigation-dropdowns.test.tsx:213:13)

    console.error
      The above error occurred in the <NavigationDropdowns> component:
      
          at NavigationDropdowns (C:\Users\cscol\OneDrive\Desktop\Projects\ShopKeeper\components\shared\navigation-dropdowns.tsx:27:39)
      
      Consider adding an error boundary to your tree to customize error handling behavior.
      Visit https://reactjs.org/link/error-boundaries to learn more about error boundaries.

    [0m [90m 211 |[39m       }))
     [90m 212 |[39m
    [31m[1m>[22m[39m[90m 213 |[39m       render([33m<[39m[33mNavigationDropdowns[39m [33m/[39m[33m>[39m)
     [90m     |[39m             [31m[1m^[22m[39m
     [90m 214 |[39m
     [90m 215 |[39m       [36mawait[39m waitFor(() [33m=>[39m {
     [90m 216 |[39m         expect(mockSupabase[33m.[39mchannel)[33m.[39mtoHaveBeenCalledWith([32m'navigation-campaigns'[39m)[0m

      at logCapturedError (node_modules/react-dom/cjs/react-dom.development.js:18704:23)
      at update.callback (node_modules/react-dom/cjs/react-dom.development.js:18737:5)
      at callCallback (node_modules/react-dom/cjs/react-dom.development.js:15036:12)
      at commitUpdateQueue (node_modules/react-dom/cjs/react-dom.development.js:15057:9)
      at commitLayoutEffectOnFiber (node_modules/react-dom/cjs/react-dom.development.js:23430:13)
      at commitLayoutMountEffects_complete (node_modules/react-dom/cjs/react-dom.development.js:24727:9)
      at commitLayoutEffects_begin (node_modules/react-dom/cjs/react-dom.development.js:24713:7)
      at commitLayoutEffects (node_modules/react-dom/cjs/react-dom.development.js:24651:3)
      at commitRootImpl (node_modules/react-dom/cjs/react-dom.development.js:26862:5)
      at commitRoot (node_modules/react-dom/cjs/react-dom.development.js:26721:5)
      at finishConcurrentRender (node_modules/react-dom/cjs/react-dom.development.js:25931:9)
      at performConcurrentWorkOnRoot (node_modules/react-dom/cjs/react-dom.development.js:25848:7)
      at flushActQueue (node_modules/react/cjs/react.development.js:2667:24)
      at act (node_modules/react/cjs/react.development.js:2582:11)
      at node_modules/@testing-library/react/dist/act-compat.js:46:25
      at renderRoot (node_modules/@testing-library/react/dist/pure.js:189:26)
      at render (node_modules/@testing-library/react/dist/pure.js:291:10)
      at Object.<anonymous> (__tests__/components/navigation-dropdowns.test.tsx:213:13)

    console.error
      Error: Uncaught [TypeError: (0 , _navigation.useSearchParams) is not a function]
          at reportException (C:\Users\cscol\OneDrive\Desktop\Projects\ShopKeeper\node_modules\jsdom\lib\jsdom\living\helpers\runtime-script-errors.js:66:24)
          at innerInvokeEventListeners (C:\Users\cscol\OneDrive\Desktop\Projects\ShopKeeper\node_modules\jsdom\lib\jsdom\living\events\EventTarget-impl.js:353:9)
          at invokeEventListeners (C:\Users\cscol\OneDrive\Desktop\Projects\ShopKeeper\node_modules\jsdom\lib\jsdom\living\events\EventTarget-impl.js:286:3)
          at HTMLUnknownElementImpl._dispatch (C:\Users\cscol\OneDrive\Desktop\Projects\ShopKeeper\node_modules\jsdom\lib\jsdom\living\events\EventTarget-impl.js:233:9)
          at HTMLUnknownElementImpl.dispatchEvent (C:\Users\cscol\OneDrive\Desktop\Projects\ShopKeeper\node_modules\jsdom\lib\jsdom\living\events\EventTarget-impl.js:104:17)
          at HTMLUnknownElement.dispatchEvent (C:\Users\cscol\OneDrive\Desktop\Projects\ShopKeeper\node_modules\jsdom\lib\jsdom\living\generated\EventTarget.js:241:34)
          at Object.invokeGuardedCallbackDev (C:\Users\cscol\OneDrive\Desktop\Projects\ShopKeeper\node_modules\react-dom\cjs\react-dom.development.js:4213:16)
          at invokeGuardedCallback (C:\Users\cscol\OneDrive\Desktop\Projects\ShopKeeper\node_modules\react-dom\cjs\react-dom.development.js:4277:31)
          at beginWork$1 (C:\Users\cscol\OneDrive\Desktop\Projects\ShopKeeper\node_modules\react-dom\cjs\react-dom.development.js:27490:7)
          at performUnitOfWork (C:\Users\cscol\OneDrive\Desktop\Projects\ShopKeeper\node_modules\react-dom\cjs\react-dom.development.js:26599:12)
          at workLoopSync (C:\Users\cscol\OneDrive\Desktop\Projects\ShopKeeper\node_modules\react-dom\cjs\react-dom.development.js:26505:5)
          at renderRootSync (C:\Users\cscol\OneDrive\Desktop\Projects\ShopKeeper\node_modules\react-dom\cjs\react-dom.development.js:26473:7)
          at performConcurrentWorkOnRoot (C:\Users\cscol\OneDrive\Desktop\Projects\ShopKeeper\node_modules\react-dom\cjs\react-dom.development.js:25777:74)
          at flushActQueue (C:\Users\cscol\OneDrive\Desktop\Projects\ShopKeeper\node_modules\react\cjs\react.development.js:2667:24)
          at act (C:\Users\cscol\OneDrive\Desktop\Projects\ShopKeeper\node_modules\react\cjs\react.development.js:2582:11)
          at C:\Users\cscol\OneDrive\Desktop\Projects\ShopKeeper\node_modules\@testing-library\react\dist\act-compat.js:46:25
          at renderRoot (C:\Users\cscol\OneDrive\Desktop\Projects\ShopKeeper\node_modules\@testing-library\react\dist\pure.js:189:26)
          at render (C:\Users\cscol\OneDrive\Desktop\Projects\ShopKeeper\node_modules\@testing-library\react\dist\pure.js:291:10)
          at Object.<anonymous> (C:\Users\cscol\OneDrive\Desktop\Projects\ShopKeeper\__tests__\components\navigation-dropdowns.test.tsx:269:13)
          at Promise.finally.completed (C:\Users\cscol\OneDrive\Desktop\Projects\ShopKeeper\node_modules\jest-circus\build\jestAdapterInit.js:1557:28)
          at new Promise (<anonymous>)
          at callAsyncCircusFn (C:\Users\cscol\OneDrive\Desktop\Projects\ShopKeeper\node_modules\jest-circus\build\jestAdapterInit.js:1497:10)
          at _callCircusTest (C:\Users\cscol\OneDrive\Desktop\Projects\ShopKeeper\node_modules\jest-circus\build\jestAdapterInit.js:1007:40)
          at _runTest (C:\Users\cscol\OneDrive\Desktop\Projects\ShopKeeper\node_modules\jest-circus\build\jestAdapterInit.js:947:3)
          at C:\Users\cscol\OneDrive\Desktop\Projects\ShopKeeper\node_modules\jest-circus\build\jestAdapterInit.js:849:7
          at _runTestsForDescribeBlock (C:\Users\cscol\OneDrive\Desktop\Projects\ShopKeeper\node_modules\jest-circus\build\jestAdapterInit.js:862:11)
          at _runTestsForDescribeBlock (C:\Users\cscol\OneDrive\Desktop\Projects\ShopKeeper\node_modules\jest-circus\build\jestAdapterInit.js:857:11)
          at _runTestsForDescribeBlock (C:\Users\cscol\OneDrive\Desktop\Projects\ShopKeeper\node_modules\jest-circus\build\jestAdapterInit.js:857:11)
          at run (C:\Users\cscol\OneDrive\Desktop\Projects\ShopKeeper\node_modules\jest-circus\build\jestAdapterInit.js:761:3)
          at runAndTransformResultsToJestFormat (C:\Users\cscol\OneDrive\Desktop\Projects\ShopKeeper\node_modules\jest-circus\build\jestAdapterInit.js:1918:21)
          at jestAdapter (C:\Users\cscol\OneDrive\Desktop\Projects\ShopKeeper\node_modules\jest-circus\build\runner.js:101:19)
          at runTestInternal (C:\Users\cscol\OneDrive\Desktop\Projects\ShopKeeper\node_modules\jest-runner\build\index.js:275:16)
          at runTest (C:\Users\cscol\OneDrive\Desktop\Projects\ShopKeeper\node_modules\jest-runner\build\index.js:343:7) {
        detail: TypeError: (0 , _navigation.useSearchParams) is not a function
            at NavigationDropdowns (C:\Users\cscol\OneDrive\Desktop\Projects\ShopKeeper\components\shared\navigation-dropdowns.tsx:27:39)
            at renderWithHooks (C:\Users\cscol\OneDrive\Desktop\Projects\ShopKeeper\node_modules\react-dom\cjs\react-dom.development.js:15486:18)
            at mountIndeterminateComponent (C:\Users\cscol\OneDrive\Desktop\Projects\ShopKeeper\node_modules\react-dom\cjs\react-dom.development.js:20103:13)
            at beginWork (C:\Users\cscol\OneDrive\Desktop\Projects\ShopKeeper\node_modules\react-dom\cjs\react-dom.development.js:21626:16)
            at HTMLUnknownElement.callCallback (C:\Users\cscol\OneDrive\Desktop\Projects\ShopKeeper\node_modules\react-dom\cjs\react-dom.development.js:4164:14)
            at HTMLUnknownElement.callTheUserObjectsOperation (C:\Users\cscol\OneDrive\Desktop\Projects\ShopKeeper\node_modules\jsdom\lib\jsdom\living\generated\EventListener.js:26:30)
            at innerInvokeEventListeners (C:\Users\cscol\OneDrive\Desktop\Projects\ShopKeeper\node_modules\jsdom\lib\jsdom\living\events\EventTarget-impl.js:350:25)
            at invokeEventListeners (C:\Users\cscol\OneDrive\Desktop\Projects\ShopKeeper\node_modules\jsdom\lib\jsdom\living\events\EventTarget-impl.js:286:3)
            at HTMLUnknownElementImpl._dispatch (C:\Users\cscol\OneDrive\Desktop\Projects\ShopKeeper\node_modules\jsdom\lib\jsdom\living\events\EventTarget-impl.js:233:9)
            at HTMLUnknownElementImpl.dispatchEvent (C:\Users\cscol\OneDrive\Desktop\Projects\ShopKeeper\node_modules\jsdom\lib\jsdom\living\events\EventTarget-impl.js:104:17)
            at HTMLUnknownElement.dispatchEvent (C:\Users\cscol\OneDrive\Desktop\Projects\ShopKeeper\node_modules\jsdom\lib\jsdom\living\generated\EventTarget.js:241:34)
            at Object.invokeGuardedCallbackDev (C:\Users\cscol\OneDrive\Desktop\Projects\ShopKeeper\node_modules\react-dom\cjs\react-dom.development.js:4213:16)
            at invokeGuardedCallback (C:\Users\cscol\OneDrive\Desktop\Projects\ShopKeeper\node_modules\react-dom\cjs\react-dom.development.js:4277:31)
            at beginWork$1 (C:\Users\cscol\OneDrive\Desktop\Projects\ShopKeeper\node_modules\react-dom\cjs\react-dom.development.js:27490:7)
            at performUnitOfWork (C:\Users\cscol\OneDrive\Desktop\Projects\ShopKeeper\node_modules\react-dom\cjs\react-dom.development.js:26599:12)
            at workLoopSync (C:\Users\cscol\OneDrive\Desktop\Projects\ShopKeeper\node_modules\react-dom\cjs\react-dom.development.js:26505:5)
            at renderRootSync (C:\Users\cscol\OneDrive\Desktop\Projects\ShopKeeper\node_modules\react-dom\cjs\react-dom.development.js:26473:7)
            at performConcurrentWorkOnRoot (C:\Users\cscol\OneDrive\Desktop\Projects\ShopKeeper\node_modules\react-dom\cjs\react-dom.development.js:25777:74)
            at flushActQueue (C:\Users\cscol\OneDrive\Desktop\Projects\ShopKeeper\node_modules\react\cjs\react.development.js:2667:24)
            at act (C:\Users\cscol\OneDrive\Desktop\Projects\ShopKeeper\node_modules\react\cjs\react.development.js:2582:11)
            at C:\Users\cscol\OneDrive\Desktop\Projects\ShopKeeper\node_modules\@testing-library\react\dist\act-compat.js:46:25
            at renderRoot (C:\Users\cscol\OneDrive\Desktop\Projects\ShopKeeper\node_modules\@testing-library\react\dist\pure.js:189:26)
            at render (C:\Users\cscol\OneDrive\Desktop\Projects\ShopKeeper\node_modules\@testing-library\react\dist\pure.js:291:10)
            at Object.<anonymous> (C:\Users\cscol\OneDrive\Desktop\Projects\ShopKeeper\__tests__\components\navigation-dropdowns.test.tsx:269:13)
            at Promise.finally.completed (C:\Users\cscol\OneDrive\Desktop\Projects\ShopKeeper\node_modules\jest-circus\build\jestAdapterInit.js:1557:28)
            at new Promise (<anonymous>)
            at callAsyncCircusFn (C:\Users\cscol\OneDrive\Desktop\Projects\ShopKeeper\node_modules\jest-circus\build\jestAdapterInit.js:1497:10)
            at _callCircusTest (C:\Users\cscol\OneDrive\Desktop\Projects\ShopKeeper\node_modules\jest-circus\build\jestAdapterInit.js:1007:40)
            at _runTest (C:\Users\cscol\OneDrive\Desktop\Projects\ShopKeeper\node_modules\jest-circus\build\jestAdapterInit.js:947:3)
            at C:\Users\cscol\OneDrive\Desktop\Projects\ShopKeeper\node_modules\jest-circus\build\jestAdapterInit.js:849:7
            at _runTestsForDescribeBlock (C:\Users\cscol\OneDrive\Desktop\Projects\ShopKeeper\node_modules\jest-circus\build\jestAdapterInit.js:862:11)
            at _runTestsForDescribeBlock (C:\Users\cscol\OneDrive\Desktop\Projects\ShopKeeper\node_modules\jest-circus\build\jestAdapterInit.js:857:11)
            at _runTestsForDescribeBlock (C:\Users\cscol\OneDrive\Desktop\Projects\ShopKeeper\node_modules\jest-circus\build\jestAdapterInit.js:857:11)
            at run (C:\Users\cscol\OneDrive\Desktop\Projects\ShopKeeper\node_modules\jest-circus\build\jestAdapterInit.js:761:3)
            at runAndTransformResultsToJestFormat (C:\Users\cscol\OneDrive\Desktop\Projects\ShopKeeper\node_modules\jest-circus\build\jestAdapterInit.js:1918:21)
            at jestAdapter (C:\Users\cscol\OneDrive\Desktop\Projects\ShopKeeper\node_modules\jest-circus\build\runner.js:101:19)
            at runTestInternal (C:\Users\cscol\OneDrive\Desktop\Projects\ShopKeeper\node_modules\jest-runner\build\index.js:275:16)
            at runTest (C:\Users\cscol\OneDrive\Desktop\Projects\ShopKeeper\node_modules\jest-runner\build\index.js:343:7),
        type: 'unhandled exception'
      }

    [0m [90m 267 |[39m       [33m;[39m(usePathname [36mas[39m jest[33m.[39m[33mMock[39m)[33m.[39mmockReturnValue([32m'/dm/campaigns/url-campaign'[39m)
     [90m 268 |[39m
    [31m[1m>[22m[39m[90m 269 |[39m       render([33m<[39m[33mNavigationDropdowns[39m [33m/[39m[33m>[39m)
     [90m     |[39m             [31m[1m^[22m[39m
     [90m 270 |[39m
     [90m 271 |[39m       [36mawait[39m waitFor(() [33m=>[39m {
     [90m 272 |[39m         expect(mockSupabase[33m.[39m[36mfrom[39m)[33m.[39mtoHaveBeenCalledWith([32m'campaigns'[39m)[0m

      at VirtualConsole.<anonymous> (node_modules/@jest/environment-jsdom-abstract/build/index.js:87:23)
      at reportException (node_modules/jsdom/lib/jsdom/living/helpers/runtime-script-errors.js:70:28)
      at innerInvokeEventListeners (node_modules/jsdom/lib/jsdom/living/events/EventTarget-impl.js:353:9)
      at invokeEventListeners (node_modules/jsdom/lib/jsdom/living/events/EventTarget-impl.js:286:3)
      at HTMLUnknownElementImpl._dispatch (node_modules/jsdom/lib/jsdom/living/events/EventTarget-impl.js:233:9)
      at HTMLUnknownElementImpl.dispatchEvent (node_modules/jsdom/lib/jsdom/living/events/EventTarget-impl.js:104:17)
      at HTMLUnknownElement.dispatchEvent (node_modules/jsdom/lib/jsdom/living/generated/EventTarget.js:241:34)
      at Object.invokeGuardedCallbackDev (node_modules/react-dom/cjs/react-dom.development.js:4213:16)
      at invokeGuardedCallback (node_modules/react-dom/cjs/react-dom.development.js:4277:31)
      at beginWork$1 (node_modules/react-dom/cjs/react-dom.development.js:27490:7)
      at performUnitOfWork (node_modules/react-dom/cjs/react-dom.development.js:26599:12)
      at workLoopSync (node_modules/react-dom/cjs/react-dom.development.js:26505:5)
      at renderRootSync (node_modules/react-dom/cjs/react-dom.development.js:26473:7)
      at performConcurrentWorkOnRoot (node_modules/react-dom/cjs/react-dom.development.js:25777:74)
      at flushActQueue (node_modules/react/cjs/react.development.js:2667:24)
      at act (node_modules/react/cjs/react.development.js:2582:11)
      at node_modules/@testing-library/react/dist/act-compat.js:46:25
      at renderRoot (node_modules/@testing-library/react/dist/pure.js:189:26)
      at render (node_modules/@testing-library/react/dist/pure.js:291:10)
      at Object.<anonymous> (__tests__/components/navigation-dropdowns.test.tsx:269:13)

    console.error
      Error: Uncaught [TypeError: (0 , _navigation.useSearchParams) is not a function]
          at reportException (C:\Users\cscol\OneDrive\Desktop\Projects\ShopKeeper\node_modules\jsdom\lib\jsdom\living\helpers\runtime-script-errors.js:66:24)
          at innerInvokeEventListeners (C:\Users\cscol\OneDrive\Desktop\Projects\ShopKeeper\node_modules\jsdom\lib\jsdom\living\events\EventTarget-impl.js:353:9)
          at invokeEventListeners (C:\Users\cscol\OneDrive\Desktop\Projects\ShopKeeper\node_modules\jsdom\lib\jsdom\living\events\EventTarget-impl.js:286:3)
          at HTMLUnknownElementImpl._dispatch (C:\Users\cscol\OneDrive\Desktop\Projects\ShopKeeper\node_modules\jsdom\lib\jsdom\living\events\EventTarget-impl.js:233:9)
          at HTMLUnknownElementImpl.dispatchEvent (C:\Users\cscol\OneDrive\Desktop\Projects\ShopKeeper\node_modules\jsdom\lib\jsdom\living\events\EventTarget-impl.js:104:17)
          at HTMLUnknownElement.dispatchEvent (C:\Users\cscol\OneDrive\Desktop\Projects\ShopKeeper\node_modules\jsdom\lib\jsdom\living\generated\EventTarget.js:241:34)
          at Object.invokeGuardedCallbackDev (C:\Users\cscol\OneDrive\Desktop\Projects\ShopKeeper\node_modules\react-dom\cjs\react-dom.development.js:4213:16)
          at invokeGuardedCallback (C:\Users\cscol\OneDrive\Desktop\Projects\ShopKeeper\node_modules\react-dom\cjs\react-dom.development.js:4277:31)
          at beginWork$1 (C:\Users\cscol\OneDrive\Desktop\Projects\ShopKeeper\node_modules\react-dom\cjs\react-dom.development.js:27490:7)
          at performUnitOfWork (C:\Users\cscol\OneDrive\Desktop\Projects\ShopKeeper\node_modules\react-dom\cjs\react-dom.development.js:26599:12)
          at workLoopSync (C:\Users\cscol\OneDrive\Desktop\Projects\ShopKeeper\node_modules\react-dom\cjs\react-dom.development.js:26505:5)
          at renderRootSync (C:\Users\cscol\OneDrive\Desktop\Projects\ShopKeeper\node_modules\react-dom\cjs\react-dom.development.js:26473:7)
          at recoverFromConcurrentError (C:\Users\cscol\OneDrive\Desktop\Projects\ShopKeeper\node_modules\react-dom\cjs\react-dom.development.js:25889:20)
          at performConcurrentWorkOnRoot (C:\Users\cscol\OneDrive\Desktop\Projects\ShopKeeper\node_modules\react-dom\cjs\react-dom.development.js:25789:22)
          at flushActQueue (C:\Users\cscol\OneDrive\Desktop\Projects\ShopKeeper\node_modules\react\cjs\react.development.js:2667:24)
          at act (C:\Users\cscol\OneDrive\Desktop\Projects\ShopKeeper\node_modules\react\cjs\react.development.js:2582:11)
          at C:\Users\cscol\OneDrive\Desktop\Projects\ShopKeeper\node_modules\@testing-library\react\dist\act-compat.js:46:25
          at renderRoot (C:\Users\cscol\OneDrive\Desktop\Projects\ShopKeeper\node_modules\@testing-library\react\dist\pure.js:189:26)
          at render (C:\Users\cscol\OneDrive\Desktop\Projects\ShopKeeper\node_modules\@testing-library\react\dist\pure.js:291:10)
          at Object.<anonymous> (C:\Users\cscol\OneDrive\Desktop\Projects\ShopKeeper\__tests__\components\navigation-dropdowns.test.tsx:269:13)
          at Promise.finally.completed (C:\Users\cscol\OneDrive\Desktop\Projects\ShopKeeper\node_modules\jest-circus\build\jestAdapterInit.js:1557:28)
          at new Promise (<anonymous>)
          at callAsyncCircusFn (C:\Users\cscol\OneDrive\Desktop\Projects\ShopKeeper\node_modules\jest-circus\build\jestAdapterInit.js:1497:10)
          at _callCircusTest (C:\Users\cscol\OneDrive\Desktop\Projects\ShopKeeper\node_modules\jest-circus\build\jestAdapterInit.js:1007:40)
          at _runTest (C:\Users\cscol\OneDrive\Desktop\Projects\ShopKeeper\node_modules\jest-circus\build\jestAdapterInit.js:947:3)
          at C:\Users\cscol\OneDrive\Desktop\Projects\ShopKeeper\node_modules\jest-circus\build\jestAdapterInit.js:849:7
          at _runTestsForDescribeBlock (C:\Users\cscol\OneDrive\Desktop\Projects\ShopKeeper\node_modules\jest-circus\build\jestAdapterInit.js:862:11)
          at _runTestsForDescribeBlock (C:\Users\cscol\OneDrive\Desktop\Projects\ShopKeeper\node_modules\jest-circus\build\jestAdapterInit.js:857:11)
          at _runTestsForDescribeBlock (C:\Users\cscol\OneDrive\Desktop\Projects\ShopKeeper\node_modules\jest-circus\build\jestAdapterInit.js:857:11)
          at run (C:\Users\cscol\OneDrive\Desktop\Projects\ShopKeeper\node_modules\jest-circus\build\jestAdapterInit.js:761:3)
          at runAndTransformResultsToJestFormat (C:\Users\cscol\OneDrive\Desktop\Projects\ShopKeeper\node_modules\jest-circus\build\jestAdapterInit.js:1918:21)
          at jestAdapter (C:\Users\cscol\OneDrive\Desktop\Projects\ShopKeeper\node_modules\jest-circus\build\runner.js:101:19)
          at runTestInternal (C:\Users\cscol\OneDrive\Desktop\Projects\ShopKeeper\node_modules\jest-runner\build\index.js:275:16)
          at runTest (C:\Users\cscol\OneDrive\Desktop\Projects\ShopKeeper\node_modules\jest-runner\build\index.js:343:7) {
        detail: TypeError: (0 , _navigation.useSearchParams) is not a function
            at NavigationDropdowns (C:\Users\cscol\OneDrive\Desktop\Projects\ShopKeeper\components\shared\navigation-dropdowns.tsx:27:39)
            at renderWithHooks (C:\Users\cscol\OneDrive\Desktop\Projects\ShopKeeper\node_modules\react-dom\cjs\react-dom.development.js:15486:18)
            at mountIndeterminateComponent (C:\Users\cscol\OneDrive\Desktop\Projects\ShopKeeper\node_modules\react-dom\cjs\react-dom.development.js:20103:13)
            at beginWork (C:\Users\cscol\OneDrive\Desktop\Projects\ShopKeeper\node_modules\react-dom\cjs\react-dom.development.js:21626:16)
            at HTMLUnknownElement.callCallback (C:\Users\cscol\OneDrive\Desktop\Projects\ShopKeeper\node_modules\react-dom\cjs\react-dom.development.js:4164:14)
            at HTMLUnknownElement.callTheUserObjectsOperation (C:\Users\cscol\OneDrive\Desktop\Projects\ShopKeeper\node_modules\jsdom\lib\jsdom\living\generated\EventListener.js:26:30)
            at innerInvokeEventListeners (C:\Users\cscol\OneDrive\Desktop\Projects\ShopKeeper\node_modules\jsdom\lib\jsdom\living\events\EventTarget-impl.js:350:25)
            at invokeEventListeners (C:\Users\cscol\OneDrive\Desktop\Projects\ShopKeeper\node_modules\jsdom\lib\jsdom\living\events\EventTarget-impl.js:286:3)
            at HTMLUnknownElementImpl._dispatch (C:\Users\cscol\OneDrive\Desktop\Projects\ShopKeeper\node_modules\jsdom\lib\jsdom\living\events\EventTarget-impl.js:233:9)
            at HTMLUnknownElementImpl.dispatchEvent (C:\Users\cscol\OneDrive\Desktop\Projects\ShopKeeper\node_modules\jsdom\lib\jsdom\living\events\EventTarget-impl.js:104:17)
            at HTMLUnknownElement.dispatchEvent (C:\Users\cscol\OneDrive\Desktop\Projects\ShopKeeper\node_modules\jsdom\lib\jsdom\living\generated\EventTarget.js:241:34)
            at Object.invokeGuardedCallbackDev (C:\Users\cscol\OneDrive\Desktop\Projects\ShopKeeper\node_modules\react-dom\cjs\react-dom.development.js:4213:16)
            at invokeGuardedCallback (C:\Users\cscol\OneDrive\Desktop\Projects\ShopKeeper\node_modules\react-dom\cjs\react-dom.development.js:4277:31)
            at beginWork$1 (C:\Users\cscol\OneDrive\Desktop\Projects\ShopKeeper\node_modules\react-dom\cjs\react-dom.development.js:27490:7)
            at performUnitOfWork (C:\Users\cscol\OneDrive\Desktop\Projects\ShopKeeper\node_modules\react-dom\cjs\react-dom.development.js:26599:12)
            at workLoopSync (C:\Users\cscol\OneDrive\Desktop\Projects\ShopKeeper\node_modules\react-dom\cjs\react-dom.development.js:26505:5)
            at renderRootSync (C:\Users\cscol\OneDrive\Desktop\Projects\ShopKeeper\node_modules\react-dom\cjs\react-dom.development.js:26473:7)
            at recoverFromConcurrentError (C:\Users\cscol\OneDrive\Desktop\Projects\ShopKeeper\node_modules\react-dom\cjs\react-dom.development.js:25889:20)
            at performConcurrentWorkOnRoot (C:\Users\cscol\OneDrive\Desktop\Projects\ShopKeeper\node_modules\react-dom\cjs\react-dom.development.js:25789:22)
            at flushActQueue (C:\Users\cscol\OneDrive\Desktop\Projects\ShopKeeper\node_modules\react\cjs\react.development.js:2667:24)
            at act (C:\Users\cscol\OneDrive\Desktop\Projects\ShopKeeper\node_modules\react\cjs\react.development.js:2582:11)
            at C:\Users\cscol\OneDrive\Desktop\Projects\ShopKeeper\node_modules\@testing-library\react\dist\act-compat.js:46:25
            at renderRoot (C:\Users\cscol\OneDrive\Desktop\Projects\ShopKeeper\node_modules\@testing-library\react\dist\pure.js:189:26)
            at render (C:\Users\cscol\OneDrive\Desktop\Projects\ShopKeeper\node_modules\@testing-library\react\dist\pure.js:291:10)
            at Object.<anonymous> (C:\Users\cscol\OneDrive\Desktop\Projects\ShopKeeper\__tests__\components\navigation-dropdowns.test.tsx:269:13)
            at Promise.finally.completed (C:\Users\cscol\OneDrive\Desktop\Projects\ShopKeeper\node_modules\jest-circus\build\jestAdapterInit.js:1557:28)
            at new Promise (<anonymous>)
            at callAsyncCircusFn (C:\Users\cscol\OneDrive\Desktop\Projects\ShopKeeper\node_modules\jest-circus\build\jestAdapterInit.js:1497:10)
            at _callCircusTest (C:\Users\cscol\OneDrive\Desktop\Projects\ShopKeeper\node_modules\jest-circus\build\jestAdapterInit.js:1007:40)
            at _runTest (C:\Users\cscol\OneDrive\Desktop\Projects\ShopKeeper\node_modules\jest-circus\build\jestAdapterInit.js:947:3)
            at C:\Users\cscol\OneDrive\Desktop\Projects\ShopKeeper\node_modules\jest-circus\build\jestAdapterInit.js:849:7
            at _runTestsForDescribeBlock (C:\Users\cscol\OneDrive\Desktop\Projects\ShopKeeper\node_modules\jest-circus\build\jestAdapterInit.js:862:11)
            at _runTestsForDescribeBlock (C:\Users\cscol\OneDrive\Desktop\Projects\ShopKeeper\node_modules\jest-circus\build\jestAdapterInit.js:857:11)
            at _runTestsForDescribeBlock (C:\Users\cscol\OneDrive\Desktop\Projects\ShopKeeper\node_modules\jest-circus\build\jestAdapterInit.js:857:11)
            at run (C:\Users\cscol\OneDrive\Desktop\Projects\ShopKeeper\node_modules\jest-circus\build\jestAdapterInit.js:761:3)
            at runAndTransformResultsToJestFormat (C:\Users\cscol\OneDrive\Desktop\Projects\ShopKeeper\node_modules\jest-circus\build\jestAdapterInit.js:1918:21)
            at jestAdapter (C:\Users\cscol\OneDrive\Desktop\Projects\ShopKeeper\node_modules\jest-circus\build\runner.js:101:19)
            at runTestInternal (C:\Users\cscol\OneDrive\Desktop\Projects\ShopKeeper\node_modules\jest-runner\build\index.js:275:16)
            at runTest (C:\Users\cscol\OneDrive\Desktop\Projects\ShopKeeper\node_modules\jest-runner\build\index.js:343:7),
        type: 'unhandled exception'
      }

    [0m [90m 267 |[39m       [33m;[39m(usePathname [36mas[39m jest[33m.[39m[33mMock[39m)[33m.[39mmockReturnValue([32m'/dm/campaigns/url-campaign'[39m)
     [90m 268 |[39m
    [31m[1m>[22m[39m[90m 269 |[39m       render([33m<[39m[33mNavigationDropdowns[39m [33m/[39m[33m>[39m)
     [90m     |[39m             [31m[1m^[22m[39m
     [90m 270 |[39m
     [90m 271 |[39m       [36mawait[39m waitFor(() [33m=>[39m {
     [90m 272 |[39m         expect(mockSupabase[33m.[39m[36mfrom[39m)[33m.[39mtoHaveBeenCalledWith([32m'campaigns'[39m)[0m

      at VirtualConsole.<anonymous> (node_modules/@jest/environment-jsdom-abstract/build/index.js:87:23)
      at reportException (node_modules/jsdom/lib/jsdom/living/helpers/runtime-script-errors.js:70:28)
      at innerInvokeEventListeners (node_modules/jsdom/lib/jsdom/living/events/EventTarget-impl.js:353:9)
      at invokeEventListeners (node_modules/jsdom/lib/jsdom/living/events/EventTarget-impl.js:286:3)
      at HTMLUnknownElementImpl._dispatch (node_modules/jsdom/lib/jsdom/living/events/EventTarget-impl.js:233:9)
      at HTMLUnknownElementImpl.dispatchEvent (node_modules/jsdom/lib/jsdom/living/events/EventTarget-impl.js:104:17)
      at HTMLUnknownElement.dispatchEvent (node_modules/jsdom/lib/jsdom/living/generated/EventTarget.js:241:34)
      at Object.invokeGuardedCallbackDev (node_modules/react-dom/cjs/react-dom.development.js:4213:16)
      at invokeGuardedCallback (node_modules/react-dom/cjs/react-dom.development.js:4277:31)
      at beginWork$1 (node_modules/react-dom/cjs/react-dom.development.js:27490:7)
      at performUnitOfWork (node_modules/react-dom/cjs/react-dom.development.js:26599:12)
      at workLoopSync (node_modules/react-dom/cjs/react-dom.development.js:26505:5)
      at renderRootSync (node_modules/react-dom/cjs/react-dom.development.js:26473:7)
      at recoverFromConcurrentError (node_modules/react-dom/cjs/react-dom.development.js:25889:20)
      at performConcurrentWorkOnRoot (node_modules/react-dom/cjs/react-dom.development.js:25789:22)
      at flushActQueue (node_modules/react/cjs/react.development.js:2667:24)
      at act (node_modules/react/cjs/react.development.js:2582:11)
      at node_modules/@testing-library/react/dist/act-compat.js:46:25
      at renderRoot (node_modules/@testing-library/react/dist/pure.js:189:26)
      at render (node_modules/@testing-library/react/dist/pure.js:291:10)
      at Object.<anonymous> (__tests__/components/navigation-dropdowns.test.tsx:269:13)

    console.error
      The above error occurred in the <NavigationDropdowns> component:
      
          at NavigationDropdowns (C:\Users\cscol\OneDrive\Desktop\Projects\ShopKeeper\components\shared\navigation-dropdowns.tsx:27:39)
      
      Consider adding an error boundary to your tree to customize error handling behavior.
      Visit https://reactjs.org/link/error-boundaries to learn more about error boundaries.

    [0m [90m 267 |[39m       [33m;[39m(usePathname [36mas[39m jest[33m.[39m[33mMock[39m)[33m.[39mmockReturnValue([32m'/dm/campaigns/url-campaign'[39m)
     [90m 268 |[39m
    [31m[1m>[22m[39m[90m 269 |[39m       render([33m<[39m[33mNavigationDropdowns[39m [33m/[39m[33m>[39m)
     [90m     |[39m             [31m[1m^[22m[39m
     [90m 270 |[39m
     [90m 271 |[39m       [36mawait[39m waitFor(() [33m=>[39m {
     [90m 272 |[39m         expect(mockSupabase[33m.[39m[36mfrom[39m)[33m.[39mtoHaveBeenCalledWith([32m'campaigns'[39m)[0m

      at logCapturedError (node_modules/react-dom/cjs/react-dom.development.js:18704:23)
      at update.callback (node_modules/react-dom/cjs/react-dom.development.js:18737:5)
      at callCallback (node_modules/react-dom/cjs/react-dom.development.js:15036:12)
      at commitUpdateQueue (node_modules/react-dom/cjs/react-dom.development.js:15057:9)
      at commitLayoutEffectOnFiber (node_modules/react-dom/cjs/react-dom.development.js:23430:13)
      at commitLayoutMountEffects_complete (node_modules/react-dom/cjs/react-dom.development.js:24727:9)
      at commitLayoutEffects_begin (node_modules/react-dom/cjs/react-dom.development.js:24713:7)
      at commitLayoutEffects (node_modules/react-dom/cjs/react-dom.development.js:24651:3)
      at commitRootImpl (node_modules/react-dom/cjs/react-dom.development.js:26862:5)
      at commitRoot (node_modules/react-dom/cjs/react-dom.development.js:26721:5)
      at finishConcurrentRender (node_modules/react-dom/cjs/react-dom.development.js:25931:9)
      at performConcurrentWorkOnRoot (node_modules/react-dom/cjs/react-dom.development.js:25848:7)
      at flushActQueue (node_modules/react/cjs/react.development.js:2667:24)
      at act (node_modules/react/cjs/react.development.js:2582:11)
      at node_modules/@testing-library/react/dist/act-compat.js:46:25
      at renderRoot (node_modules/@testing-library/react/dist/pure.js:189:26)
      at render (node_modules/@testing-library/react/dist/pure.js:291:10)
      at Object.<anonymous> (__tests__/components/navigation-dropdowns.test.tsx:269:13)

    console.error
      Error: Uncaught [TypeError: (0 , _navigation.useSearchParams) is not a function]
          at reportException (C:\Users\cscol\OneDrive\Desktop\Projects\ShopKeeper\node_modules\jsdom\lib\jsdom\living\helpers\runtime-script-errors.js:66:24)
          at innerInvokeEventListeners (C:\Users\cscol\OneDrive\Desktop\Projects\ShopKeeper\node_modules\jsdom\lib\jsdom\living\events\EventTarget-impl.js:353:9)
          at invokeEventListeners (C:\Users\cscol\OneDrive\Desktop\Projects\ShopKeeper\node_modules\jsdom\lib\jsdom\living\events\EventTarget-impl.js:286:3)
          at HTMLUnknownElementImpl._dispatch (C:\Users\cscol\OneDrive\Desktop\Projects\ShopKeeper\node_modules\jsdom\lib\jsdom\living\events\EventTarget-impl.js:233:9)
          at HTMLUnknownElementImpl.dispatchEvent (C:\Users\cscol\OneDrive\Desktop\Projects\ShopKeeper\node_modules\jsdom\lib\jsdom\living\events\EventTarget-impl.js:104:17)
          at HTMLUnknownElement.dispatchEvent (C:\Users\cscol\OneDrive\Desktop\Projects\ShopKeeper\node_modules\jsdom\lib\jsdom\living\generated\EventTarget.js:241:34)
          at Object.invokeGuardedCallbackDev (C:\Users\cscol\OneDrive\Desktop\Projects\ShopKeeper\node_modules\react-dom\cjs\react-dom.development.js:4213:16)
          at invokeGuardedCallback (C:\Users\cscol\OneDrive\Desktop\Projects\ShopKeeper\node_modules\react-dom\cjs\react-dom.development.js:4277:31)
          at beginWork$1 (C:\Users\cscol\OneDrive\Desktop\Projects\ShopKeeper\node_modules\react-dom\cjs\react-dom.development.js:27490:7)
          at performUnitOfWork (C:\Users\cscol\OneDrive\Desktop\Projects\ShopKeeper\node_modules\react-dom\cjs\react-dom.development.js:26599:12)
          at workLoopSync (C:\Users\cscol\OneDrive\Desktop\Projects\ShopKeeper\node_modules\react-dom\cjs\react-dom.development.js:26505:5)
          at renderRootSync (C:\Users\cscol\OneDrive\Desktop\Projects\ShopKeeper\node_modules\react-dom\cjs\react-dom.development.js:26473:7)
          at performConcurrentWorkOnRoot (C:\Users\cscol\OneDrive\Desktop\Projects\ShopKeeper\node_modules\react-dom\cjs\react-dom.development.js:25777:74)
          at flushActQueue (C:\Users\cscol\OneDrive\Desktop\Projects\ShopKeeper\node_modules\react\cjs\react.development.js:2667:24)
          at act (C:\Users\cscol\OneDrive\Desktop\Projects\ShopKeeper\node_modules\react\cjs\react.development.js:2582:11)
          at C:\Users\cscol\OneDrive\Desktop\Projects\ShopKeeper\node_modules\@testing-library\react\dist\act-compat.js:46:25
          at renderRoot (C:\Users\cscol\OneDrive\Desktop\Projects\ShopKeeper\node_modules\@testing-library\react\dist\pure.js:189:26)
          at render (C:\Users\cscol\OneDrive\Desktop\Projects\ShopKeeper\node_modules\@testing-library\react\dist\pure.js:291:10)
          at Object.<anonymous> (C:\Users\cscol\OneDrive\Desktop\Projects\ShopKeeper\__tests__\components\navigation-dropdowns.test.tsx:314:13)
          at Promise.finally.completed (C:\Users\cscol\OneDrive\Desktop\Projects\ShopKeeper\node_modules\jest-circus\build\jestAdapterInit.js:1557:28)
          at new Promise (<anonymous>)
          at callAsyncCircusFn (C:\Users\cscol\OneDrive\Desktop\Projects\ShopKeeper\node_modules\jest-circus\build\jestAdapterInit.js:1497:10)
          at _callCircusTest (C:\Users\cscol\OneDrive\Desktop\Projects\ShopKeeper\node_modules\jest-circus\build\jestAdapterInit.js:1007:40)
          at _runTest (C:\Users\cscol\OneDrive\Desktop\Projects\ShopKeeper\node_modules\jest-circus\build\jestAdapterInit.js:947:3)
          at C:\Users\cscol\OneDrive\Desktop\Projects\ShopKeeper\node_modules\jest-circus\build\jestAdapterInit.js:849:7
          at _runTestsForDescribeBlock (C:\Users\cscol\OneDrive\Desktop\Projects\ShopKeeper\node_modules\jest-circus\build\jestAdapterInit.js:862:11)
          at _runTestsForDescribeBlock (C:\Users\cscol\OneDrive\Desktop\Projects\ShopKeeper\node_modules\jest-circus\build\jestAdapterInit.js:857:11)
          at _runTestsForDescribeBlock (C:\Users\cscol\OneDrive\Desktop\Projects\ShopKeeper\node_modules\jest-circus\build\jestAdapterInit.js:857:11)
          at run (C:\Users\cscol\OneDrive\Desktop\Projects\ShopKeeper\node_modules\jest-circus\build\jestAdapterInit.js:761:3)
          at runAndTransformResultsToJestFormat (C:\Users\cscol\OneDrive\Desktop\Projects\ShopKeeper\node_modules\jest-circus\build\jestAdapterInit.js:1918:21)
          at jestAdapter (C:\Users\cscol\OneDrive\Desktop\Projects\ShopKeeper\node_modules\jest-circus\build\runner.js:101:19)
          at runTestInternal (C:\Users\cscol\OneDrive\Desktop\Projects\ShopKeeper\node_modules\jest-runner\build\index.js:275:16)
          at runTest (C:\Users\cscol\OneDrive\Desktop\Projects\ShopKeeper\node_modules\jest-runner\build\index.js:343:7) {
        detail: TypeError: (0 , _navigation.useSearchParams) is not a function
            at NavigationDropdowns (C:\Users\cscol\OneDrive\Desktop\Projects\ShopKeeper\components\shared\navigation-dropdowns.tsx:27:39)
            at renderWithHooks (C:\Users\cscol\OneDrive\Desktop\Projects\ShopKeeper\node_modules\react-dom\cjs\react-dom.development.js:15486:18)
            at mountIndeterminateComponent (C:\Users\cscol\OneDrive\Desktop\Projects\ShopKeeper\node_modules\react-dom\cjs\react-dom.development.js:20103:13)
            at beginWork (C:\Users\cscol\OneDrive\Desktop\Projects\ShopKeeper\node_modules\react-dom\cjs\react-dom.development.js:21626:16)
            at HTMLUnknownElement.callCallback (C:\Users\cscol\OneDrive\Desktop\Projects\ShopKeeper\node_modules\react-dom\cjs\react-dom.development.js:4164:14)
            at HTMLUnknownElement.callTheUserObjectsOperation (C:\Users\cscol\OneDrive\Desktop\Projects\ShopKeeper\node_modules\jsdom\lib\jsdom\living\generated\EventListener.js:26:30)
            at innerInvokeEventListeners (C:\Users\cscol\OneDrive\Desktop\Projects\ShopKeeper\node_modules\jsdom\lib\jsdom\living\events\EventTarget-impl.js:350:25)
            at invokeEventListeners (C:\Users\cscol\OneDrive\Desktop\Projects\ShopKeeper\node_modules\jsdom\lib\jsdom\living\events\EventTarget-impl.js:286:3)
            at HTMLUnknownElementImpl._dispatch (C:\Users\cscol\OneDrive\Desktop\Projects\ShopKeeper\node_modules\jsdom\lib\jsdom\living\events\EventTarget-impl.js:233:9)
            at HTMLUnknownElementImpl.dispatchEvent (C:\Users\cscol\OneDrive\Desktop\Projects\ShopKeeper\node_modules\jsdom\lib\jsdom\living\events\EventTarget-impl.js:104:17)
            at HTMLUnknownElement.dispatchEvent (C:\Users\cscol\OneDrive\Desktop\Projects\ShopKeeper\node_modules\jsdom\lib\jsdom\living\generated\EventTarget.js:241:34)
            at Object.invokeGuardedCallbackDev (C:\Users\cscol\OneDrive\Desktop\Projects\ShopKeeper\node_modules\react-dom\cjs\react-dom.development.js:4213:16)
            at invokeGuardedCallback (C:\Users\cscol\OneDrive\Desktop\Projects\ShopKeeper\node_modules\react-dom\cjs\react-dom.development.js:4277:31)
            at beginWork$1 (C:\Users\cscol\OneDrive\Desktop\Projects\ShopKeeper\node_modules\react-dom\cjs\react-dom.development.js:27490:7)
            at performUnitOfWork (C:\Users\cscol\OneDrive\Desktop\Projects\ShopKeeper\node_modules\react-dom\cjs\react-dom.development.js:26599:12)
            at workLoopSync (C:\Users\cscol\OneDrive\Desktop\Projects\ShopKeeper\node_modules\react-dom\cjs\react-dom.development.js:26505:5)
            at renderRootSync (C:\Users\cscol\OneDrive\Desktop\Projects\ShopKeeper\node_modules\react-dom\cjs\react-dom.development.js:26473:7)
            at performConcurrentWorkOnRoot (C:\Users\cscol\OneDrive\Desktop\Projects\ShopKeeper\node_modules\react-dom\cjs\react-dom.development.js:25777:74)
            at flushActQueue (C:\Users\cscol\OneDrive\Desktop\Projects\ShopKeeper\node_modules\react\cjs\react.development.js:2667:24)
            at act (C:\Users\cscol\OneDrive\Desktop\Projects\ShopKeeper\node_modules\react\cjs\react.development.js:2582:11)
            at C:\Users\cscol\OneDrive\Desktop\Projects\ShopKeeper\node_modules\@testing-library\react\dist\act-compat.js:46:25
            at renderRoot (C:\Users\cscol\OneDrive\Desktop\Projects\ShopKeeper\node_modules\@testing-library\react\dist\pure.js:189:26)
            at render (C:\Users\cscol\OneDrive\Desktop\Projects\ShopKeeper\node_modules\@testing-library\react\dist\pure.js:291:10)
            at Object.<anonymous> (C:\Users\cscol\OneDrive\Desktop\Projects\ShopKeeper\__tests__\components\navigation-dropdowns.test.tsx:314:13)
            at Promise.finally.completed (C:\Users\cscol\OneDrive\Desktop\Projects\ShopKeeper\node_modules\jest-circus\build\jestAdapterInit.js:1557:28)
            at new Promise (<anonymous>)
            at callAsyncCircusFn (C:\Users\cscol\OneDrive\Desktop\Projects\ShopKeeper\node_modules\jest-circus\build\jestAdapterInit.js:1497:10)
            at _callCircusTest (C:\Users\cscol\OneDrive\Desktop\Projects\ShopKeeper\node_modules\jest-circus\build\jestAdapterInit.js:1007:40)
            at _runTest (C:\Users\cscol\OneDrive\Desktop\Projects\ShopKeeper\node_modules\jest-circus\build\jestAdapterInit.js:947:3)
            at C:\Users\cscol\OneDrive\Desktop\Projects\ShopKeeper\node_modules\jest-circus\build\jestAdapterInit.js:849:7
            at _runTestsForDescribeBlock (C:\Users\cscol\OneDrive\Desktop\Projects\ShopKeeper\node_modules\jest-circus\build\jestAdapterInit.js:862:11)
            at _runTestsForDescribeBlock (C:\Users\cscol\OneDrive\Desktop\Projects\ShopKeeper\node_modules\jest-circus\build\jestAdapterInit.js:857:11)
            at _runTestsForDescribeBlock (C:\Users\cscol\OneDrive\Desktop\Projects\ShopKeeper\node_modules\jest-circus\build\jestAdapterInit.js:857:11)
            at run (C:\Users\cscol\OneDrive\Desktop\Projects\ShopKeeper\node_modules\jest-circus\build\jestAdapterInit.js:761:3)
            at runAndTransformResultsToJestFormat (C:\Users\cscol\OneDrive\Desktop\Projects\ShopKeeper\node_modules\jest-circus\build\jestAdapterInit.js:1918:21)
            at jestAdapter (C:\Users\cscol\OneDrive\Desktop\Projects\ShopKeeper\node_modules\jest-circus\build\runner.js:101:19)
            at runTestInternal (C:\Users\cscol\OneDrive\Desktop\Projects\ShopKeeper\node_modules\jest-runner\build\index.js:275:16)
            at runTest (C:\Users\cscol\OneDrive\Desktop\Projects\ShopKeeper\node_modules\jest-runner\build\index.js:343:7),
        type: 'unhandled exception'
      }

    [0m [90m 312 |[39m       [33m;[39m(usePathname [36mas[39m jest[33m.[39m[33mMock[39m)[33m.[39mmockReturnValue([32m'/dm/campaigns/deleted-campaign'[39m)
     [90m 313 |[39m
    [31m[1m>[22m[39m[90m 314 |[39m       render([33m<[39m[33mNavigationDropdowns[39m [33m/[39m[33m>[39m)
     [90m     |[39m             [31m[1m^[22m[39m
     [90m 315 |[39m
     [90m 316 |[39m       [36mawait[39m waitFor(() [33m=>[39m {
     [90m 317 |[39m         expect(mockSupabase[33m.[39m[36mfrom[39m)[33m.[39mtoHaveBeenCalledWith([32m'campaigns'[39m)[0m

      at VirtualConsole.<anonymous> (node_modules/@jest/environment-jsdom-abstract/build/index.js:87:23)
      at reportException (node_modules/jsdom/lib/jsdom/living/helpers/runtime-script-errors.js:70:28)
      at innerInvokeEventListeners (node_modules/jsdom/lib/jsdom/living/events/EventTarget-impl.js:353:9)
      at invokeEventListeners (node_modules/jsdom/lib/jsdom/living/events/EventTarget-impl.js:286:3)
      at HTMLUnknownElementImpl._dispatch (node_modules/jsdom/lib/jsdom/living/events/EventTarget-impl.js:233:9)
      at HTMLUnknownElementImpl.dispatchEvent (node_modules/jsdom/lib/jsdom/living/events/EventTarget-impl.js:104:17)
      at HTMLUnknownElement.dispatchEvent (node_modules/jsdom/lib/jsdom/living/generated/EventTarget.js:241:34)
      at Object.invokeGuardedCallbackDev (node_modules/react-dom/cjs/react-dom.development.js:4213:16)
      at invokeGuardedCallback (node_modules/react-dom/cjs/react-dom.development.js:4277:31)
      at beginWork$1 (node_modules/react-dom/cjs/react-dom.development.js:27490:7)
      at performUnitOfWork (node_modules/react-dom/cjs/react-dom.development.js:26599:12)
      at workLoopSync (node_modules/react-dom/cjs/react-dom.development.js:26505:5)
      at renderRootSync (node_modules/react-dom/cjs/react-dom.development.js:26473:7)
      at performConcurrentWorkOnRoot (node_modules/react-dom/cjs/react-dom.development.js:25777:74)
      at flushActQueue (node_modules/react/cjs/react.development.js:2667:24)
      at act (node_modules/react/cjs/react.development.js:2582:11)
      at node_modules/@testing-library/react/dist/act-compat.js:46:25
      at renderRoot (node_modules/@testing-library/react/dist/pure.js:189:26)
      at render (node_modules/@testing-library/react/dist/pure.js:291:10)
      at Object.<anonymous> (__tests__/components/navigation-dropdowns.test.tsx:314:13)

    console.error
      Error: Uncaught [TypeError: (0 , _navigation.useSearchParams) is not a function]
          at reportException (C:\Users\cscol\OneDrive\Desktop\Projects\ShopKeeper\node_modules\jsdom\lib\jsdom\living\helpers\runtime-script-errors.js:66:24)
          at innerInvokeEventListeners (C:\Users\cscol\OneDrive\Desktop\Projects\ShopKeeper\node_modules\jsdom\lib\jsdom\living\events\EventTarget-impl.js:353:9)
          at invokeEventListeners (C:\Users\cscol\OneDrive\Desktop\Projects\ShopKeeper\node_modules\jsdom\lib\jsdom\living\events\EventTarget-impl.js:286:3)
          at HTMLUnknownElementImpl._dispatch (C:\Users\cscol\OneDrive\Desktop\Projects\ShopKeeper\node_modules\jsdom\lib\jsdom\living\events\EventTarget-impl.js:233:9)
          at HTMLUnknownElementImpl.dispatchEvent (C:\Users\cscol\OneDrive\Desktop\Projects\ShopKeeper\node_modules\jsdom\lib\jsdom\living\events\EventTarget-impl.js:104:17)
          at HTMLUnknownElement.dispatchEvent (C:\Users\cscol\OneDrive\Desktop\Projects\ShopKeeper\node_modules\jsdom\lib\jsdom\living\generated\EventTarget.js:241:34)
          at Object.invokeGuardedCallbackDev (C:\Users\cscol\OneDrive\Desktop\Projects\ShopKeeper\node_modules\react-dom\cjs\react-dom.development.js:4213:16)
          at invokeGuardedCallback (C:\Users\cscol\OneDrive\Desktop\Projects\ShopKeeper\node_modules\react-dom\cjs\react-dom.development.js:4277:31)
          at beginWork$1 (C:\Users\cscol\OneDrive\Desktop\Projects\ShopKeeper\node_modules\react-dom\cjs\react-dom.development.js:27490:7)
          at performUnitOfWork (C:\Users\cscol\OneDrive\Desktop\Projects\ShopKeeper\node_modules\react-dom\cjs\react-dom.development.js:26599:12)
          at workLoopSync (C:\Users\cscol\OneDrive\Desktop\Projects\ShopKeeper\node_modules\react-dom\cjs\react-dom.development.js:26505:5)
          at renderRootSync (C:\Users\cscol\OneDrive\Desktop\Projects\ShopKeeper\node_modules\react-dom\cjs\react-dom.development.js:26473:7)
          at recoverFromConcurrentError (C:\Users\cscol\OneDrive\Desktop\Projects\ShopKeeper\node_modules\react-dom\cjs\react-dom.development.js:25889:20)
          at performConcurrentWorkOnRoot (C:\Users\cscol\OneDrive\Desktop\Projects\ShopKeeper\node_modules\react-dom\cjs\react-dom.development.js:25789:22)
          at flushActQueue (C:\Users\cscol\OneDrive\Desktop\Projects\ShopKeeper\node_modules\react\cjs\react.development.js:2667:24)
          at act (C:\Users\cscol\OneDrive\Desktop\Projects\ShopKeeper\node_modules\react\cjs\react.development.js:2582:11)
          at C:\Users\cscol\OneDrive\Desktop\Projects\ShopKeeper\node_modules\@testing-library\react\dist\act-compat.js:46:25
          at renderRoot (C:\Users\cscol\OneDrive\Desktop\Projects\ShopKeeper\node_modules\@testing-library\react\dist\pure.js:189:26)
          at render (C:\Users\cscol\OneDrive\Desktop\Projects\ShopKeeper\node_modules\@testing-library\react\dist\pure.js:291:10)
          at Object.<anonymous> (C:\Users\cscol\OneDrive\Desktop\Projects\ShopKeeper\__tests__\components\navigation-dropdowns.test.tsx:314:13)
          at Promise.finally.completed (C:\Users\cscol\OneDrive\Desktop\Projects\ShopKeeper\node_modules\jest-circus\build\jestAdapterInit.js:1557:28)
          at new Promise (<anonymous>)
          at callAsyncCircusFn (C:\Users\cscol\OneDrive\Desktop\Projects\ShopKeeper\node_modules\jest-circus\build\jestAdapterInit.js:1497:10)
          at _callCircusTest (C:\Users\cscol\OneDrive\Desktop\Projects\ShopKeeper\node_modules\jest-circus\build\jestAdapterInit.js:1007:40)
          at _runTest (C:\Users\cscol\OneDrive\Desktop\Projects\ShopKeeper\node_modules\jest-circus\build\jestAdapterInit.js:947:3)
          at C:\Users\cscol\OneDrive\Desktop\Projects\ShopKeeper\node_modules\jest-circus\build\jestAdapterInit.js:849:7
          at _runTestsForDescribeBlock (C:\Users\cscol\OneDrive\Desktop\Projects\ShopKeeper\node_modules\jest-circus\build\jestAdapterInit.js:862:11)
          at _runTestsForDescribeBlock (C:\Users\cscol\OneDrive\Desktop\Projects\ShopKeeper\node_modules\jest-circus\build\jestAdapterInit.js:857:11)
          at _runTestsForDescribeBlock (C:\Users\cscol\OneDrive\Desktop\Projects\ShopKeeper\node_modules\jest-circus\build\jestAdapterInit.js:857:11)
          at run (C:\Users\cscol\OneDrive\Desktop\Projects\ShopKeeper\node_modules\jest-circus\build\jestAdapterInit.js:761:3)
          at runAndTransformResultsToJestFormat (C:\Users\cscol\OneDrive\Desktop\Projects\ShopKeeper\node_modules\jest-circus\build\jestAdapterInit.js:1918:21)
          at jestAdapter (C:\Users\cscol\OneDrive\Desktop\Projects\ShopKeeper\node_modules\jest-circus\build\runner.js:101:19)
          at runTestInternal (C:\Users\cscol\OneDrive\Desktop\Projects\ShopKeeper\node_modules\jest-runner\build\index.js:275:16)
          at runTest (C:\Users\cscol\OneDrive\Desktop\Projects\ShopKeeper\node_modules\jest-runner\build\index.js:343:7) {
        detail: TypeError: (0 , _navigation.useSearchParams) is not a function
            at NavigationDropdowns (C:\Users\cscol\OneDrive\Desktop\Projects\ShopKeeper\components\shared\navigation-dropdowns.tsx:27:39)
            at renderWithHooks (C:\Users\cscol\OneDrive\Desktop\Projects\ShopKeeper\node_modules\react-dom\cjs\react-dom.development.js:15486:18)
            at mountIndeterminateComponent (C:\Users\cscol\OneDrive\Desktop\Projects\ShopKeeper\node_modules\react-dom\cjs\react-dom.development.js:20103:13)
            at beginWork (C:\Users\cscol\OneDrive\Desktop\Projects\ShopKeeper\node_modules\react-dom\cjs\react-dom.development.js:21626:16)
            at HTMLUnknownElement.callCallback (C:\Users\cscol\OneDrive\Desktop\Projects\ShopKeeper\node_modules\react-dom\cjs\react-dom.development.js:4164:14)
            at HTMLUnknownElement.callTheUserObjectsOperation (C:\Users\cscol\OneDrive\Desktop\Projects\ShopKeeper\node_modules\jsdom\lib\jsdom\living\generated\EventListener.js:26:30)
            at innerInvokeEventListeners (C:\Users\cscol\OneDrive\Desktop\Projects\ShopKeeper\node_modules\jsdom\lib\jsdom\living\events\EventTarget-impl.js:350:25)
            at invokeEventListeners (C:\Users\cscol\OneDrive\Desktop\Projects\ShopKeeper\node_modules\jsdom\lib\jsdom\living\events\EventTarget-impl.js:286:3)
            at HTMLUnknownElementImpl._dispatch (C:\Users\cscol\OneDrive\Desktop\Projects\ShopKeeper\node_modules\jsdom\lib\jsdom\living\events\EventTarget-impl.js:233:9)
            at HTMLUnknownElementImpl.dispatchEvent (C:\Users\cscol\OneDrive\Desktop\Projects\ShopKeeper\node_modules\jsdom\lib\jsdom\living\events\EventTarget-impl.js:104:17)
            at HTMLUnknownElement.dispatchEvent (C:\Users\cscol\OneDrive\Desktop\Projects\ShopKeeper\node_modules\jsdom\lib\jsdom\living\generated\EventTarget.js:241:34)
            at Object.invokeGuardedCallbackDev (C:\Users\cscol\OneDrive\Desktop\Projects\ShopKeeper\node_modules\react-dom\cjs\react-dom.development.js:4213:16)
            at invokeGuardedCallback (C:\Users\cscol\OneDrive\Desktop\Projects\ShopKeeper\node_modules\react-dom\cjs\react-dom.development.js:4277:31)
            at beginWork$1 (C:\Users\cscol\OneDrive\Desktop\Projects\ShopKeeper\node_modules\react-dom\cjs\react-dom.development.js:27490:7)
            at performUnitOfWork (C:\Users\cscol\OneDrive\Desktop\Projects\ShopKeeper\node_modules\react-dom\cjs\react-dom.development.js:26599:12)
            at workLoopSync (C:\Users\cscol\OneDrive\Desktop\Projects\ShopKeeper\node_modules\react-dom\cjs\react-dom.development.js:26505:5)
            at renderRootSync (C:\Users\cscol\OneDrive\Desktop\Projects\ShopKeeper\node_modules\react-dom\cjs\react-dom.development.js:26473:7)
            at recoverFromConcurrentError (C:\Users\cscol\OneDrive\Desktop\Projects\ShopKeeper\node_modules\react-dom\cjs\react-dom.development.js:25889:20)
            at performConcurrentWorkOnRoot (C:\Users\cscol\OneDrive\Desktop\Projects\ShopKeeper\node_modules\react-dom\cjs\react-dom.development.js:25789:22)
            at flushActQueue (C:\Users\cscol\OneDrive\Desktop\Projects\ShopKeeper\node_modules\react\cjs\react.development.js:2667:24)
            at act (C:\Users\cscol\OneDrive\Desktop\Projects\ShopKeeper\node_modules\react\cjs\react.development.js:2582:11)
            at C:\Users\cscol\OneDrive\Desktop\Projects\ShopKeeper\node_modules\@testing-library\react\dist\act-compat.js:46:25
            at renderRoot (C:\Users\cscol\OneDrive\Desktop\Projects\ShopKeeper\node_modules\@testing-library\react\dist\pure.js:189:26)
            at render (C:\Users\cscol\OneDrive\Desktop\Projects\ShopKeeper\node_modules\@testing-library\react\dist\pure.js:291:10)
            at Object.<anonymous> (C:\Users\cscol\OneDrive\Desktop\Projects\ShopKeeper\__tests__\components\navigation-dropdowns.test.tsx:314:13)
            at Promise.finally.completed (C:\Users\cscol\OneDrive\Desktop\Projects\ShopKeeper\node_modules\jest-circus\build\jestAdapterInit.js:1557:28)
            at new Promise (<anonymous>)
            at callAsyncCircusFn (C:\Users\cscol\OneDrive\Desktop\Projects\ShopKeeper\node_modules\jest-circus\build\jestAdapterInit.js:1497:10)
            at _callCircusTest (C:\Users\cscol\OneDrive\Desktop\Projects\ShopKeeper\node_modules\jest-circus\build\jestAdapterInit.js:1007:40)
            at _runTest (C:\Users\cscol\OneDrive\Desktop\Projects\ShopKeeper\node_modules\jest-circus\build\jestAdapterInit.js:947:3)
            at C:\Users\cscol\OneDrive\Desktop\Projects\ShopKeeper\node_modules\jest-circus\build\jestAdapterInit.js:849:7
            at _runTestsForDescribeBlock (C:\Users\cscol\OneDrive\Desktop\Projects\ShopKeeper\node_modules\jest-circus\build\jestAdapterInit.js:862:11)
            at _runTestsForDescribeBlock (C:\Users\cscol\OneDrive\Desktop\Projects\ShopKeeper\node_modules\jest-circus\build\jestAdapterInit.js:857:11)
            at _runTestsForDescribeBlock (C:\Users\cscol\OneDrive\Desktop\Projects\ShopKeeper\node_modules\jest-circus\build\jestAdapterInit.js:857:11)
            at run (C:\Users\cscol\OneDrive\Desktop\Projects\ShopKeeper\node_modules\jest-circus\build\jestAdapterInit.js:761:3)
            at runAndTransformResultsToJestFormat (C:\Users\cscol\OneDrive\Desktop\Projects\ShopKeeper\node_modules\jest-circus\build\jestAdapterInit.js:1918:21)
            at jestAdapter (C:\Users\cscol\OneDrive\Desktop\Projects\ShopKeeper\node_modules\jest-circus\build\runner.js:101:19)
            at runTestInternal (C:\Users\cscol\OneDrive\Desktop\Projects\ShopKeeper\node_modules\jest-runner\build\index.js:275:16)
            at runTest (C:\Users\cscol\OneDrive\Desktop\Projects\ShopKeeper\node_modules\jest-runner\build\index.js:343:7),
        type: 'unhandled exception'
      }

    [0m [90m 312 |[39m       [33m;[39m(usePathname [36mas[39m jest[33m.[39m[33mMock[39m)[33m.[39mmockReturnValue([32m'/dm/campaigns/deleted-campaign'[39m)
     [90m 313 |[39m
    [31m[1m>[22m[39m[90m 314 |[39m       render([33m<[39m[33mNavigationDropdowns[39m [33m/[39m[33m>[39m)
     [90m     |[39m             [31m[1m^[22m[39m
     [90m 315 |[39m
     [90m 316 |[39m       [36mawait[39m waitFor(() [33m=>[39m {
     [90m 317 |[39m         expect(mockSupabase[33m.[39m[36mfrom[39m)[33m.[39mtoHaveBeenCalledWith([32m'campaigns'[39m)[0m

      at VirtualConsole.<anonymous> (node_modules/@jest/environment-jsdom-abstract/build/index.js:87:23)
      at reportException (node_modules/jsdom/lib/jsdom/living/helpers/runtime-script-errors.js:70:28)
      at innerInvokeEventListeners (node_modules/jsdom/lib/jsdom/living/events/EventTarget-impl.js:353:9)
      at invokeEventListeners (node_modules/jsdom/lib/jsdom/living/events/EventTarget-impl.js:286:3)
      at HTMLUnknownElementImpl._dispatch (node_modules/jsdom/lib/jsdom/living/events/EventTarget-impl.js:233:9)
      at HTMLUnknownElementImpl.dispatchEvent (node_modules/jsdom/lib/jsdom/living/events/EventTarget-impl.js:104:17)
      at HTMLUnknownElement.dispatchEvent (node_modules/jsdom/lib/jsdom/living/generated/EventTarget.js:241:34)
      at Object.invokeGuardedCallbackDev (node_modules/react-dom/cjs/react-dom.development.js:4213:16)
      at invokeGuardedCallback (node_modules/react-dom/cjs/react-dom.development.js:4277:31)
      at beginWork$1 (node_modules/react-dom/cjs/react-dom.development.js:27490:7)
      at performUnitOfWork (node_modules/react-dom/cjs/react-dom.development.js:26599:12)
      at workLoopSync (node_modules/react-dom/cjs/react-dom.development.js:26505:5)
      at renderRootSync (node_modules/react-dom/cjs/react-dom.development.js:26473:7)
      at recoverFromConcurrentError (node_modules/react-dom/cjs/react-dom.development.js:25889:20)
      at performConcurrentWorkOnRoot (node_modules/react-dom/cjs/react-dom.development.js:25789:22)
      at flushActQueue (node_modules/react/cjs/react.development.js:2667:24)
      at act (node_modules/react/cjs/react.development.js:2582:11)
      at node_modules/@testing-library/react/dist/act-compat.js:46:25
      at renderRoot (node_modules/@testing-library/react/dist/pure.js:189:26)
      at render (node_modules/@testing-library/react/dist/pure.js:291:10)
      at Object.<anonymous> (__tests__/components/navigation-dropdowns.test.tsx:314:13)

    console.error
      The above error occurred in the <NavigationDropdowns> component:
      
          at NavigationDropdowns (C:\Users\cscol\OneDrive\Desktop\Projects\ShopKeeper\components\shared\navigation-dropdowns.tsx:27:39)
      
      Consider adding an error boundary to your tree to customize error handling behavior.
      Visit https://reactjs.org/link/error-boundaries to learn more about error boundaries.

    [0m [90m 312 |[39m       [33m;[39m(usePathname [36mas[39m jest[33m.[39m[33mMock[39m)[33m.[39mmockReturnValue([32m'/dm/campaigns/deleted-campaign'[39m)
     [90m 313 |[39m
    [31m[1m>[22m[39m[90m 314 |[39m       render([33m<[39m[33mNavigationDropdowns[39m [33m/[39m[33m>[39m)
     [90m     |[39m             [31m[1m^[22m[39m
     [90m 315 |[39m
     [90m 316 |[39m       [36mawait[39m waitFor(() [33m=>[39m {
     [90m 317 |[39m         expect(mockSupabase[33m.[39m[36mfrom[39m)[33m.[39mtoHaveBeenCalledWith([32m'campaigns'[39m)[0m

      at logCapturedError (node_modules/react-dom/cjs/react-dom.development.js:18704:23)
      at update.callback (node_modules/react-dom/cjs/react-dom.development.js:18737:5)
      at callCallback (node_modules/react-dom/cjs/react-dom.development.js:15036:12)
      at commitUpdateQueue (node_modules/react-dom/cjs/react-dom.development.js:15057:9)
      at commitLayoutEffectOnFiber (node_modules/react-dom/cjs/react-dom.development.js:23430:13)
      at commitLayoutMountEffects_complete (node_modules/react-dom/cjs/react-dom.development.js:24727:9)
      at commitLayoutEffects_begin (node_modules/react-dom/cjs/react-dom.development.js:24713:7)
      at commitLayoutEffects (node_modules/react-dom/cjs/react-dom.development.js:24651:3)
      at commitRootImpl (node_modules/react-dom/cjs/react-dom.development.js:26862:5)
      at commitRoot (node_modules/react-dom/cjs/react-dom.development.js:26721:5)
      at finishConcurrentRender (node_modules/react-dom/cjs/react-dom.development.js:25931:9)
      at performConcurrentWorkOnRoot (node_modules/react-dom/cjs/react-dom.development.js:25848:7)
      at flushActQueue (node_modules/react/cjs/react.development.js:2667:24)
      at act (node_modules/react/cjs/react.development.js:2582:11)
      at node_modules/@testing-library/react/dist/act-compat.js:46:25
      at renderRoot (node_modules/@testing-library/react/dist/pure.js:189:26)
      at render (node_modules/@testing-library/react/dist/pure.js:291:10)
      at Object.<anonymous> (__tests__/components/navigation-dropdowns.test.tsx:314:13)

    console.error
      Error: Uncaught [TypeError: (0 , _navigation.useSearchParams) is not a function]
          at reportException (C:\Users\cscol\OneDrive\Desktop\Projects\ShopKeeper\node_modules\jsdom\lib\jsdom\living\helpers\runtime-script-errors.js:66:24)
          at innerInvokeEventListeners (C:\Users\cscol\OneDrive\Desktop\Projects\ShopKeeper\node_modules\jsdom\lib\jsdom\living\events\EventTarget-impl.js:353:9)
          at invokeEventListeners (C:\Users\cscol\OneDrive\Desktop\Projects\ShopKeeper\node_modules\jsdom\lib\jsdom\living\events\EventTarget-impl.js:286:3)
          at HTMLUnknownElementImpl._dispatch (C:\Users\cscol\OneDrive\Desktop\Projects\ShopKeeper\node_modules\jsdom\lib\jsdom\living\events\EventTarget-impl.js:233:9)
          at HTMLUnknownElementImpl.dispatchEvent (C:\Users\cscol\OneDrive\Desktop\Projects\ShopKeeper\node_modules\jsdom\lib\jsdom\living\events\EventTarget-impl.js:104:17)
          at HTMLUnknownElement.dispatchEvent (C:\Users\cscol\OneDrive\Desktop\Projects\ShopKeeper\node_modules\jsdom\lib\jsdom\living\generated\EventTarget.js:241:34)
          at Object.invokeGuardedCallbackDev (C:\Users\cscol\OneDrive\Desktop\Projects\ShopKeeper\node_modules\react-dom\cjs\react-dom.development.js:4213:16)
          at invokeGuardedCallback (C:\Users\cscol\OneDrive\Desktop\Projects\ShopKeeper\node_modules\react-dom\cjs\react-dom.development.js:4277:31)
          at beginWork$1 (C:\Users\cscol\OneDrive\Desktop\Projects\ShopKeeper\node_modules\react-dom\cjs\react-dom.development.js:27490:7)
          at performUnitOfWork (C:\Users\cscol\OneDrive\Desktop\Projects\ShopKeeper\node_modules\react-dom\cjs\react-dom.development.js:26599:12)
          at workLoopSync (C:\Users\cscol\OneDrive\Desktop\Projects\ShopKeeper\node_modules\react-dom\cjs\react-dom.development.js:26505:5)
          at renderRootSync (C:\Users\cscol\OneDrive\Desktop\Projects\ShopKeeper\node_modules\react-dom\cjs\react-dom.development.js:26473:7)
          at performConcurrentWorkOnRoot (C:\Users\cscol\OneDrive\Desktop\Projects\ShopKeeper\node_modules\react-dom\cjs\react-dom.development.js:25777:74)
          at flushActQueue (C:\Users\cscol\OneDrive\Desktop\Projects\ShopKeeper\node_modules\react\cjs\react.development.js:2667:24)
          at act (C:\Users\cscol\OneDrive\Desktop\Projects\ShopKeeper\node_modules\react\cjs\react.development.js:2582:11)
          at C:\Users\cscol\OneDrive\Desktop\Projects\ShopKeeper\node_modules\@testing-library\react\dist\act-compat.js:46:25
          at renderRoot (C:\Users\cscol\OneDrive\Desktop\Projects\ShopKeeper\node_modules\@testing-library\react\dist\pure.js:189:26)
          at render (C:\Users\cscol\OneDrive\Desktop\Projects\ShopKeeper\node_modules\@testing-library\react\dist\pure.js:291:10)
          at Object.<anonymous> (C:\Users\cscol\OneDrive\Desktop\Projects\ShopKeeper\__tests__\components\navigation-dropdowns.test.tsx:373:13)
          at Promise.finally.completed (C:\Users\cscol\OneDrive\Desktop\Projects\ShopKeeper\node_modules\jest-circus\build\jestAdapterInit.js:1557:28)
          at new Promise (<anonymous>)
          at callAsyncCircusFn (C:\Users\cscol\OneDrive\Desktop\Projects\ShopKeeper\node_modules\jest-circus\build\jestAdapterInit.js:1497:10)
          at _callCircusTest (C:\Users\cscol\OneDrive\Desktop\Projects\ShopKeeper\node_modules\jest-circus\build\jestAdapterInit.js:1007:40)
          at _runTest (C:\Users\cscol\OneDrive\Desktop\Projects\ShopKeeper\node_modules\jest-circus\build\jestAdapterInit.js:947:3)
          at C:\Users\cscol\OneDrive\Desktop\Projects\ShopKeeper\node_modules\jest-circus\build\jestAdapterInit.js:849:7
          at _runTestsForDescribeBlock (C:\Users\cscol\OneDrive\Desktop\Projects\ShopKeeper\node_modules\jest-circus\build\jestAdapterInit.js:862:11)
          at _runTestsForDescribeBlock (C:\Users\cscol\OneDrive\Desktop\Projects\ShopKeeper\node_modules\jest-circus\build\jestAdapterInit.js:857:11)
          at _runTestsForDescribeBlock (C:\Users\cscol\OneDrive\Desktop\Projects\ShopKeeper\node_modules\jest-circus\build\jestAdapterInit.js:857:11)
          at run (C:\Users\cscol\OneDrive\Desktop\Projects\ShopKeeper\node_modules\jest-circus\build\jestAdapterInit.js:761:3)
          at runAndTransformResultsToJestFormat (C:\Users\cscol\OneDrive\Desktop\Projects\ShopKeeper\node_modules\jest-circus\build\jestAdapterInit.js:1918:21)
          at jestAdapter (C:\Users\cscol\OneDrive\Desktop\Projects\ShopKeeper\node_modules\jest-circus\build\runner.js:101:19)
          at runTestInternal (C:\Users\cscol\OneDrive\Desktop\Projects\ShopKeeper\node_modules\jest-runner\build\index.js:275:16)
          at runTest (C:\Users\cscol\OneDrive\Desktop\Projects\ShopKeeper\node_modules\jest-runner\build\index.js:343:7) {
        detail: TypeError: (0 , _navigation.useSearchParams) is not a function
            at NavigationDropdowns (C:\Users\cscol\OneDrive\Desktop\Projects\ShopKeeper\components\shared\navigation-dropdowns.tsx:27:39)
            at renderWithHooks (C:\Users\cscol\OneDrive\Desktop\Projects\ShopKeeper\node_modules\react-dom\cjs\react-dom.development.js:15486:18)
            at mountIndeterminateComponent (C:\Users\cscol\OneDrive\Desktop\Projects\ShopKeeper\node_modules\react-dom\cjs\react-dom.development.js:20103:13)
            at beginWork (C:\Users\cscol\OneDrive\Desktop\Projects\ShopKeeper\node_modules\react-dom\cjs\react-dom.development.js:21626:16)
            at HTMLUnknownElement.callCallback (C:\Users\cscol\OneDrive\Desktop\Projects\ShopKeeper\node_modules\react-dom\cjs\react-dom.development.js:4164:14)
            at HTMLUnknownElement.callTheUserObjectsOperation (C:\Users\cscol\OneDrive\Desktop\Projects\ShopKeeper\node_modules\jsdom\lib\jsdom\living\generated\EventListener.js:26:30)
            at innerInvokeEventListeners (C:\Users\cscol\OneDrive\Desktop\Projects\ShopKeeper\node_modules\jsdom\lib\jsdom\living\events\EventTarget-impl.js:350:25)
            at invokeEventListeners (C:\Users\cscol\OneDrive\Desktop\Projects\ShopKeeper\node_modules\jsdom\lib\jsdom\living\events\EventTarget-impl.js:286:3)
            at HTMLUnknownElementImpl._dispatch (C:\Users\cscol\OneDrive\Desktop\Projects\ShopKeeper\node_modules\jsdom\lib\jsdom\living\events\EventTarget-impl.js:233:9)
            at HTMLUnknownElementImpl.dispatchEvent (C:\Users\cscol\OneDrive\Desktop\Projects\ShopKeeper\node_modules\jsdom\lib\jsdom\living\events\EventTarget-impl.js:104:17)
            at HTMLUnknownElement.dispatchEvent (C:\Users\cscol\OneDrive\Desktop\Projects\ShopKeeper\node_modules\jsdom\lib\jsdom\living\generated\EventTarget.js:241:34)
            at Object.invokeGuardedCallbackDev (C:\Users\cscol\OneDrive\Desktop\Projects\ShopKeeper\node_modules\react-dom\cjs\react-dom.development.js:4213:16)
            at invokeGuardedCallback (C:\Users\cscol\OneDrive\Desktop\Projects\ShopKeeper\node_modules\react-dom\cjs\react-dom.development.js:4277:31)
            at beginWork$1 (C:\Users\cscol\OneDrive\Desktop\Projects\ShopKeeper\node_modules\react-dom\cjs\react-dom.development.js:27490:7)
            at performUnitOfWork (C:\Users\cscol\OneDrive\Desktop\Projects\ShopKeeper\node_modules\react-dom\cjs\react-dom.development.js:26599:12)
            at workLoopSync (C:\Users\cscol\OneDrive\Desktop\Projects\ShopKeeper\node_modules\react-dom\cjs\react-dom.development.js:26505:5)
            at renderRootSync (C:\Users\cscol\OneDrive\Desktop\Projects\ShopKeeper\node_modules\react-dom\cjs\react-dom.development.js:26473:7)
            at performConcurrentWorkOnRoot (C:\Users\cscol\OneDrive\Desktop\Projects\ShopKeeper\node_modules\react-dom\cjs\react-dom.development.js:25777:74)
            at flushActQueue (C:\Users\cscol\OneDrive\Desktop\Projects\ShopKeeper\node_modules\react\cjs\react.development.js:2667:24)
            at act (C:\Users\cscol\OneDrive\Desktop\Projects\ShopKeeper\node_modules\react\cjs\react.development.js:2582:11)
            at C:\Users\cscol\OneDrive\Desktop\Projects\ShopKeeper\node_modules\@testing-library\react\dist\act-compat.js:46:25
            at renderRoot (C:\Users\cscol\OneDrive\Desktop\Projects\ShopKeeper\node_modules\@testing-library\react\dist\pure.js:189:26)
            at render (C:\Users\cscol\OneDrive\Desktop\Projects\ShopKeeper\node_modules\@testing-library\react\dist\pure.js:291:10)
            at Object.<anonymous> (C:\Users\cscol\OneDrive\Desktop\Projects\ShopKeeper\__tests__\components\navigation-dropdowns.test.tsx:373:13)
            at Promise.finally.completed (C:\Users\cscol\OneDrive\Desktop\Projects\ShopKeeper\node_modules\jest-circus\build\jestAdapterInit.js:1557:28)
            at new Promise (<anonymous>)
            at callAsyncCircusFn (C:\Users\cscol\OneDrive\Desktop\Projects\ShopKeeper\node_modules\jest-circus\build\jestAdapterInit.js:1497:10)
            at _callCircusTest (C:\Users\cscol\OneDrive\Desktop\Projects\ShopKeeper\node_modules\jest-circus\build\jestAdapterInit.js:1007:40)
            at _runTest (C:\Users\cscol\OneDrive\Desktop\Projects\ShopKeeper\node_modules\jest-circus\build\jestAdapterInit.js:947:3)
            at C:\Users\cscol\OneDrive\Desktop\Projects\ShopKeeper\node_modules\jest-circus\build\jestAdapterInit.js:849:7
            at _runTestsForDescribeBlock (C:\Users\cscol\OneDrive\Desktop\Projects\ShopKeeper\node_modules\jest-circus\build\jestAdapterInit.js:862:11)
            at _runTestsForDescribeBlock (C:\Users\cscol\OneDrive\Desktop\Projects\ShopKeeper\node_modules\jest-circus\build\jestAdapterInit.js:857:11)
            at _runTestsForDescribeBlock (C:\Users\cscol\OneDrive\Desktop\Projects\ShopKeeper\node_modules\jest-circus\build\jestAdapterInit.js:857:11)
            at run (C:\Users\cscol\OneDrive\Desktop\Projects\ShopKeeper\node_modules\jest-circus\build\jestAdapterInit.js:761:3)
            at runAndTransformResultsToJestFormat (C:\Users\cscol\OneDrive\Desktop\Projects\ShopKeeper\node_modules\jest-circus\build\jestAdapterInit.js:1918:21)
            at jestAdapter (C:\Users\cscol\OneDrive\Desktop\Projects\ShopKeeper\node_modules\jest-circus\build\runner.js:101:19)
            at runTestInternal (C:\Users\cscol\OneDrive\Desktop\Projects\ShopKeeper\node_modules\jest-runner\build\index.js:275:16)
            at runTest (C:\Users\cscol\OneDrive\Desktop\Projects\ShopKeeper\node_modules\jest-runner\build\index.js:343:7),
        type: 'unhandled exception'
      }

    [0m [90m 371 |[39m       })
     [90m 372 |[39m
    [31m[1m>[22m[39m[90m 373 |[39m       render([33m<[39m[33mNavigationDropdowns[39m [33m/[39m[33m>[39m)
     [90m     |[39m             [31m[1m^[22m[39m
     [90m 374 |[39m
     [90m 375 |[39m       [36mawait[39m waitFor(() [33m=>[39m {
     [90m 376 |[39m         expect(mockSupabase[33m.[39m[36mfrom[39m)[33m.[39mtoHaveBeenCalledWith([32m'towns'[39m)[0m

      at VirtualConsole.<anonymous> (node_modules/@jest/environment-jsdom-abstract/build/index.js:87:23)
      at reportException (node_modules/jsdom/lib/jsdom/living/helpers/runtime-script-errors.js:70:28)
      at innerInvokeEventListeners (node_modules/jsdom/lib/jsdom/living/events/EventTarget-impl.js:353:9)
      at invokeEventListeners (node_modules/jsdom/lib/jsdom/living/events/EventTarget-impl.js:286:3)
      at HTMLUnknownElementImpl._dispatch (node_modules/jsdom/lib/jsdom/living/events/EventTarget-impl.js:233:9)
      at HTMLUnknownElementImpl.dispatchEvent (node_modules/jsdom/lib/jsdom/living/events/EventTarget-impl.js:104:17)
      at HTMLUnknownElement.dispatchEvent (node_modules/jsdom/lib/jsdom/living/generated/EventTarget.js:241:34)
      at Object.invokeGuardedCallbackDev (node_modules/react-dom/cjs/react-dom.development.js:4213:16)
      at invokeGuardedCallback (node_modules/react-dom/cjs/react-dom.development.js:4277:31)
      at beginWork$1 (node_modules/react-dom/cjs/react-dom.development.js:27490:7)
      at performUnitOfWork (node_modules/react-dom/cjs/react-dom.development.js:26599:12)
      at workLoopSync (node_modules/react-dom/cjs/react-dom.development.js:26505:5)
      at renderRootSync (node_modules/react-dom/cjs/react-dom.development.js:26473:7)
      at performConcurrentWorkOnRoot (node_modules/react-dom/cjs/react-dom.development.js:25777:74)
      at flushActQueue (node_modules/react/cjs/react.development.js:2667:24)
      at act (node_modules/react/cjs/react.development.js:2582:11)
      at node_modules/@testing-library/react/dist/act-compat.js:46:25
      at renderRoot (node_modules/@testing-library/react/dist/pure.js:189:26)
      at render (node_modules/@testing-library/react/dist/pure.js:291:10)
      at Object.<anonymous> (__tests__/components/navigation-dropdowns.test.tsx:373:13)

    console.error
      Error: Uncaught [TypeError: (0 , _navigation.useSearchParams) is not a function]
          at reportException (C:\Users\cscol\OneDrive\Desktop\Projects\ShopKeeper\node_modules\jsdom\lib\jsdom\living\helpers\runtime-script-errors.js:66:24)
          at innerInvokeEventListeners (C:\Users\cscol\OneDrive\Desktop\Projects\ShopKeeper\node_modules\jsdom\lib\jsdom\living\events\EventTarget-impl.js:353:9)
          at invokeEventListeners (C:\Users\cscol\OneDrive\Desktop\Projects\ShopKeeper\node_modules\jsdom\lib\jsdom\living\events\EventTarget-impl.js:286:3)
          at HTMLUnknownElementImpl._dispatch (C:\Users\cscol\OneDrive\Desktop\Projects\ShopKeeper\node_modules\jsdom\lib\jsdom\living\events\EventTarget-impl.js:233:9)
          at HTMLUnknownElementImpl.dispatchEvent (C:\Users\cscol\OneDrive\Desktop\Projects\ShopKeeper\node_modules\jsdom\lib\jsdom\living\events\EventTarget-impl.js:104:17)
          at HTMLUnknownElement.dispatchEvent (C:\Users\cscol\OneDrive\Desktop\Projects\ShopKeeper\node_modules\jsdom\lib\jsdom\living\generated\EventTarget.js:241:34)
          at Object.invokeGuardedCallbackDev (C:\Users\cscol\OneDrive\Desktop\Projects\ShopKeeper\node_modules\react-dom\cjs\react-dom.development.js:4213:16)
          at invokeGuardedCallback (C:\Users\cscol\OneDrive\Desktop\Projects\ShopKeeper\node_modules\react-dom\cjs\react-dom.development.js:4277:31)
          at beginWork$1 (C:\Users\cscol\OneDrive\Desktop\Projects\ShopKeeper\node_modules\react-dom\cjs\react-dom.development.js:27490:7)
          at performUnitOfWork (C:\Users\cscol\OneDrive\Desktop\Projects\ShopKeeper\node_modules\react-dom\cjs\react-dom.development.js:26599:12)
          at workLoopSync (C:\Users\cscol\OneDrive\Desktop\Projects\ShopKeeper\node_modules\react-dom\cjs\react-dom.development.js:26505:5)
          at renderRootSync (C:\Users\cscol\OneDrive\Desktop\Projects\ShopKeeper\node_modules\react-dom\cjs\react-dom.development.js:26473:7)
          at recoverFromConcurrentError (C:\Users\cscol\OneDrive\Desktop\Projects\ShopKeeper\node_modules\react-dom\cjs\react-dom.development.js:25889:20)
          at performConcurrentWorkOnRoot (C:\Users\cscol\OneDrive\Desktop\Projects\ShopKeeper\node_modules\react-dom\cjs\react-dom.development.js:25789:22)
          at flushActQueue (C:\Users\cscol\OneDrive\Desktop\Projects\ShopKeeper\node_modules\react\cjs\react.development.js:2667:24)
          at act (C:\Users\cscol\OneDrive\Desktop\Projects\ShopKeeper\node_modules\react\cjs\react.development.js:2582:11)
          at C:\Users\cscol\OneDrive\Desktop\Projects\ShopKeeper\node_modules\@testing-library\react\dist\act-compat.js:46:25
          at renderRoot (C:\Users\cscol\OneDrive\Desktop\Projects\ShopKeeper\node_modules\@testing-library\react\dist\pure.js:189:26)
          at render (C:\Users\cscol\OneDrive\Desktop\Projects\ShopKeeper\node_modules\@testing-library\react\dist\pure.js:291:10)
          at Object.<anonymous> (C:\Users\cscol\OneDrive\Desktop\Projects\ShopKeeper\__tests__\components\navigation-dropdowns.test.tsx:373:13)
          at Promise.finally.completed (C:\Users\cscol\OneDrive\Desktop\Projects\ShopKeeper\node_modules\jest-circus\build\jestAdapterInit.js:1557:28)
          at new Promise (<anonymous>)
          at callAsyncCircusFn (C:\Users\cscol\OneDrive\Desktop\Projects\ShopKeeper\node_modules\jest-circus\build\jestAdapterInit.js:1497:10)
          at _callCircusTest (C:\Users\cscol\OneDrive\Desktop\Projects\ShopKeeper\node_modules\jest-circus\build\jestAdapterInit.js:1007:40)
          at _runTest (C:\Users\cscol\OneDrive\Desktop\Projects\ShopKeeper\node_modules\jest-circus\build\jestAdapterInit.js:947:3)
          at C:\Users\cscol\OneDrive\Desktop\Projects\ShopKeeper\node_modules\jest-circus\build\jestAdapterInit.js:849:7
          at _runTestsForDescribeBlock (C:\Users\cscol\OneDrive\Desktop\Projects\ShopKeeper\node_modules\jest-circus\build\jestAdapterInit.js:862:11)
          at _runTestsForDescribeBlock (C:\Users\cscol\OneDrive\Desktop\Projects\ShopKeeper\node_modules\jest-circus\build\jestAdapterInit.js:857:11)
          at _runTestsForDescribeBlock (C:\Users\cscol\OneDrive\Desktop\Projects\ShopKeeper\node_modules\jest-circus\build\jestAdapterInit.js:857:11)
          at run (C:\Users\cscol\OneDrive\Desktop\Projects\ShopKeeper\node_modules\jest-circus\build\jestAdapterInit.js:761:3)
          at runAndTransformResultsToJestFormat (C:\Users\cscol\OneDrive\Desktop\Projects\ShopKeeper\node_modules\jest-circus\build\jestAdapterInit.js:1918:21)
          at jestAdapter (C:\Users\cscol\OneDrive\Desktop\Projects\ShopKeeper\node_modules\jest-circus\build\runner.js:101:19)
          at runTestInternal (C:\Users\cscol\OneDrive\Desktop\Projects\ShopKeeper\node_modules\jest-runner\build\index.js:275:16)
          at runTest (C:\Users\cscol\OneDrive\Desktop\Projects\ShopKeeper\node_modules\jest-runner\build\index.js:343:7) {
        detail: TypeError: (0 , _navigation.useSearchParams) is not a function
            at NavigationDropdowns (C:\Users\cscol\OneDrive\Desktop\Projects\ShopKeeper\components\shared\navigation-dropdowns.tsx:27:39)
            at renderWithHooks (C:\Users\cscol\OneDrive\Desktop\Projects\ShopKeeper\node_modules\react-dom\cjs\react-dom.development.js:15486:18)
            at mountIndeterminateComponent (C:\Users\cscol\OneDrive\Desktop\Projects\ShopKeeper\node_modules\react-dom\cjs\react-dom.development.js:20103:13)
            at beginWork (C:\Users\cscol\OneDrive\Desktop\Projects\ShopKeeper\node_modules\react-dom\cjs\react-dom.development.js:21626:16)
            at HTMLUnknownElement.callCallback (C:\Users\cscol\OneDrive\Desktop\Projects\ShopKeeper\node_modules\react-dom\cjs\react-dom.development.js:4164:14)
            at HTMLUnknownElement.callTheUserObjectsOperation (C:\Users\cscol\OneDrive\Desktop\Projects\ShopKeeper\node_modules\jsdom\lib\jsdom\living\generated\EventListener.js:26:30)
            at innerInvokeEventListeners (C:\Users\cscol\OneDrive\Desktop\Projects\ShopKeeper\node_modules\jsdom\lib\jsdom\living\events\EventTarget-impl.js:350:25)
            at invokeEventListeners (C:\Users\cscol\OneDrive\Desktop\Projects\ShopKeeper\node_modules\jsdom\lib\jsdom\living\events\EventTarget-impl.js:286:3)
            at HTMLUnknownElementImpl._dispatch (C:\Users\cscol\OneDrive\Desktop\Projects\ShopKeeper\node_modules\jsdom\lib\jsdom\living\events\EventTarget-impl.js:233:9)
            at HTMLUnknownElementImpl.dispatchEvent (C:\Users\cscol\OneDrive\Desktop\Projects\ShopKeeper\node_modules\jsdom\lib\jsdom\living\events\EventTarget-impl.js:104:17)
            at HTMLUnknownElement.dispatchEvent (C:\Users\cscol\OneDrive\Desktop\Projects\ShopKeeper\node_modules\jsdom\lib\jsdom\living\generated\EventTarget.js:241:34)
            at Object.invokeGuardedCallbackDev (C:\Users\cscol\OneDrive\Desktop\Projects\ShopKeeper\node_modules\react-dom\cjs\react-dom.development.js:4213:16)
            at invokeGuardedCallback (C:\Users\cscol\OneDrive\Desktop\Projects\ShopKeeper\node_modules\react-dom\cjs\react-dom.development.js:4277:31)
            at beginWork$1 (C:\Users\cscol\OneDrive\Desktop\Projects\ShopKeeper\node_modules\react-dom\cjs\react-dom.development.js:27490:7)
            at performUnitOfWork (C:\Users\cscol\OneDrive\Desktop\Projects\ShopKeeper\node_modules\react-dom\cjs\react-dom.development.js:26599:12)
            at workLoopSync (C:\Users\cscol\OneDrive\Desktop\Projects\ShopKeeper\node_modules\react-dom\cjs\react-dom.development.js:26505:5)
            at renderRootSync (C:\Users\cscol\OneDrive\Desktop\Projects\ShopKeeper\node_modules\react-dom\cjs\react-dom.development.js:26473:7)
            at recoverFromConcurrentError (C:\Users\cscol\OneDrive\Desktop\Projects\ShopKeeper\node_modules\react-dom\cjs\react-dom.development.js:25889:20)
            at performConcurrentWorkOnRoot (C:\Users\cscol\OneDrive\Desktop\Projects\ShopKeeper\node_modules\react-dom\cjs\react-dom.development.js:25789:22)
            at flushActQueue (C:\Users\cscol\OneDrive\Desktop\Projects\ShopKeeper\node_modules\react\cjs\react.development.js:2667:24)
            at act (C:\Users\cscol\OneDrive\Desktop\Projects\ShopKeeper\node_modules\react\cjs\react.development.js:2582:11)
            at C:\Users\cscol\OneDrive\Desktop\Projects\ShopKeeper\node_modules\@testing-library\react\dist\act-compat.js:46:25
            at renderRoot (C:\Users\cscol\OneDrive\Desktop\Projects\ShopKeeper\node_modules\@testing-library\react\dist\pure.js:189:26)
            at render (C:\Users\cscol\OneDrive\Desktop\Projects\ShopKeeper\node_modules\@testing-library\react\dist\pure.js:291:10)
            at Object.<anonymous> (C:\Users\cscol\OneDrive\Desktop\Projects\ShopKeeper\__tests__\components\navigation-dropdowns.test.tsx:373:13)
            at Promise.finally.completed (C:\Users\cscol\OneDrive\Desktop\Projects\ShopKeeper\node_modules\jest-circus\build\jestAdapterInit.js:1557:28)
            at new Promise (<anonymous>)
            at callAsyncCircusFn (C:\Users\cscol\OneDrive\Desktop\Projects\ShopKeeper\node_modules\jest-circus\build\jestAdapterInit.js:1497:10)
            at _callCircusTest (C:\Users\cscol\OneDrive\Desktop\Projects\ShopKeeper\node_modules\jest-circus\build\jestAdapterInit.js:1007:40)
            at _runTest (C:\Users\cscol\OneDrive\Desktop\Projects\ShopKeeper\node_modules\jest-circus\build\jestAdapterInit.js:947:3)
            at C:\Users\cscol\OneDrive\Desktop\Projects\ShopKeeper\node_modules\jest-circus\build\jestAdapterInit.js:849:7
            at _runTestsForDescribeBlock (C:\Users\cscol\OneDrive\Desktop\Projects\ShopKeeper\node_modules\jest-circus\build\jestAdapterInit.js:862:11)
            at _runTestsForDescribeBlock (C:\Users\cscol\OneDrive\Desktop\Projects\ShopKeeper\node_modules\jest-circus\build\jestAdapterInit.js:857:11)
            at _runTestsForDescribeBlock (C:\Users\cscol\OneDrive\Desktop\Projects\ShopKeeper\node_modules\jest-circus\build\jestAdapterInit.js:857:11)
            at run (C:\Users\cscol\OneDrive\Desktop\Projects\ShopKeeper\node_modules\jest-circus\build\jestAdapterInit.js:761:3)
            at runAndTransformResultsToJestFormat (C:\Users\cscol\OneDrive\Desktop\Projects\ShopKeeper\node_modules\jest-circus\build\jestAdapterInit.js:1918:21)
            at jestAdapter (C:\Users\cscol\OneDrive\Desktop\Projects\ShopKeeper\node_modules\jest-circus\build\runner.js:101:19)
            at runTestInternal (C:\Users\cscol\OneDrive\Desktop\Projects\ShopKeeper\node_modules\jest-runner\build\index.js:275:16)
            at runTest (C:\Users\cscol\OneDrive\Desktop\Projects\ShopKeeper\node_modules\jest-runner\build\index.js:343:7),
        type: 'unhandled exception'
      }

    [0m [90m 371 |[39m       })
     [90m 372 |[39m
    [31m[1m>[22m[39m[90m 373 |[39m       render([33m<[39m[33mNavigationDropdowns[39m [33m/[39m[33m>[39m)
     [90m     |[39m             [31m[1m^[22m[39m
     [90m 374 |[39m
     [90m 375 |[39m       [36mawait[39m waitFor(() [33m=>[39m {
     [90m 376 |[39m         expect(mockSupabase[33m.[39m[36mfrom[39m)[33m.[39mtoHaveBeenCalledWith([32m'towns'[39m)[0m

      at VirtualConsole.<anonymous> (node_modules/@jest/environment-jsdom-abstract/build/index.js:87:23)
      at reportException (node_modules/jsdom/lib/jsdom/living/helpers/runtime-script-errors.js:70:28)
      at innerInvokeEventListeners (node_modules/jsdom/lib/jsdom/living/events/EventTarget-impl.js:353:9)
      at invokeEventListeners (node_modules/jsdom/lib/jsdom/living/events/EventTarget-impl.js:286:3)
      at HTMLUnknownElementImpl._dispatch (node_modules/jsdom/lib/jsdom/living/events/EventTarget-impl.js:233:9)
      at HTMLUnknownElementImpl.dispatchEvent (node_modules/jsdom/lib/jsdom/living/events/EventTarget-impl.js:104:17)
      at HTMLUnknownElement.dispatchEvent (node_modules/jsdom/lib/jsdom/living/generated/EventTarget.js:241:34)
      at Object.invokeGuardedCallbackDev (node_modules/react-dom/cjs/react-dom.development.js:4213:16)
      at invokeGuardedCallback (node_modules/react-dom/cjs/react-dom.development.js:4277:31)
      at beginWork$1 (node_modules/react-dom/cjs/react-dom.development.js:27490:7)
      at performUnitOfWork (node_modules/react-dom/cjs/react-dom.development.js:26599:12)
      at workLoopSync (node_modules/react-dom/cjs/react-dom.development.js:26505:5)
      at renderRootSync (node_modules/react-dom/cjs/react-dom.development.js:26473:7)
      at recoverFromConcurrentError (node_modules/react-dom/cjs/react-dom.development.js:25889:20)
      at performConcurrentWorkOnRoot (node_modules/react-dom/cjs/react-dom.development.js:25789:22)
      at flushActQueue (node_modules/react/cjs/react.development.js:2667:24)
      at act (node_modules/react/cjs/react.development.js:2582:11)
      at node_modules/@testing-library/react/dist/act-compat.js:46:25
      at renderRoot (node_modules/@testing-library/react/dist/pure.js:189:26)
      at render (node_modules/@testing-library/react/dist/pure.js:291:10)
      at Object.<anonymous> (__tests__/components/navigation-dropdowns.test.tsx:373:13)

    console.error
      The above error occurred in the <NavigationDropdowns> component:
      
          at NavigationDropdowns (C:\Users\cscol\OneDrive\Desktop\Projects\ShopKeeper\components\shared\navigation-dropdowns.tsx:27:39)
      
      Consider adding an error boundary to your tree to customize error handling behavior.
      Visit https://reactjs.org/link/error-boundaries to learn more about error boundaries.

    [0m [90m 371 |[39m       })
     [90m 372 |[39m
    [31m[1m>[22m[39m[90m 373 |[39m       render([33m<[39m[33mNavigationDropdowns[39m [33m/[39m[33m>[39m)
     [90m     |[39m             [31m[1m^[22m[39m
     [90m 374 |[39m
     [90m 375 |[39m       [36mawait[39m waitFor(() [33m=>[39m {
     [90m 376 |[39m         expect(mockSupabase[33m.[39m[36mfrom[39m)[33m.[39mtoHaveBeenCalledWith([32m'towns'[39m)[0m

      at logCapturedError (node_modules/react-dom/cjs/react-dom.development.js:18704:23)
      at update.callback (node_modules/react-dom/cjs/react-dom.development.js:18737:5)
      at callCallback (node_modules/react-dom/cjs/react-dom.development.js:15036:12)
      at commitUpdateQueue (node_modules/react-dom/cjs/react-dom.development.js:15057:9)
      at commitLayoutEffectOnFiber (node_modules/react-dom/cjs/react-dom.development.js:23430:13)
      at commitLayoutMountEffects_complete (node_modules/react-dom/cjs/react-dom.development.js:24727:9)
      at commitLayoutEffects_begin (node_modules/react-dom/cjs/react-dom.development.js:24713:7)
      at commitLayoutEffects (node_modules/react-dom/cjs/react-dom.development.js:24651:3)
      at commitRootImpl (node_modules/react-dom/cjs/react-dom.development.js:26862:5)
      at commitRoot (node_modules/react-dom/cjs/react-dom.development.js:26721:5)
      at finishConcurrentRender (node_modules/react-dom/cjs/react-dom.development.js:25931:9)
      at performConcurrentWorkOnRoot (node_modules/react-dom/cjs/react-dom.development.js:25848:7)
      at flushActQueue (node_modules/react/cjs/react.development.js:2667:24)
      at act (node_modules/react/cjs/react.development.js:2582:11)
      at node_modules/@testing-library/react/dist/act-compat.js:46:25
      at renderRoot (node_modules/@testing-library/react/dist/pure.js:189:26)
      at render (node_modules/@testing-library/react/dist/pure.js:291:10)
      at Object.<anonymous> (__tests__/components/navigation-dropdowns.test.tsx:373:13)

    console.error
      Error: Uncaught [TypeError: (0 , _navigation.useSearchParams) is not a function]
          at reportException (C:\Users\cscol\OneDrive\Desktop\Projects\ShopKeeper\node_modules\jsdom\lib\jsdom\living\helpers\runtime-script-errors.js:66:24)
          at innerInvokeEventListeners (C:\Users\cscol\OneDrive\Desktop\Projects\ShopKeeper\node_modules\jsdom\lib\jsdom\living\events\EventTarget-impl.js:353:9)
          at invokeEventListeners (C:\Users\cscol\OneDrive\Desktop\Projects\ShopKeeper\node_modules\jsdom\lib\jsdom\living\events\EventTarget-impl.js:286:3)
          at HTMLUnknownElementImpl._dispatch (C:\Users\cscol\OneDrive\Desktop\Projects\ShopKeeper\node_modules\jsdom\lib\jsdom\living\events\EventTarget-impl.js:233:9)
          at HTMLUnknownElementImpl.dispatchEvent (C:\Users\cscol\OneDrive\Desktop\Projects\ShopKeeper\node_modules\jsdom\lib\jsdom\living\events\EventTarget-impl.js:104:17)
          at HTMLUnknownElement.dispatchEvent (C:\Users\cscol\OneDrive\Desktop\Projects\ShopKeeper\node_modules\jsdom\lib\jsdom\living\generated\EventTarget.js:241:34)
          at Object.invokeGuardedCallbackDev (C:\Users\cscol\OneDrive\Desktop\Projects\ShopKeeper\node_modules\react-dom\cjs\react-dom.development.js:4213:16)
          at invokeGuardedCallback (C:\Users\cscol\OneDrive\Desktop\Projects\ShopKeeper\node_modules\react-dom\cjs\react-dom.development.js:4277:31)
          at beginWork$1 (C:\Users\cscol\OneDrive\Desktop\Projects\ShopKeeper\node_modules\react-dom\cjs\react-dom.development.js:27490:7)
          at performUnitOfWork (C:\Users\cscol\OneDrive\Desktop\Projects\ShopKeeper\node_modules\react-dom\cjs\react-dom.development.js:26599:12)
          at workLoopSync (C:\Users\cscol\OneDrive\Desktop\Projects\ShopKeeper\node_modules\react-dom\cjs\react-dom.development.js:26505:5)
          at renderRootSync (C:\Users\cscol\OneDrive\Desktop\Projects\ShopKeeper\node_modules\react-dom\cjs\react-dom.development.js:26473:7)
          at performConcurrentWorkOnRoot (C:\Users\cscol\OneDrive\Desktop\Projects\ShopKeeper\node_modules\react-dom\cjs\react-dom.development.js:25777:74)
          at flushActQueue (C:\Users\cscol\OneDrive\Desktop\Projects\ShopKeeper\node_modules\react\cjs\react.development.js:2667:24)
          at act (C:\Users\cscol\OneDrive\Desktop\Projects\ShopKeeper\node_modules\react\cjs\react.development.js:2582:11)
          at C:\Users\cscol\OneDrive\Desktop\Projects\ShopKeeper\node_modules\@testing-library\react\dist\act-compat.js:46:25
          at renderRoot (C:\Users\cscol\OneDrive\Desktop\Projects\ShopKeeper\node_modules\@testing-library\react\dist\pure.js:189:26)
          at render (C:\Users\cscol\OneDrive\Desktop\Projects\ShopKeeper\node_modules\@testing-library\react\dist\pure.js:291:10)
          at Object.<anonymous> (C:\Users\cscol\OneDrive\Desktop\Projects\ShopKeeper\__tests__\components\navigation-dropdowns.test.tsx:411:13)
          at Promise.finally.completed (C:\Users\cscol\OneDrive\Desktop\Projects\ShopKeeper\node_modules\jest-circus\build\jestAdapterInit.js:1557:28)
          at new Promise (<anonymous>)
          at callAsyncCircusFn (C:\Users\cscol\OneDrive\Desktop\Projects\ShopKeeper\node_modules\jest-circus\build\jestAdapterInit.js:1497:10)
          at _callCircusTest (C:\Users\cscol\OneDrive\Desktop\Projects\ShopKeeper\node_modules\jest-circus\build\jestAdapterInit.js:1007:40)
          at _runTest (C:\Users\cscol\OneDrive\Desktop\Projects\ShopKeeper\node_modules\jest-circus\build\jestAdapterInit.js:947:3)
          at C:\Users\cscol\OneDrive\Desktop\Projects\ShopKeeper\node_modules\jest-circus\build\jestAdapterInit.js:849:7
          at _runTestsForDescribeBlock (C:\Users\cscol\OneDrive\Desktop\Projects\ShopKeeper\node_modules\jest-circus\build\jestAdapterInit.js:862:11)
          at _runTestsForDescribeBlock (C:\Users\cscol\OneDrive\Desktop\Projects\ShopKeeper\node_modules\jest-circus\build\jestAdapterInit.js:857:11)
          at _runTestsForDescribeBlock (C:\Users\cscol\OneDrive\Desktop\Projects\ShopKeeper\node_modules\jest-circus\build\jestAdapterInit.js:857:11)
          at run (C:\Users\cscol\OneDrive\Desktop\Projects\ShopKeeper\node_modules\jest-circus\build\jestAdapterInit.js:761:3)
          at runAndTransformResultsToJestFormat (C:\Users\cscol\OneDrive\Desktop\Projects\ShopKeeper\node_modules\jest-circus\build\jestAdapterInit.js:1918:21)
          at jestAdapter (C:\Users\cscol\OneDrive\Desktop\Projects\ShopKeeper\node_modules\jest-circus\build\runner.js:101:19)
          at runTestInternal (C:\Users\cscol\OneDrive\Desktop\Projects\ShopKeeper\node_modules\jest-runner\build\index.js:275:16)
          at runTest (C:\Users\cscol\OneDrive\Desktop\Projects\ShopKeeper\node_modules\jest-runner\build\index.js:343:7) {
        detail: TypeError: (0 , _navigation.useSearchParams) is not a function
            at NavigationDropdowns (C:\Users\cscol\OneDrive\Desktop\Projects\ShopKeeper\components\shared\navigation-dropdowns.tsx:27:39)
            at renderWithHooks (C:\Users\cscol\OneDrive\Desktop\Projects\ShopKeeper\node_modules\react-dom\cjs\react-dom.development.js:15486:18)
            at mountIndeterminateComponent (C:\Users\cscol\OneDrive\Desktop\Projects\ShopKeeper\node_modules\react-dom\cjs\react-dom.development.js:20103:13)
            at beginWork (C:\Users\cscol\OneDrive\Desktop\Projects\ShopKeeper\node_modules\react-dom\cjs\react-dom.development.js:21626:16)
            at HTMLUnknownElement.callCallback (C:\Users\cscol\OneDrive\Desktop\Projects\ShopKeeper\node_modules\react-dom\cjs\react-dom.development.js:4164:14)
            at HTMLUnknownElement.callTheUserObjectsOperation (C:\Users\cscol\OneDrive\Desktop\Projects\ShopKeeper\node_modules\jsdom\lib\jsdom\living\generated\EventListener.js:26:30)
            at innerInvokeEventListeners (C:\Users\cscol\OneDrive\Desktop\Projects\ShopKeeper\node_modules\jsdom\lib\jsdom\living\events\EventTarget-impl.js:350:25)
            at invokeEventListeners (C:\Users\cscol\OneDrive\Desktop\Projects\ShopKeeper\node_modules\jsdom\lib\jsdom\living\events\EventTarget-impl.js:286:3)
            at HTMLUnknownElementImpl._dispatch (C:\Users\cscol\OneDrive\Desktop\Projects\ShopKeeper\node_modules\jsdom\lib\jsdom\living\events\EventTarget-impl.js:233:9)
            at HTMLUnknownElementImpl.dispatchEvent (C:\Users\cscol\OneDrive\Desktop\Projects\ShopKeeper\node_modules\jsdom\lib\jsdom\living\events\EventTarget-impl.js:104:17)
            at HTMLUnknownElement.dispatchEvent (C:\Users\cscol\OneDrive\Desktop\Projects\ShopKeeper\node_modules\jsdom\lib\jsdom\living\generated\EventTarget.js:241:34)
            at Object.invokeGuardedCallbackDev (C:\Users\cscol\OneDrive\Desktop\Projects\ShopKeeper\node_modules\react-dom\cjs\react-dom.development.js:4213:16)
            at invokeGuardedCallback (C:\Users\cscol\OneDrive\Desktop\Projects\ShopKeeper\node_modules\react-dom\cjs\react-dom.development.js:4277:31)
            at beginWork$1 (C:\Users\cscol\OneDrive\Desktop\Projects\ShopKeeper\node_modules\react-dom\cjs\react-dom.development.js:27490:7)
            at performUnitOfWork (C:\Users\cscol\OneDrive\Desktop\Projects\ShopKeeper\node_modules\react-dom\cjs\react-dom.development.js:26599:12)
            at workLoopSync (C:\Users\cscol\OneDrive\Desktop\Projects\ShopKeeper\node_modules\react-dom\cjs\react-dom.development.js:26505:5)
            at renderRootSync (C:\Users\cscol\OneDrive\Desktop\Projects\ShopKeeper\node_modules\react-dom\cjs\react-dom.development.js:26473:7)
            at performConcurrentWorkOnRoot (C:\Users\cscol\OneDrive\Desktop\Projects\ShopKeeper\node_modules\react-dom\cjs\react-dom.development.js:25777:74)
            at flushActQueue (C:\Users\cscol\OneDrive\Desktop\Projects\ShopKeeper\node_modules\react\cjs\react.development.js:2667:24)
            at act (C:\Users\cscol\OneDrive\Desktop\Projects\ShopKeeper\node_modules\react\cjs\react.development.js:2582:11)
            at C:\Users\cscol\OneDrive\Desktop\Projects\ShopKeeper\node_modules\@testing-library\react\dist\act-compat.js:46:25
            at renderRoot (C:\Users\cscol\OneDrive\Desktop\Projects\ShopKeeper\node_modules\@testing-library\react\dist\pure.js:189:26)
            at render (C:\Users\cscol\OneDrive\Desktop\Projects\ShopKeeper\node_modules\@testing-library\react\dist\pure.js:291:10)
            at Object.<anonymous> (C:\Users\cscol\OneDrive\Desktop\Projects\ShopKeeper\__tests__\components\navigation-dropdowns.test.tsx:411:13)
            at Promise.finally.completed (C:\Users\cscol\OneDrive\Desktop\Projects\ShopKeeper\node_modules\jest-circus\build\jestAdapterInit.js:1557:28)
            at new Promise (<anonymous>)
            at callAsyncCircusFn (C:\Users\cscol\OneDrive\Desktop\Projects\ShopKeeper\node_modules\jest-circus\build\jestAdapterInit.js:1497:10)
            at _callCircusTest (C:\Users\cscol\OneDrive\Desktop\Projects\ShopKeeper\node_modules\jest-circus\build\jestAdapterInit.js:1007:40)
            at _runTest (C:\Users\cscol\OneDrive\Desktop\Projects\ShopKeeper\node_modules\jest-circus\build\jestAdapterInit.js:947:3)
            at C:\Users\cscol\OneDrive\Desktop\Projects\ShopKeeper\node_modules\jest-circus\build\jestAdapterInit.js:849:7
            at _runTestsForDescribeBlock (C:\Users\cscol\OneDrive\Desktop\Projects\ShopKeeper\node_modules\jest-circus\build\jestAdapterInit.js:862:11)
            at _runTestsForDescribeBlock (C:\Users\cscol\OneDrive\Desktop\Projects\ShopKeeper\node_modules\jest-circus\build\jestAdapterInit.js:857:11)
            at _runTestsForDescribeBlock (C:\Users\cscol\OneDrive\Desktop\Projects\ShopKeeper\node_modules\jest-circus\build\jestAdapterInit.js:857:11)
            at run (C:\Users\cscol\OneDrive\Desktop\Projects\ShopKeeper\node_modules\jest-circus\build\jestAdapterInit.js:761:3)
            at runAndTransformResultsToJestFormat (C:\Users\cscol\OneDrive\Desktop\Projects\ShopKeeper\node_modules\jest-circus\build\jestAdapterInit.js:1918:21)
            at jestAdapter (C:\Users\cscol\OneDrive\Desktop\Projects\ShopKeeper\node_modules\jest-circus\build\runner.js:101:19)
            at runTestInternal (C:\Users\cscol\OneDrive\Desktop\Projects\ShopKeeper\node_modules\jest-runner\build\index.js:275:16)
            at runTest (C:\Users\cscol\OneDrive\Desktop\Projects\ShopKeeper\node_modules\jest-runner\build\index.js:343:7),
        type: 'unhandled exception'
      }

    [0m [90m 409 |[39m       })
     [90m 410 |[39m
    [31m[1m>[22m[39m[90m 411 |[39m       render([33m<[39m[33mNavigationDropdowns[39m [33m/[39m[33m>[39m)
     [90m     |[39m             [31m[1m^[22m[39m
     [90m 412 |[39m
     [90m 413 |[39m       [36mawait[39m waitFor(() [33m=>[39m {
     [90m 414 |[39m         expect(mockSupabase[33m.[39m[36mfrom[39m)[33m.[39mtoHaveBeenCalledWith([32m'shops'[39m)[0m

      at VirtualConsole.<anonymous> (node_modules/@jest/environment-jsdom-abstract/build/index.js:87:23)
      at reportException (node_modules/jsdom/lib/jsdom/living/helpers/runtime-script-errors.js:70:28)
      at innerInvokeEventListeners (node_modules/jsdom/lib/jsdom/living/events/EventTarget-impl.js:353:9)
      at invokeEventListeners (node_modules/jsdom/lib/jsdom/living/events/EventTarget-impl.js:286:3)
      at HTMLUnknownElementImpl._dispatch (node_modules/jsdom/lib/jsdom/living/events/EventTarget-impl.js:233:9)
      at HTMLUnknownElementImpl.dispatchEvent (node_modules/jsdom/lib/jsdom/living/events/EventTarget-impl.js:104:17)
      at HTMLUnknownElement.dispatchEvent (node_modules/jsdom/lib/jsdom/living/generated/EventTarget.js:241:34)
      at Object.invokeGuardedCallbackDev (node_modules/react-dom/cjs/react-dom.development.js:4213:16)
      at invokeGuardedCallback (node_modules/react-dom/cjs/react-dom.development.js:4277:31)
      at beginWork$1 (node_modules/react-dom/cjs/react-dom.development.js:27490:7)
      at performUnitOfWork (node_modules/react-dom/cjs/react-dom.development.js:26599:12)
      at workLoopSync (node_modules/react-dom/cjs/react-dom.development.js:26505:5)
      at renderRootSync (node_modules/react-dom/cjs/react-dom.development.js:26473:7)
      at performConcurrentWorkOnRoot (node_modules/react-dom/cjs/react-dom.development.js:25777:74)
      at flushActQueue (node_modules/react/cjs/react.development.js:2667:24)
      at act (node_modules/react/cjs/react.development.js:2582:11)
      at node_modules/@testing-library/react/dist/act-compat.js:46:25
      at renderRoot (node_modules/@testing-library/react/dist/pure.js:189:26)
      at render (node_modules/@testing-library/react/dist/pure.js:291:10)
      at Object.<anonymous> (__tests__/components/navigation-dropdowns.test.tsx:411:13)

    console.error
      Error: Uncaught [TypeError: (0 , _navigation.useSearchParams) is not a function]
          at reportException (C:\Users\cscol\OneDrive\Desktop\Projects\ShopKeeper\node_modules\jsdom\lib\jsdom\living\helpers\runtime-script-errors.js:66:24)
          at innerInvokeEventListeners (C:\Users\cscol\OneDrive\Desktop\Projects\ShopKeeper\node_modules\jsdom\lib\jsdom\living\events\EventTarget-impl.js:353:9)
          at invokeEventListeners (C:\Users\cscol\OneDrive\Desktop\Projects\ShopKeeper\node_modules\jsdom\lib\jsdom\living\events\EventTarget-impl.js:286:3)
          at HTMLUnknownElementImpl._dispatch (C:\Users\cscol\OneDrive\Desktop\Projects\ShopKeeper\node_modules\jsdom\lib\jsdom\living\events\EventTarget-impl.js:233:9)
          at HTMLUnknownElementImpl.dispatchEvent (C:\Users\cscol\OneDrive\Desktop\Projects\ShopKeeper\node_modules\jsdom\lib\jsdom\living\events\EventTarget-impl.js:104:17)
          at HTMLUnknownElement.dispatchEvent (C:\Users\cscol\OneDrive\Desktop\Projects\ShopKeeper\node_modules\jsdom\lib\jsdom\living\generated\EventTarget.js:241:34)
          at Object.invokeGuardedCallbackDev (C:\Users\cscol\OneDrive\Desktop\Projects\ShopKeeper\node_modules\react-dom\cjs\react-dom.development.js:4213:16)
          at invokeGuardedCallback (C:\Users\cscol\OneDrive\Desktop\Projects\ShopKeeper\node_modules\react-dom\cjs\react-dom.development.js:4277:31)
          at beginWork$1 (C:\Users\cscol\OneDrive\Desktop\Projects\ShopKeeper\node_modules\react-dom\cjs\react-dom.development.js:27490:7)
          at performUnitOfWork (C:\Users\cscol\OneDrive\Desktop\Projects\ShopKeeper\node_modules\react-dom\cjs\react-dom.development.js:26599:12)
          at workLoopSync (C:\Users\cscol\OneDrive\Desktop\Projects\ShopKeeper\node_modules\react-dom\cjs\react-dom.development.js:26505:5)
          at renderRootSync (C:\Users\cscol\OneDrive\Desktop\Projects\ShopKeeper\node_modules\react-dom\cjs\react-dom.development.js:26473:7)
          at recoverFromConcurrentError (C:\Users\cscol\OneDrive\Desktop\Projects\ShopKeeper\node_modules\react-dom\cjs\react-dom.development.js:25889:20)
          at performConcurrentWorkOnRoot (C:\Users\cscol\OneDrive\Desktop\Projects\ShopKeeper\node_modules\react-dom\cjs\react-dom.development.js:25789:22)
          at flushActQueue (C:\Users\cscol\OneDrive\Desktop\Projects\ShopKeeper\node_modules\react\cjs\react.development.js:2667:24)
          at act (C:\Users\cscol\OneDrive\Desktop\Projects\ShopKeeper\node_modules\react\cjs\react.development.js:2582:11)
          at C:\Users\cscol\OneDrive\Desktop\Projects\ShopKeeper\node_modules\@testing-library\react\dist\act-compat.js:46:25
          at renderRoot (C:\Users\cscol\OneDrive\Desktop\Projects\ShopKeeper\node_modules\@testing-library\react\dist\pure.js:189:26)
          at render (C:\Users\cscol\OneDrive\Desktop\Projects\ShopKeeper\node_modules\@testing-library\react\dist\pure.js:291:10)
          at Object.<anonymous> (C:\Users\cscol\OneDrive\Desktop\Projects\ShopKeeper\__tests__\components\navigation-dropdowns.test.tsx:411:13)
          at Promise.finally.completed (C:\Users\cscol\OneDrive\Desktop\Projects\ShopKeeper\node_modules\jest-circus\build\jestAdapterInit.js:1557:28)
          at new Promise (<anonymous>)
          at callAsyncCircusFn (C:\Users\cscol\OneDrive\Desktop\Projects\ShopKeeper\node_modules\jest-circus\build\jestAdapterInit.js:1497:10)
          at _callCircusTest (C:\Users\cscol\OneDrive\Desktop\Projects\ShopKeeper\node_modules\jest-circus\build\jestAdapterInit.js:1007:40)
          at _runTest (C:\Users\cscol\OneDrive\Desktop\Projects\ShopKeeper\node_modules\jest-circus\build\jestAdapterInit.js:947:3)
          at C:\Users\cscol\OneDrive\Desktop\Projects\ShopKeeper\node_modules\jest-circus\build\jestAdapterInit.js:849:7
          at _runTestsForDescribeBlock (C:\Users\cscol\OneDrive\Desktop\Projects\ShopKeeper\node_modules\jest-circus\build\jestAdapterInit.js:862:11)
          at _runTestsForDescribeBlock (C:\Users\cscol\OneDrive\Desktop\Projects\ShopKeeper\node_modules\jest-circus\build\jestAdapterInit.js:857:11)
          at _runTestsForDescribeBlock (C:\Users\cscol\OneDrive\Desktop\Projects\ShopKeeper\node_modules\jest-circus\build\jestAdapterInit.js:857:11)
          at run (C:\Users\cscol\OneDrive\Desktop\Projects\ShopKeeper\node_modules\jest-circus\build\jestAdapterInit.js:761:3)
          at runAndTransformResultsToJestFormat (C:\Users\cscol\OneDrive\Desktop\Projects\ShopKeeper\node_modules\jest-circus\build\jestAdapterInit.js:1918:21)
          at jestAdapter (C:\Users\cscol\OneDrive\Desktop\Projects\ShopKeeper\node_modules\jest-circus\build\runner.js:101:19)
          at runTestInternal (C:\Users\cscol\OneDrive\Desktop\Projects\ShopKeeper\node_modules\jest-runner\build\index.js:275:16)
          at runTest (C:\Users\cscol\OneDrive\Desktop\Projects\ShopKeeper\node_modules\jest-runner\build\index.js:343:7) {
        detail: TypeError: (0 , _navigation.useSearchParams) is not a function
            at NavigationDropdowns (C:\Users\cscol\OneDrive\Desktop\Projects\ShopKeeper\components\shared\navigation-dropdowns.tsx:27:39)
            at renderWithHooks (C:\Users\cscol\OneDrive\Desktop\Projects\ShopKeeper\node_modules\react-dom\cjs\react-dom.development.js:15486:18)
            at mountIndeterminateComponent (C:\Users\cscol\OneDrive\Desktop\Projects\ShopKeeper\node_modules\react-dom\cjs\react-dom.development.js:20103:13)
            at beginWork (C:\Users\cscol\OneDrive\Desktop\Projects\ShopKeeper\node_modules\react-dom\cjs\react-dom.development.js:21626:16)
            at HTMLUnknownElement.callCallback (C:\Users\cscol\OneDrive\Desktop\Projects\ShopKeeper\node_modules\react-dom\cjs\react-dom.development.js:4164:14)
            at HTMLUnknownElement.callTheUserObjectsOperation (C:\Users\cscol\OneDrive\Desktop\Projects\ShopKeeper\node_modules\jsdom\lib\jsdom\living\generated\EventListener.js:26:30)
            at innerInvokeEventListeners (C:\Users\cscol\OneDrive\Desktop\Projects\ShopKeeper\node_modules\jsdom\lib\jsdom\living\events\EventTarget-impl.js:350:25)
            at invokeEventListeners (C:\Users\cscol\OneDrive\Desktop\Projects\ShopKeeper\node_modules\jsdom\lib\jsdom\living\events\EventTarget-impl.js:286:3)
            at HTMLUnknownElementImpl._dispatch (C:\Users\cscol\OneDrive\Desktop\Projects\ShopKeeper\node_modules\jsdom\lib\jsdom\living\events\EventTarget-impl.js:233:9)
            at HTMLUnknownElementImpl.dispatchEvent (C:\Users\cscol\OneDrive\Desktop\Projects\ShopKeeper\node_modules\jsdom\lib\jsdom\living\events\EventTarget-impl.js:104:17)
            at HTMLUnknownElement.dispatchEvent (C:\Users\cscol\OneDrive\Desktop\Projects\ShopKeeper\node_modules\jsdom\lib\jsdom\living\generated\EventTarget.js:241:34)
            at Object.invokeGuardedCallbackDev (C:\Users\cscol\OneDrive\Desktop\Projects\ShopKeeper\node_modules\react-dom\cjs\react-dom.development.js:4213:16)
            at invokeGuardedCallback (C:\Users\cscol\OneDrive\Desktop\Projects\ShopKeeper\node_modules\react-dom\cjs\react-dom.development.js:4277:31)
            at beginWork$1 (C:\Users\cscol\OneDrive\Desktop\Projects\ShopKeeper\node_modules\react-dom\cjs\react-dom.development.js:27490:7)
            at performUnitOfWork (C:\Users\cscol\OneDrive\Desktop\Projects\ShopKeeper\node_modules\react-dom\cjs\react-dom.development.js:26599:12)
            at workLoopSync (C:\Users\cscol\OneDrive\Desktop\Projects\ShopKeeper\node_modules\react-dom\cjs\react-dom.development.js:26505:5)
            at renderRootSync (C:\Users\cscol\OneDrive\Desktop\Projects\ShopKeeper\node_modules\react-dom\cjs\react-dom.development.js:26473:7)
            at recoverFromConcurrentError (C:\Users\cscol\OneDrive\Desktop\Projects\ShopKeeper\node_modules\react-dom\cjs\react-dom.development.js:25889:20)
            at performConcurrentWorkOnRoot (C:\Users\cscol\OneDrive\Desktop\Projects\ShopKeeper\node_modules\react-dom\cjs\react-dom.development.js:25789:22)
            at flushActQueue (C:\Users\cscol\OneDrive\Desktop\Projects\ShopKeeper\node_modules\react\cjs\react.development.js:2667:24)
            at act (C:\Users\cscol\OneDrive\Desktop\Projects\ShopKeeper\node_modules\react\cjs\react.development.js:2582:11)
            at C:\Users\cscol\OneDrive\Desktop\Projects\ShopKeeper\node_modules\@testing-library\react\dist\act-compat.js:46:25
            at renderRoot (C:\Users\cscol\OneDrive\Desktop\Projects\ShopKeeper\node_modules\@testing-library\react\dist\pure.js:189:26)
            at render (C:\Users\cscol\OneDrive\Desktop\Projects\ShopKeeper\node_modules\@testing-library\react\dist\pure.js:291:10)
            at Object.<anonymous> (C:\Users\cscol\OneDrive\Desktop\Projects\ShopKeeper\__tests__\components\navigation-dropdowns.test.tsx:411:13)
            at Promise.finally.completed (C:\Users\cscol\OneDrive\Desktop\Projects\ShopKeeper\node_modules\jest-circus\build\jestAdapterInit.js:1557:28)
            at new Promise (<anonymous>)
            at callAsyncCircusFn (C:\Users\cscol\OneDrive\Desktop\Projects\ShopKeeper\node_modules\jest-circus\build\jestAdapterInit.js:1497:10)
            at _callCircusTest (C:\Users\cscol\OneDrive\Desktop\Projects\ShopKeeper\node_modules\jest-circus\build\jestAdapterInit.js:1007:40)
            at _runTest (C:\Users\cscol\OneDrive\Desktop\Projects\ShopKeeper\node_modules\jest-circus\build\jestAdapterInit.js:947:3)
            at C:\Users\cscol\OneDrive\Desktop\Projects\ShopKeeper\node_modules\jest-circus\build\jestAdapterInit.js:849:7
            at _runTestsForDescribeBlock (C:\Users\cscol\OneDrive\Desktop\Projects\ShopKeeper\node_modules\jest-circus\build\jestAdapterInit.js:862:11)
            at _runTestsForDescribeBlock (C:\Users\cscol\OneDrive\Desktop\Projects\ShopKeeper\node_modules\jest-circus\build\jestAdapterInit.js:857:11)
            at _runTestsForDescribeBlock (C:\Users\cscol\OneDrive\Desktop\Projects\ShopKeeper\node_modules\jest-circus\build\jestAdapterInit.js:857:11)
            at run (C:\Users\cscol\OneDrive\Desktop\Projects\ShopKeeper\node_modules\jest-circus\build\jestAdapterInit.js:761:3)
            at runAndTransformResultsToJestFormat (C:\Users\cscol\OneDrive\Desktop\Projects\ShopKeeper\node_modules\jest-circus\build\jestAdapterInit.js:1918:21)
            at jestAdapter (C:\Users\cscol\OneDrive\Desktop\Projects\ShopKeeper\node_modules\jest-circus\build\runner.js:101:19)
            at runTestInternal (C:\Users\cscol\OneDrive\Desktop\Projects\ShopKeeper\node_modules\jest-runner\build\index.js:275:16)
            at runTest (C:\Users\cscol\OneDrive\Desktop\Projects\ShopKeeper\node_modules\jest-runner\build\index.js:343:7),
        type: 'unhandled exception'
      }

    [0m [90m 409 |[39m       })
     [90m 410 |[39m
    [31m[1m>[22m[39m[90m 411 |[39m       render([33m<[39m[33mNavigationDropdowns[39m [33m/[39m[33m>[39m)
     [90m     |[39m             [31m[1m^[22m[39m
     [90m 412 |[39m
     [90m 413 |[39m       [36mawait[39m waitFor(() [33m=>[39m {
     [90m 414 |[39m         expect(mockSupabase[33m.[39m[36mfrom[39m)[33m.[39mtoHaveBeenCalledWith([32m'shops'[39m)[0m

      at VirtualConsole.<anonymous> (node_modules/@jest/environment-jsdom-abstract/build/index.js:87:23)
      at reportException (node_modules/jsdom/lib/jsdom/living/helpers/runtime-script-errors.js:70:28)
      at innerInvokeEventListeners (node_modules/jsdom/lib/jsdom/living/events/EventTarget-impl.js:353:9)
      at invokeEventListeners (node_modules/jsdom/lib/jsdom/living/events/EventTarget-impl.js:286:3)
      at HTMLUnknownElementImpl._dispatch (node_modules/jsdom/lib/jsdom/living/events/EventTarget-impl.js:233:9)
      at HTMLUnknownElementImpl.dispatchEvent (node_modules/jsdom/lib/jsdom/living/events/EventTarget-impl.js:104:17)
      at HTMLUnknownElement.dispatchEvent (node_modules/jsdom/lib/jsdom/living/generated/EventTarget.js:241:34)
      at Object.invokeGuardedCallbackDev (node_modules/react-dom/cjs/react-dom.development.js:4213:16)
      at invokeGuardedCallback (node_modules/react-dom/cjs/react-dom.development.js:4277:31)
      at beginWork$1 (node_modules/react-dom/cjs/react-dom.development.js:27490:7)
      at performUnitOfWork (node_modules/react-dom/cjs/react-dom.development.js:26599:12)
      at workLoopSync (node_modules/react-dom/cjs/react-dom.development.js:26505:5)
      at renderRootSync (node_modules/react-dom/cjs/react-dom.development.js:26473:7)
      at recoverFromConcurrentError (node_modules/react-dom/cjs/react-dom.development.js:25889:20)
      at performConcurrentWorkOnRoot (node_modules/react-dom/cjs/react-dom.development.js:25789:22)
      at flushActQueue (node_modules/react/cjs/react.development.js:2667:24)
      at act (node_modules/react/cjs/react.development.js:2582:11)
      at node_modules/@testing-library/react/dist/act-compat.js:46:25
      at renderRoot (node_modules/@testing-library/react/dist/pure.js:189:26)
      at render (node_modules/@testing-library/react/dist/pure.js:291:10)
      at Object.<anonymous> (__tests__/components/navigation-dropdowns.test.tsx:411:13)

    console.error
      The above error occurred in the <NavigationDropdowns> component:
      
          at NavigationDropdowns (C:\Users\cscol\OneDrive\Desktop\Projects\ShopKeeper\components\shared\navigation-dropdowns.tsx:27:39)
      
      Consider adding an error boundary to your tree to customize error handling behavior.
      Visit https://reactjs.org/link/error-boundaries to learn more about error boundaries.

    [0m [90m 409 |[39m       })
     [90m 410 |[39m
    [31m[1m>[22m[39m[90m 411 |[39m       render([33m<[39m[33mNavigationDropdowns[39m [33m/[39m[33m>[39m)
     [90m     |[39m             [31m[1m^[22m[39m
     [90m 412 |[39m
     [90m 413 |[39m       [36mawait[39m waitFor(() [33m=>[39m {
     [90m 414 |[39m         expect(mockSupabase[33m.[39m[36mfrom[39m)[33m.[39mtoHaveBeenCalledWith([32m'shops'[39m)[0m

      at logCapturedError (node_modules/react-dom/cjs/react-dom.development.js:18704:23)
      at update.callback (node_modules/react-dom/cjs/react-dom.development.js:18737:5)
      at callCallback (node_modules/react-dom/cjs/react-dom.development.js:15036:12)
      at commitUpdateQueue (node_modules/react-dom/cjs/react-dom.development.js:15057:9)
      at commitLayoutEffectOnFiber (node_modules/react-dom/cjs/react-dom.development.js:23430:13)
      at commitLayoutMountEffects_complete (node_modules/react-dom/cjs/react-dom.development.js:24727:9)
      at commitLayoutEffects_begin (node_modules/react-dom/cjs/react-dom.development.js:24713:7)
      at commitLayoutEffects (node_modules/react-dom/cjs/react-dom.development.js:24651:3)
      at commitRootImpl (node_modules/react-dom/cjs/react-dom.development.js:26862:5)
      at commitRoot (node_modules/react-dom/cjs/react-dom.development.js:26721:5)
      at finishConcurrentRender (node_modules/react-dom/cjs/react-dom.development.js:25931:9)
      at performConcurrentWorkOnRoot (node_modules/react-dom/cjs/react-dom.development.js:25848:7)
      at flushActQueue (node_modules/react/cjs/react.development.js:2667:24)
      at act (node_modules/react/cjs/react.development.js:2582:11)
      at node_modules/@testing-library/react/dist/act-compat.js:46:25
      at renderRoot (node_modules/@testing-library/react/dist/pure.js:189:26)
      at render (node_modules/@testing-library/react/dist/pure.js:291:10)
      at Object.<anonymous> (__tests__/components/navigation-dropdowns.test.tsx:411:13)

  ΓùÅ NavigationDropdowns ΓÇ║ Campaign Deletion Handling ΓÇ║ should switch to first campaign when selected campaign is deleted

    TypeError: (0 , _navigation.useSearchParams) is not a function

    [0m [90m 25 |[39m   [36mconst[39m router [33m=[39m useRouter()
     [90m 26 |[39m   [36mconst[39m pathname [33m=[39m usePathname()
    [31m[1m>[22m[39m[90m 27 |[39m   [36mconst[39m searchParams [33m=[39m useSearchParams()
     [90m    |[39m                                       [31m[1m^[22m[39m
     [90m 28 |[39m   [36mconst[39m [campaigns[33m,[39m setCampaigns] [33m=[39m useState[33m<[39m[33mCampaign[39m[][33m>[39m([])
     [90m 29 |[39m   [36mconst[39m [towns[33m,[39m setTowns] [33m=[39m useState[33m<[39m[33mTown[39m[][33m>[39m([])
     [90m 30 |[39m   [36mconst[39m [shops[33m,[39m setShops] [33m=[39m useState[33m<[39m[33mShop[39m[][33m>[39m([])[0m

      at NavigationDropdowns (components/shared/navigation-dropdowns.tsx:27:39)
      at renderWithHooks (node_modules/react-dom/cjs/react-dom.development.js:15486:18)
      at mountIndeterminateComponent (node_modules/react-dom/cjs/react-dom.development.js:20103:13)
      at beginWork (node_modules/react-dom/cjs/react-dom.development.js:21626:16)
      at beginWork$1 (node_modules/react-dom/cjs/react-dom.development.js:27465:14)
      at performUnitOfWork (node_modules/react-dom/cjs/react-dom.development.js:26599:12)
      at workLoopSync (node_modules/react-dom/cjs/react-dom.development.js:26505:5)
      at renderRootSync (node_modules/react-dom/cjs/react-dom.development.js:26473:7)
      at recoverFromConcurrentError (node_modules/react-dom/cjs/react-dom.development.js:25889:20)
      at performConcurrentWorkOnRoot (node_modules/react-dom/cjs/react-dom.development.js:25789:22)
      at flushActQueue (node_modules/react/cjs/react.development.js:2667:24)
      at act (node_modules/react/cjs/react.development.js:2582:11)
      at node_modules/@testing-library/react/dist/act-compat.js:46:25
      at renderRoot (node_modules/@testing-library/react/dist/pure.js:189:26)
      at render (node_modules/@testing-library/react/dist/pure.js:291:10)
      at Object.<anonymous> (__tests__/components/navigation-dropdowns.test.tsx:92:34)

  ΓùÅ NavigationDropdowns ΓÇ║ Campaign Deletion Handling ΓÇ║ should clear all data when last campaign is deleted

    TypeError: (0 , _navigation.useSearchParams) is not a function

    [0m [90m 25 |[39m   [36mconst[39m router [33m=[39m useRouter()
     [90m 26 |[39m   [36mconst[39m pathname [33m=[39m usePathname()
    [31m[1m>[22m[39m[90m 27 |[39m   [36mconst[39m searchParams [33m=[39m useSearchParams()
     [90m    |[39m                                       [31m[1m^[22m[39m
     [90m 28 |[39m   [36mconst[39m [campaigns[33m,[39m setCampaigns] [33m=[39m useState[33m<[39m[33mCampaign[39m[][33m>[39m([])
     [90m 29 |[39m   [36mconst[39m [towns[33m,[39m setTowns] [33m=[39m useState[33m<[39m[33mTown[39m[][33m>[39m([])
     [90m 30 |[39m   [36mconst[39m [shops[33m,[39m setShops] [33m=[39m useState[33m<[39m[33mShop[39m[][33m>[39m([])[0m

      at NavigationDropdowns (components/shared/navigation-dropdowns.tsx:27:39)
      at renderWithHooks (node_modules/react-dom/cjs/react-dom.development.js:15486:18)
      at mountIndeterminateComponent (node_modules/react-dom/cjs/react-dom.development.js:20103:13)
      at beginWork (node_modules/react-dom/cjs/react-dom.development.js:21626:16)
      at beginWork$1 (node_modules/react-dom/cjs/react-dom.development.js:27465:14)
      at performUnitOfWork (node_modules/react-dom/cjs/react-dom.development.js:26599:12)
      at workLoopSync (node_modules/react-dom/cjs/react-dom.development.js:26505:5)
      at renderRootSync (node_modules/react-dom/cjs/react-dom.development.js:26473:7)
      at recoverFromConcurrentError (node_modules/react-dom/cjs/react-dom.development.js:25889:20)
      at performConcurrentWorkOnRoot (node_modules/react-dom/cjs/react-dom.development.js:25789:22)
      at flushActQueue (node_modules/react/cjs/react.development.js:2667:24)
      at act (node_modules/react/cjs/react.development.js:2582:11)
      at node_modules/@testing-library/react/dist/act-compat.js:46:25
      at renderRoot (node_modules/@testing-library/react/dist/pure.js:189:26)
      at render (node_modules/@testing-library/react/dist/pure.js:291:10)
      at Object.<anonymous> (__tests__/components/navigation-dropdowns.test.tsx:164:34)

  ΓùÅ NavigationDropdowns ΓÇ║ Campaign Deletion Handling ΓÇ║ should subscribe to realtime campaign changes

    TypeError: (0 , _navigation.useSearchParams) is not a function

    [0m [90m 25 |[39m   [36mconst[39m router [33m=[39m useRouter()
     [90m 26 |[39m   [36mconst[39m pathname [33m=[39m usePathname()
    [31m[1m>[22m[39m[90m 27 |[39m   [36mconst[39m searchParams [33m=[39m useSearchParams()
     [90m    |[39m                                       [31m[1m^[22m[39m
     [90m 28 |[39m   [36mconst[39m [campaigns[33m,[39m setCampaigns] [33m=[39m useState[33m<[39m[33mCampaign[39m[][33m>[39m([])
     [90m 29 |[39m   [36mconst[39m [towns[33m,[39m setTowns] [33m=[39m useState[33m<[39m[33mTown[39m[][33m>[39m([])
     [90m 30 |[39m   [36mconst[39m [shops[33m,[39m setShops] [33m=[39m useState[33m<[39m[33mShop[39m[][33m>[39m([])[0m

      at NavigationDropdowns (components/shared/navigation-dropdowns.tsx:27:39)
      at renderWithHooks (node_modules/react-dom/cjs/react-dom.development.js:15486:18)
      at mountIndeterminateComponent (node_modules/react-dom/cjs/react-dom.development.js:20103:13)
      at beginWork (node_modules/react-dom/cjs/react-dom.development.js:21626:16)
      at beginWork$1 (node_modules/react-dom/cjs/react-dom.development.js:27465:14)
      at performUnitOfWork (node_modules/react-dom/cjs/react-dom.development.js:26599:12)
      at workLoopSync (node_modules/react-dom/cjs/react-dom.development.js:26505:5)
      at renderRootSync (node_modules/react-dom/cjs/react-dom.development.js:26473:7)
      at recoverFromConcurrentError (node_modules/react-dom/cjs/react-dom.development.js:25889:20)
      at performConcurrentWorkOnRoot (node_modules/react-dom/cjs/react-dom.development.js:25789:22)
      at flushActQueue (node_modules/react/cjs/react.development.js:2667:24)
      at act (node_modules/react/cjs/react.development.js:2582:11)
      at node_modules/@testing-library/react/dist/act-compat.js:46:25
      at renderRoot (node_modules/@testing-library/react/dist/pure.js:189:26)
      at render (node_modules/@testing-library/react/dist/pure.js:291:10)
      at Object.<anonymous> (__tests__/components/navigation-dropdowns.test.tsx:213:13)

  ΓùÅ NavigationDropdowns ΓÇ║ Campaign Selection ΓÇ║ should detect campaign from URL

    TypeError: (0 , _navigation.useSearchParams) is not a function

    [0m [90m 25 |[39m   [36mconst[39m router [33m=[39m useRouter()
     [90m 26 |[39m   [36mconst[39m pathname [33m=[39m usePathname()
    [31m[1m>[22m[39m[90m 27 |[39m   [36mconst[39m searchParams [33m=[39m useSearchParams()
     [90m    |[39m                                       [31m[1m^[22m[39m
     [90m 28 |[39m   [36mconst[39m [campaigns[33m,[39m setCampaigns] [33m=[39m useState[33m<[39m[33mCampaign[39m[][33m>[39m([])
     [90m 29 |[39m   [36mconst[39m [towns[33m,[39m setTowns] [33m=[39m useState[33m<[39m[33mTown[39m[][33m>[39m([])
     [90m 30 |[39m   [36mconst[39m [shops[33m,[39m setShops] [33m=[39m useState[33m<[39m[33mShop[39m[][33m>[39m([])[0m

      at NavigationDropdowns (components/shared/navigation-dropdowns.tsx:27:39)
      at renderWithHooks (node_modules/react-dom/cjs/react-dom.development.js:15486:18)
      at mountIndeterminateComponent (node_modules/react-dom/cjs/react-dom.development.js:20103:13)
      at beginWork (node_modules/react-dom/cjs/react-dom.development.js:21626:16)
      at beginWork$1 (node_modules/react-dom/cjs/react-dom.development.js:27465:14)
      at performUnitOfWork (node_modules/react-dom/cjs/react-dom.development.js:26599:12)
      at workLoopSync (node_modules/react-dom/cjs/react-dom.development.js:26505:5)
      at renderRootSync (node_modules/react-dom/cjs/react-dom.development.js:26473:7)
      at recoverFromConcurrentError (node_modules/react-dom/cjs/react-dom.development.js:25889:20)
      at performConcurrentWorkOnRoot (node_modules/react-dom/cjs/react-dom.development.js:25789:22)
      at flushActQueue (node_modules/react/cjs/react.development.js:2667:24)
      at act (node_modules/react/cjs/react.development.js:2582:11)
      at node_modules/@testing-library/react/dist/act-compat.js:46:25
      at renderRoot (node_modules/@testing-library/react/dist/pure.js:189:26)
      at render (node_modules/@testing-library/react/dist/pure.js:291:10)
      at Object.<anonymous> (__tests__/components/navigation-dropdowns.test.tsx:269:13)

  ΓùÅ NavigationDropdowns ΓÇ║ Campaign Selection ΓÇ║ should fallback to first campaign if URL campaign not found

    TypeError: (0 , _navigation.useSearchParams) is not a function

    [0m [90m 25 |[39m   [36mconst[39m router [33m=[39m useRouter()
     [90m 26 |[39m   [36mconst[39m pathname [33m=[39m usePathname()
    [31m[1m>[22m[39m[90m 27 |[39m   [36mconst[39m searchParams [33m=[39m useSearchParams()
     [90m    |[39m                                       [31m[1m^[22m[39m
     [90m 28 |[39m   [36mconst[39m [campaigns[33m,[39m setCampaigns] [33m=[39m useState[33m<[39m[33mCampaign[39m[][33m>[39m([])
     [90m 29 |[39m   [36mconst[39m [towns[33m,[39m setTowns] [33m=[39m useState[33m<[39m[33mTown[39m[][33m>[39m([])
     [90m 30 |[39m   [36mconst[39m [shops[33m,[39m setShops] [33m=[39m useState[33m<[39m[33mShop[39m[][33m>[39m([])[0m

      at NavigationDropdowns (components/shared/navigation-dropdowns.tsx:27:39)
      at renderWithHooks (node_modules/react-dom/cjs/react-dom.development.js:15486:18)
      at mountIndeterminateComponent (node_modules/react-dom/cjs/react-dom.development.js:20103:13)
      at beginWork (node_modules/react-dom/cjs/react-dom.development.js:21626:16)
      at beginWork$1 (node_modules/react-dom/cjs/react-dom.development.js:27465:14)
      at performUnitOfWork (node_modules/react-dom/cjs/react-dom.development.js:26599:12)
      at workLoopSync (node_modules/react-dom/cjs/react-dom.development.js:26505:5)
      at renderRootSync (node_modules/react-dom/cjs/react-dom.development.js:26473:7)
      at recoverFromConcurrentError (node_modules/react-dom/cjs/react-dom.development.js:25889:20)
      at performConcurrentWorkOnRoot (node_modules/react-dom/cjs/react-dom.development.js:25789:22)
      at flushActQueue (node_modules/react/cjs/react.development.js:2667:24)
      at act (node_modules/react/cjs/react.development.js:2582:11)
      at node_modules/@testing-library/react/dist/act-compat.js:46:25
      at renderRoot (node_modules/@testing-library/react/dist/pure.js:189:26)
      at render (node_modules/@testing-library/react/dist/pure.js:291:10)
      at Object.<anonymous> (__tests__/components/navigation-dropdowns.test.tsx:314:13)

  ΓùÅ NavigationDropdowns ΓÇ║ Data Loading ΓÇ║ should load towns when campaign is selected

    TypeError: (0 , _navigation.useSearchParams) is not a function

    [0m [90m 25 |[39m   [36mconst[39m router [33m=[39m useRouter()
     [90m 26 |[39m   [36mconst[39m pathname [33m=[39m usePathname()
    [31m[1m>[22m[39m[90m 27 |[39m   [36mconst[39m searchParams [33m=[39m useSearchParams()
     [90m    |[39m                                       [31m[1m^[22m[39m
     [90m 28 |[39m   [36mconst[39m [campaigns[33m,[39m setCampaigns] [33m=[39m useState[33m<[39m[33mCampaign[39m[][33m>[39m([])
     [90m 29 |[39m   [36mconst[39m [towns[33m,[39m setTowns] [33m=[39m useState[33m<[39m[33mTown[39m[][33m>[39m([])
     [90m 30 |[39m   [36mconst[39m [shops[33m,[39m setShops] [33m=[39m useState[33m<[39m[33mShop[39m[][33m>[39m([])[0m

      at NavigationDropdowns (components/shared/navigation-dropdowns.tsx:27:39)
      at renderWithHooks (node_modules/react-dom/cjs/react-dom.development.js:15486:18)
      at mountIndeterminateComponent (node_modules/react-dom/cjs/react-dom.development.js:20103:13)
      at beginWork (node_modules/react-dom/cjs/react-dom.development.js:21626:16)
      at beginWork$1 (node_modules/react-dom/cjs/react-dom.development.js:27465:14)
      at performUnitOfWork (node_modules/react-dom/cjs/react-dom.development.js:26599:12)
      at workLoopSync (node_modules/react-dom/cjs/react-dom.development.js:26505:5)
      at renderRootSync (node_modules/react-dom/cjs/react-dom.development.js:26473:7)
      at recoverFromConcurrentError (node_modules/react-dom/cjs/react-dom.development.js:25889:20)
      at performConcurrentWorkOnRoot (node_modules/react-dom/cjs/react-dom.development.js:25789:22)
      at flushActQueue (node_modules/react/cjs/react.development.js:2667:24)
      at act (node_modules/react/cjs/react.development.js:2582:11)
      at node_modules/@testing-library/react/dist/act-compat.js:46:25
      at renderRoot (node_modules/@testing-library/react/dist/pure.js:189:26)
      at render (node_modules/@testing-library/react/dist/pure.js:291:10)
      at Object.<anonymous> (__tests__/components/navigation-dropdowns.test.tsx:373:13)

  ΓùÅ NavigationDropdowns ΓÇ║ Data Loading ΓÇ║ should load shops for selected campaign

    TypeError: (0 , _navigation.useSearchParams) is not a function

    [0m [90m 25 |[39m   [36mconst[39m router [33m=[39m useRouter()
     [90m 26 |[39m   [36mconst[39m pathname [33m=[39m usePathname()
    [31m[1m>[22m[39m[90m 27 |[39m   [36mconst[39m searchParams [33m=[39m useSearchParams()
     [90m    |[39m                                       [31m[1m^[22m[39m
     [90m 28 |[39m   [36mconst[39m [campaigns[33m,[39m setCampaigns] [33m=[39m useState[33m<[39m[33mCampaign[39m[][33m>[39m([])
     [90m 29 |[39m   [36mconst[39m [towns[33m,[39m setTowns] [33m=[39m useState[33m<[39m[33mTown[39m[][33m>[39m([])
     [90m 30 |[39m   [36mconst[39m [shops[33m,[39m setShops] [33m=[39m useState[33m<[39m[33mShop[39m[][33m>[39m([])[0m

      at NavigationDropdowns (components/shared/navigation-dropdowns.tsx:27:39)
      at renderWithHooks (node_modules/react-dom/cjs/react-dom.development.js:15486:18)
      at mountIndeterminateComponent (node_modules/react-dom/cjs/react-dom.development.js:20103:13)
      at beginWork (node_modules/react-dom/cjs/react-dom.development.js:21626:16)
      at beginWork$1 (node_modules/react-dom/cjs/react-dom.development.js:27465:14)
      at performUnitOfWork (node_modules/react-dom/cjs/react-dom.development.js:26599:12)
      at workLoopSync (node_modules/react-dom/cjs/react-dom.development.js:26505:5)
      at renderRootSync (node_modules/react-dom/cjs/react-dom.development.js:26473:7)
      at recoverFromConcurrentError (node_modules/react-dom/cjs/react-dom.development.js:25889:20)
      at performConcurrentWorkOnRoot (node_modules/react-dom/cjs/react-dom.development.js:25789:22)
      at flushActQueue (node_modules/react/cjs/react.development.js:2667:24)
      at act (node_modules/react/cjs/react.development.js:2582:11)
      at node_modules/@testing-library/react/dist/act-compat.js:46:25
      at renderRoot (node_modules/@testing-library/react/dist/pure.js:189:26)
      at render (node_modules/@testing-library/react/dist/pure.js:291:10)
      at Object.<anonymous> (__tests__/components/navigation-dropdowns.test.tsx:411:13)

FAIL __tests__/components/ai-campaign-generator-progress.test.tsx
  ΓùÅ AICampaignGenerator Progress Display ΓÇ║ Progress Bar ΓÇ║ should display percentage correctly

    ReferenceError: TextEncoder is not defined

    [0m [90m 42 |[39m           [33m.[39mmockResolvedValueOnce({
     [90m 43 |[39m             done[33m:[39m [36mfalse[39m[33m,[39m
    [31m[1m>[22m[39m[90m 44 |[39m             value[33m:[39m [36mnew[39m [33mTextEncoder[39m()[33m.[39mencode([32m'event: connected\ndata: 
{"message":"Started"}\n\n'[39m)[33m,[39m
     [90m    |[39m                        [31m[1m^[22m[39m
     [90m 45 |[39m           })
     [90m 46 |[39m           [33m.[39mmockResolvedValueOnce({
     [90m 47 |[39m             done[33m:[39m [36mfalse[39m[33m,[39m[0m

      at Object.TextEncoder (__tests__/components/ai-campaign-generator-progress.test.tsx:44:24)

  ΓùÅ AICampaignGenerator Progress Display ΓÇ║ Progress Bar ΓÇ║ should reach 100% at completion

    ReferenceError: TextEncoder is not defined

    [0m [90m 87 |[39m           [33m.[39mmockResolvedValueOnce({
     [90m 88 |[39m             done[33m:[39m [36mfalse[39m[33m,[39m
    [31m[1m>[22m[39m[90m 89 |[39m             value[33m:[39m [36mnew[39m [33mTextEncoder[39m()[33m.[39mencode([32m'event: connected\ndata: {}\n\n'[39m)[33m,[39m
     [90m    |[39m                        [31m[1m^[22m[39m
     [90m 90 |[39m           })
     [90m 91 |[39m           [33m.[39mmockResolvedValueOnce({
     [90m 92 |[39m             done[33m:[39m [36mfalse[39m[33m,[39m[0m

      at Object.TextEncoder (__tests__/components/ai-campaign-generator-progress.test.tsx:89:24)

  ΓùÅ AICampaignGenerator Progress Display ΓÇ║ Progress Bar ΓÇ║ should never show more than 100%

    ReferenceError: TextEncoder is not defined

    [0m [90m 128 |[39m           [33m.[39mmockResolvedValueOnce({
     [90m 129 |[39m             done[33m:[39m [36mfalse[39m[33m,[39m
    [31m[1m>[22m[39m[90m 130 |[39m             value[33m:[39m [36mnew[39m [33mTextEncoder[39m()[33m.[39mencode([32m'event: progress\ndata: 
{"current":150,"total":100}\n\n'[39m)[33m,[39m
     [90m     |[39m                        [31m[1m^[22m[39m
     [90m 131 |[39m           })
     [90m 132 |[39m           [33m.[39mmockResolvedValueOnce({
     [90m 133 |[39m             done[33m:[39m [36mtrue[39m[33m,[39m[0m

      at Object.TextEncoder (__tests__/components/ai-campaign-generator-progress.test.tsx:130:24)

  ΓùÅ AICampaignGenerator Progress Display ΓÇ║ Town Indicator ΓÇ║ should show town names as they are created

    ReferenceError: TextEncoder is not defined

    [0m [90m 171 |[39m           [33m.[39mmockResolvedValueOnce({
     [90m 172 |[39m             done[33m:[39m [36mfalse[39m[33m,[39m
    [31m[1m>[22m[39m[90m 173 |[39m             value[33m:[39m [36mnew[39m [33mTextEncoder[39m()[33m.[39mencode([32m'event: connected\ndata: {}\n\n'[39m)[33m,[39m
     [90m     |[39m                        [31m[1m^[22m[39m
     [90m 174 |[39m           })
     [90m 175 |[39m           [33m.[39mmockResolvedValueOnce({
     [90m 176 |[39m             done[33m:[39m [36mfalse[39m[33m,[39m[0m

      at Object.TextEncoder (__tests__/components/ai-campaign-generator-progress.test.tsx:173:24)

  ΓùÅ AICampaignGenerator Progress Display ΓÇ║ Town Indicator ΓÇ║ should display town count

    ReferenceError: TextEncoder is not defined

    [0m [90m 216 |[39m           [33m.[39mmockResolvedValueOnce({
     [90m 217 |[39m             done[33m:[39m [36mfalse[39m[33m,[39m
    [31m[1m>[22m[39m[90m 218 |[39m             value[33m:[39m [36mnew[39m [33mTextEncoder[39m()[33m.[39mencode([32m'event: connected\ndata: {}\n\n'[39m)[33m,[39m
     [90m     |[39m                        [31m[1m^[22m[39m
     [90m 219 |[39m           })
     [90m 220 |[39m           [33m.[39mmockResolvedValueOnce({
     [90m 221 |[39m             done[33m:[39m [36mfalse[39m[33m,[39m[0m

      at Object.TextEncoder (__tests__/components/ai-campaign-generator-progress.test.tsx:218:24)

  ΓùÅ AICampaignGenerator Progress Display ΓÇ║ Town Indicator ΓÇ║ should show latest 2 towns when more than 2 exist

    ReferenceError: TextEncoder is not defined

    [0m [90m 261 |[39m           [33m.[39mmockResolvedValueOnce({
     [90m 262 |[39m             done[33m:[39m [36mfalse[39m[33m,[39m
    [31m[1m>[22m[39m[90m 263 |[39m             value[33m:[39m [36mnew[39m [33mTextEncoder[39m()[33m.[39mencode([32m'event: connected\ndata: {}\n\n'[39m)[33m,[39m
     [90m     |[39m                        [31m[1m^[22m[39m
     [90m 264 |[39m           })
     [90m 265 |[39m           [33m.[39mmockResolvedValueOnce({
     [90m 266 |[39m             done[33m:[39m [36mfalse[39m[33m,[39m[0m

      at Object.TextEncoder (__tests__/components/ai-campaign-generator-progress.test.tsx:263:24)

  ΓùÅ AICampaignGenerator Progress Display ΓÇ║ Town Indicator ΓÇ║ should not show stars or bullets, only town names

    ReferenceError: TextEncoder is not defined

    [0m [90m 310 |[39m           [33m.[39mmockResolvedValueOnce({
     [90m 311 |[39m             done[33m:[39m [36mfalse[39m[33m,[39m
    [31m[1m>[22m[39m[90m 312 |[39m             value[33m:[39m [36mnew[39m [33mTextEncoder[39m()[33m.[39mencode([32m'event: connected\ndata: {}\n\n'[39m)[33m,[39m
     [90m     |[39m                        [31m[1m^[22m[39m
     [90m 313 |[39m           })
     [90m 314 |[39m           [33m.[39mmockResolvedValueOnce({
     [90m 315 |[39m             done[33m:[39m [36mfalse[39m[33m,[39m[0m

      at Object.TextEncoder (__tests__/components/ai-campaign-generator-progress.test.tsx:312:24)

  ΓùÅ AICampaignGenerator Progress Display ΓÇ║ Shop Indicator ΓÇ║ should show shop names as they are created

    ReferenceError: TextEncoder is not defined

    [0m [90m 354 |[39m           [33m.[39mmockResolvedValueOnce({
     [90m 355 |[39m             done[33m:[39m [36mfalse[39m[33m,[39m
    [31m[1m>[22m[39m[90m 356 |[39m             value[33m:[39m [36mnew[39m [33mTextEncoder[39m()[33m.[39mencode([32m'event: connected\ndata: {}\n\n'[39m)[33m,[39m
     [90m     |[39m                        [31m[1m^[22m[39m
     [90m 357 |[39m           })
     [90m 358 |[39m           [33m.[39mmockResolvedValueOnce({
     [90m 359 |[39m             done[33m:[39m [36mfalse[39m[33m,[39m[0m

      at Object.TextEncoder (__tests__/components/ai-campaign-generator-progress.test.tsx:356:24)

  ΓùÅ AICampaignGenerator Progress Display ΓÇ║ Campaign Indicator ΓÇ║ should show campaign name when created

    ReferenceError: TextEncoder is not defined

    [0m [90m 401 |[39m           [33m.[39mmockResolvedValueOnce({
     [90m 402 |[39m             done[33m:[39m [36mfalse[39m[33m,[39m
    [31m[1m>[22m[39m[90m 403 |[39m             value[33m:[39m [36mnew[39m [33mTextEncoder[39m()[33m.[39mencode([32m'event: connected\ndata: {}\n\n'[39m)[33m,[39m
     [90m     |[39m                        [31m[1m^[22m[39m
     [90m 404 |[39m           })
     [90m 405 |[39m           [33m.[39mmockResolvedValueOnce({
     [90m 406 |[39m             done[33m:[39m [36mfalse[39m[33m,[39m[0m

      at Object.TextEncoder (__tests__/components/ai-campaign-generator-progress.test.tsx:403:24)

  ΓùÅ AICampaignGenerator Progress Display ΓÇ║ Error Handling ΓÇ║ should display error message on failure

    ReferenceError: TextEncoder is not defined

    [0m [90m 440 |[39m           [33m.[39mmockResolvedValueOnce({
     [90m 441 |[39m             done[33m:[39m [36mfalse[39m[33m,[39m
    [31m[1m>[22m[39m[90m 442 |[39m             value[33m:[39m [36mnew[39m [33mTextEncoder[39m()[33m.[39mencode([32m'event: error\ndata: {"message":"Generation 
failed"}\n\n'[39m)[33m,[39m
     [90m     |[39m                        [31m[1m^[22m[39m
     [90m 443 |[39m           })
     [90m 444 |[39m           [33m.[39mmockResolvedValueOnce({
     [90m 445 |[39m             done[33m:[39m [36mtrue[39m[33m,[39m[0m

      at Object.TextEncoder (__tests__/components/ai-campaign-generator-progress.test.tsx:442:24)

FAIL __tests__/generation/progress-tracking.test.ts
  ΓùÅ Test suite failed to run

    Jest encountered an unexpected token

    Jest failed to parse a file. This happens e.g. when your code or its dependencies use non-standard JavaScript syntax, or when Jest is not configured to support such syntax.

    Out of the box Jest supports Babel, which will be used to transform your files into valid JS based on your Babel configuration.

    By default "node_modules" folder is ignored by transformers.

    Here's what you can do:
     ΓÇó If you are trying to use ECMAScript Modules, see https://jestjs.io/docs/ecmascript-modules for how to enable it.
     ΓÇó If you are trying to use TypeScript, see https://jestjs.io/docs/getting-started#using-typescript
     ΓÇó To have some of your "node_modules" files transformed, you can specify a custom "transformIgnorePatterns" in your config.
     ΓÇó If you need a custom transformation, specify a "transform" option in your config.
     ΓÇó If you simply want to mock your non-JS modules (e.g. binary assets) you can stub them out with the "moduleNameMapper" config option.

    You'll find more details and examples of these config options in the docs:
    https://jestjs.io/docs/configuration
    For information about custom transformations, see:
    https://jestjs.io/docs/code-transformation

    Details:

    C:\Users\cscol\OneDrive\Desktop\Projects\ShopKeeper\node_modules\@google\genai\dist\web\index.mjs:1
    import pRetry, { AbortError } from 'p-retry';
    ^^^^^^

    SyntaxError: Cannot use import statement outside a module

    [0m [90m 14 |[39m
     [90m 15 |[39m   constructor(apiKey[33m:[39m string[33m,[39m model[33m:[39m string [33m=[39m [32m'gemini-2.5-flash-lite'[39m) {
    [31m[1m>[22m[39m[90m 16 |[39m     [90m// New SDK uses environment variable by default, but we pass it explicitly[39m
     [90m    |[39m                [31m[1m^[22m[39m
     [90m 17 |[39m     [36mthis[39m[33m.[39mai [33m=[39m [36mnew[39m [33mGoogleGenAI[39m({ apiKey })
     [90m 18 |[39m     [36mthis[39m[33m.[39mmodelName [33m=[39m model
     [90m 19 |[39m   }[0m

      at Runtime.createScriptFromCode (node_modules/jest-runtime/build/index.js:1314:40)
      at Object.<anonymous> (lib/ai/gemini-client.ts:16:16)
      at Object.<anonymous> (lib/ai/index.ts:34:23)
      at Object.<anonymous> (lib/generation/orchestrator.ts:61:13)
      at Object.<anonymous> (__tests__/generation/progress-tracking.test.ts:113:23)

FAIL __tests__/security/rls-comprehensive.test.ts
  ΓùÅ Test suite failed to run

    supabaseUrl is required.

    [0m [90m 19 |[39m
     [90m 20 |[39m describeOrSkip([32m'RLS Security Audit'[39m[33m,[39m () [33m=>[39m {
    [31m[1m>[22m[39m[90m 21 |[39m   [36mconst[39m supabase [33m=[39m createClient(supabaseUrl[33m,[39m supabaseKey)
     [90m    |[39m                                [31m[1m^[22m[39m
     [90m 22 |[39m
     [90m 23 |[39m   beforeAll([36masync[39m () [33m=>[39m {
     [90m 24 |[39m     [90m// Verify we can connect[39m[0m

      at validateSupabaseUrl (node_modules/@supabase/supabase-js/src/lib/helpers.ts:86:11)
      at new SupabaseClient (node_modules/@supabase/supabase-js/src/SupabaseClient.ts:284:21)
      at createClient (node_modules/@supabase/supabase-js/src/index.ts:65:10)
      at __tests__/security/rls-comprehensive.test.ts:21:32
      at Object.describeOrSkip (__tests__/security/rls-comprehensive.test.ts:20:1)

PASS __tests__/security/env-vars.test.ts
PASS __tests__/architecture/file-structure.test.ts
PASS __tests__/version-timestamp.test.ts
PASS __tests__/architecture/server-action-closure.test.ts
  ΓùÅ Console

    console.log
      Found 25 page files to check

      at Object.log (__tests__/architecture/server-action-closure.test.ts:91:13)

PASS __tests__/admin/integration.test.ts
PASS __tests__/components/notable-people-creation.test.ts

Test Suites: 7 failed, 2 skipped, 6 passed, 13 of 15 total
Tests:       51 failed, 57 skipped, 73 passed, 181 total
Snapshots:   0 total
Time:        4.66 s
Ran all test suites.
